main.c:82:5:main	16	static
main.c:137:6:SystemClock_Config	88	static
main.c:178:13:MX_ADC1_Init	24	static
main.c:229:13:MX_CAN_Init	8	static
main.c:252:13:MX_I2C2_Init	8	static
main.c:284:13:MX_DMA_Init	16	static
main.c:299:13:MX_GPIO_Init	40	static
main.c:362:6:EXTI15_10_IRQHandler	16	static,ignoring_inline_asm
main.c:371:6:CAN_Filter_Config	48	static
main.c:389:6:Bat_taskF	56	static
main.c:420:6:Fuel_taskF	56	static
main.c:449:6:Speed_taskF	64	static
main.c:478:6:RPM_taskF	64	static
main.c:511:6:Temp_taskF	80	static
main.c:557:6:OD_taskF	48	static
main.c:601:6:HAL_TIM_PeriodElapsedCallback	16	static
main.c:617:6:Error_Handler	4	static
