main.c:79:5:main	16	static
main.c:132:6:SystemClock_Config	88	static
main.c:173:13:MX_ADC1_Init	24	static
main.c:224:13:MX_CAN_Init	8	static
main.c:245:13:MX_DMA_Init	16	static
main.c:260:13:MX_GPIO_Init	40	static
main.c:323:6:EXTI15_10_IRQHandler	16	static,ignoring_inline_asm
main.c:332:6:CAN_Filter_Config	48	static
main.c:350:6:Bat_taskF	48	static
main.c:378:6:Fuel_taskF	48	static
main.c:403:6:Speed_taskF	48	static
main.c:428:6:RPM_taskF	48	static
main.c:457:6:Temp_taskF	72	static
main.c:500:6:OD_taskF	48	static
main.c:544:6:HAL_TIM_PeriodElapsedCallback	16	static
main.c:560:6:Error_Handler	4	static
