main.c:84:5:main	8	static
main.c:134:6:SystemClock_Config	72	static
main.c:173:13:MX_CRC_Init	8	static
main.c:199:13:MX_USART3_UART_Init	8	static
main.c:232:13:MX_GPIO_Init	40	static
main.c:251:6:printmsg	4	static
main.c:262:6:bootloader_uart_read_data	16	static
main.c:319:6:bootloader_jump_to_user_app	40	static,ignoring_inline_asm
main.c:373:6:bootloader_handle_getver_cmd	32	static
main.c:408:6:bootloader_handle_gethelp_cmd	24	static
main.c:433:6:bootloader_handle_getcid_cmd	32	static
main.c:462:6:bootloader_handle_getrdp_cmd	32	static
main.c:491:6:bootloader_handle_go_cmd	40	static
main.c:553:6:bootloader_handle_flash_erase_cmd	32	static
main.c:586:6:bootloader_handle_mem_write_cmd	40	static
main.c:650:6:bootloader_handle_en_rw_protect	32	static
main.c:683:6:bootloader_handle_dis_rw_protect	32	static
main.c:715:6:bootloader_handle_mem_read	16	static
main.c:722:6:bootloader_handle_read_sector_protection_status	32	static
main.c:750:6:bootloader_handle_read_otp	16	static
main.c:757:6:bootloader_send_ack	24	static
main.c:768:6:bootloader_send_nack	16	static
main.c:775:9:bootloader_verify_crc	40	static
main.c:797:6:bootloader_uart_write_data	16	static
main.c:806:9:get_bootloader_version	4	static
main.c:812:10:get_mcu_chip_id	16	static
main.c:824:9:get_flash_rdp_level	16	static
main.c:843:9:verify_address	16	static
main.c:867:10:execute_flash_erase	40	static
main.c:916:9:execute_mem_write	48	static
main.c:945:9:configure_flash_sector_rw_protection	24	static
main.c:1041:10:read_OB_rw_protection_status	40	static
main.c:1063:6:Error_Handler	4	static,ignoring_inline_asm
