main.c:86:6:HAL_UART_RxCpltCallback	24	static,ignoring_inline_asm
main.c:99:5:main	16	static
main.c:154:6:SystemClock_Config	88	static
main.c:195:13:MX_ADC1_Init	24	static
main.c:225:13:MX_CAN_Init	8	static
main.c:248:13:MX_I2C1_Init	8	static
main.c:268:13:MX_USART1_UART_Init	8	static
main.c:287:13:MX_USART2_UART_Init	8	static
main.c:304:13:MX_DMA_Init	16	static
main.c:322:13:MX_GPIO_Init	40	static
main.c:340:6:CAN_Filter_Config	48	static
main.c:358:6:GPS_taskF	48	static
main.c:392:6:Gear_Brake_taskF	48	static
main.c:420:6:Gas_taskF	48	static
main.c:447:6:Logger_taskF	24	static
main.c:475:6:Telemetry_taskF	48	static
main.c:489:6:HAL_CAN_RxFifo0MsgPendingCallback	56	static
main.c:551:6:HAL_TIM_PeriodElapsedCallback	16	static
main.c:567:6:Error_Handler	4	static
