main.c:114:6:HAL_UART_RxCpltCallback	24	static
main.c:132:5:main	16	static
main.c:191:6:SystemClock_Config	88	static
main.c:232:13:MX_ADC1_Init	24	static
main.c:262:13:MX_CAN_Init	8	static
main.c:285:13:MX_I2C1_Init	8	static
main.c:305:13:MX_USART1_UART_Init	8	static
main.c:324:13:MX_USART2_UART_Init	8	static
main.c:341:13:MX_DMA_Init	16	static
main.c:359:13:MX_GPIO_Init	40	static
main.c:389:6:CAN_Filter_Config	48	static
main.c:407:6:Start_taskF	24	static
main.c:430:6:GPS_taskF	88	static
main.c:477:6:Gear_Brake_taskF	56	static
main.c:506:6:Gas_taskF	56	static
main.c:533:6:Logger_taskF	32	static
main.c:564:6:Telemetry_taskF	32	static
main.c:579:6:HAL_CAN_RxFifo0MsgPendingCallback	56	static
main.c:643:6:HAL_TIM_PeriodElapsedCallback	16	static
main.c:659:6:Error_Handler	4	static
