stm32f1xx_it.c:77:6:NMI_Handler	4	static
stm32f1xx_it.c:90:6:HardFault_Handler	4	static
stm32f1xx_it.c:105:6:MemManage_Handler	4	static
stm32f1xx_it.c:120:6:BusFault_Handler	4	static
stm32f1xx_it.c:135:6:UsageFault_Handler	4	static
stm32f1xx_it.c:150:6:DebugMon_Handler	4	static
stm32f1xx_it.c:170:6:DMA1_Channel1_IRQHandler	8	static
stm32f1xx_it.c:184:6:DMA1_Channel6_IRQHandler	8	static
stm32f1xx_it.c:198:6:TIM4_IRQHandler	8	static
stm32f1xx_it.c:212:6:USART2_IRQHandler	8	static
stm32f1xx_it.c:224:6:USB_HP_CAN1_TX_IRQHandler	8	static
stm32f1xx_it.c:227:6:USB_LP_CAN1_RX0_IRQHandler	8	static
stm32f1xx_it.c:230:6:CAN1_RX1_IRQHandler	8	static
stm32f1xx_it.c:233:6:CAN1_SCE_IRQHandler	8	static
