stm32f1xx_hal_flash.c:168:19:HAL_FLASH_Program	48	static
stm32f1xx_hal_flash.c:263:19:HAL_FLASH_Program_IT	40	static
stm32f1xx_hal_flash.c:323:6:HAL_FLASH_IRQHandler	24	static
stm32f1xx_hal_flash.c:580:13:HAL_FLASH_EndOfOperationCallback	16	static
stm32f1xx_hal_flash.c:597:13:HAL_FLASH_OperationErrorCallback	16	static
stm32f1xx_hal_flash.c:629:19:HAL_FLASH_Unlock	16	static
stm32f1xx_hal_flash.c:664:19:HAL_FLASH_Lock	4	static
stm32f1xx_hal_flash.c:680:19:HAL_FLASH_OB_Unlock	4	static
stm32f1xx_hal_flash.c:696:19:HAL_FLASH_OB_Lock	4	static
stm32f1xx_hal_flash.c:708:6:HAL_FLASH_OB_Launch	8	static
stm32f1xx_hal_flash.c:736:10:HAL_FLASH_GetError	4	static
stm32f1xx_hal_flash.c:758:13:FLASH_Program_HalfWord	16	static
stm32f1xx_hal_flash.c:786:19:FLASH_WaitForLastOperation	24	static
stm32f1xx_hal_flash.c:868:13:FLASH_SetErrorCode	16	static
