main.c:84:5:main	8	static
main.c:135:6:SystemClock_Config	72	static
main.c:174:13:MX_CRC_Init	8	static
main.c:200:13:MX_USART3_UART_Init	8	static
main.c:233:13:MX_GPIO_Init	40	static
main.c:252:6:printmsg	4	static
main.c:263:6:bootloader_uart_read_data	16	static
main.c:321:6:bootloader_jump_to_user_app	40	static,ignoring_inline_asm
main.c:375:6:bootloader_handle_getver_cmd	32	static
main.c:410:6:bootloader_handle_gethelp_cmd	24	static
main.c:435:6:bootloader_handle_getcid_cmd	32	static
main.c:464:6:bootloader_handle_getrdp_cmd	32	static
main.c:493:6:bootloader_handle_go_cmd	40	static
main.c:555:6:bootloader_handle_flash_erase_cmd	32	static
main.c:588:6:bootloader_handle_mem_write_cmd	40	static
main.c:652:6:bootloader_handle_en_rw_protect	32	static
main.c:685:6:bootloader_handle_dis_rw_protect	32	static
main.c:717:6:bootloader_handle_mem_read	16	static
main.c:724:6:bootloader_handle_read_sector_protection_status	32	static
main.c:752:6:bootloader_handle_read_otp	16	static
main.c:759:6:bootloader_send_ack	24	static
main.c:770:6:bootloader_send_nack	16	static
main.c:777:9:bootloader_verify_crc	40	static
main.c:799:6:bootloader_uart_write_data	16	static
main.c:808:9:get_bootloader_version	4	static
main.c:814:10:get_mcu_chip_id	16	static
main.c:826:9:get_flash_rdp_level	16	static
main.c:845:9:verify_address	16	static
main.c:869:10:execute_flash_erase	40	static
main.c:918:9:execute_mem_write	48	static
main.c:947:9:configure_flash_sector_rw_protection	24	static
main.c:1043:10:read_OB_rw_protection_status	40	static
main.c:1067:6:Error_Handler	4	static,ignoring_inline_asm
