Archive member included to satisfy reference by file (symbol)

c:/st/stm32cubeide_1.5.0/stm32cubeide/plugins/com.st.stm32cube.ide.mcu.externaltools.gnu-tools-for-stm32.7-2018-q2-update.win32_1.5.0.202011040924/tools/bin/../lib/gcc/arm-none-eabi/7.3.1/../../../../arm-none-eabi/lib/thumb/v7-m\libc_nano.a(lib_a-errno.o)
                              Core/Src/syscalls.o (__errno)
c:/st/stm32cubeide_1.5.0/stm32cubeide/plugins/com.st.stm32cube.ide.mcu.externaltools.gnu-tools-for-stm32.7-2018-q2-update.win32_1.5.0.202011040924/tools/bin/../lib/gcc/arm-none-eabi/7.3.1/../../../../arm-none-eabi/lib/thumb/v7-m\libc_nano.a(lib_a-exit.o)
                              c:/st/stm32cubeide_1.5.0/stm32cubeide/plugins/com.st.stm32cube.ide.mcu.externaltools.gnu-tools-for-stm32.7-2018-q2-update.win32_1.5.0.202011040924/tools/bin/../lib/gcc/arm-none-eabi/7.3.1/../../../../arm-none-eabi/lib/thumb/v7-m/crt0.o (exit)
c:/st/stm32cubeide_1.5.0/stm32cubeide/plugins/com.st.stm32cube.ide.mcu.externaltools.gnu-tools-for-stm32.7-2018-q2-update.win32_1.5.0.202011040924/tools/bin/../lib/gcc/arm-none-eabi/7.3.1/../../../../arm-none-eabi/lib/thumb/v7-m\libc_nano.a(lib_a-impure.o)
                              c:/st/stm32cubeide_1.5.0/stm32cubeide/plugins/com.st.stm32cube.ide.mcu.externaltools.gnu-tools-for-stm32.7-2018-q2-update.win32_1.5.0.202011040924/tools/bin/../lib/gcc/arm-none-eabi/7.3.1/../../../../arm-none-eabi/lib/thumb/v7-m\libc_nano.a(lib_a-exit.o) (_global_impure_ptr)
c:/st/stm32cubeide_1.5.0/stm32cubeide/plugins/com.st.stm32cube.ide.mcu.externaltools.gnu-tools-for-stm32.7-2018-q2-update.win32_1.5.0.202011040924/tools/bin/../lib/gcc/arm-none-eabi/7.3.1/../../../../arm-none-eabi/lib/thumb/v7-m\libc_nano.a(lib_a-init.o)
                              c:/st/stm32cubeide_1.5.0/stm32cubeide/plugins/com.st.stm32cube.ide.mcu.externaltools.gnu-tools-for-stm32.7-2018-q2-update.win32_1.5.0.202011040924/tools/bin/../lib/gcc/arm-none-eabi/7.3.1/../../../../arm-none-eabi/lib/thumb/v7-m/crt0.o (__libc_init_array)
c:/st/stm32cubeide_1.5.0/stm32cubeide/plugins/com.st.stm32cube.ide.mcu.externaltools.gnu-tools-for-stm32.7-2018-q2-update.win32_1.5.0.202011040924/tools/bin/../lib/gcc/arm-none-eabi/7.3.1/../../../../arm-none-eabi/lib/thumb/v7-m\libc_nano.a(lib_a-memcmp.o)
                              Middlewares/Third_Party/SEGGER/OS/SEGGER_SYSVIEW_FreeRTOS.o (memcmp)
c:/st/stm32cubeide_1.5.0/stm32cubeide/plugins/com.st.stm32cube.ide.mcu.externaltools.gnu-tools-for-stm32.7-2018-q2-update.win32_1.5.0.202011040924/tools/bin/../lib/gcc/arm-none-eabi/7.3.1/../../../../arm-none-eabi/lib/thumb/v7-m\libc_nano.a(lib_a-memcpy-stub.o)
                              Middlewares/Third_Party/FreeRTOS/Source/queue.o (memcpy)
c:/st/stm32cubeide_1.5.0/stm32cubeide/plugins/com.st.stm32cube.ide.mcu.externaltools.gnu-tools-for-stm32.7-2018-q2-update.win32_1.5.0.202011040924/tools/bin/../lib/gcc/arm-none-eabi/7.3.1/../../../../arm-none-eabi/lib/thumb/v7-m\libc_nano.a(lib_a-memset.o)
                              c:/st/stm32cubeide_1.5.0/stm32cubeide/plugins/com.st.stm32cube.ide.mcu.externaltools.gnu-tools-for-stm32.7-2018-q2-update.win32_1.5.0.202011040924/tools/bin/../lib/gcc/arm-none-eabi/7.3.1/../../../../arm-none-eabi/lib/thumb/v7-m/crt0.o (memset)
c:/st/stm32cubeide_1.5.0/stm32cubeide/plugins/com.st.stm32cube.ide.mcu.externaltools.gnu-tools-for-stm32.7-2018-q2-update.win32_1.5.0.202011040924/tools/bin/../lib/gcc/arm-none-eabi/7.3.1/../../../../arm-none-eabi/lib/thumb/v7-m\libc_nano.a(lib_a-strlen.o)
                              Core/Src/FlASH_PAGE_F1.o (strlen)
c:/st/stm32cubeide_1.5.0/stm32cubeide/plugins/com.st.stm32cube.ide.mcu.externaltools.gnu-tools-for-stm32.7-2018-q2-update.win32_1.5.0.202011040924/tools/bin/../lib/gcc/arm-none-eabi/7.3.1/thumb/v7-m\libgcc.a(_arm_addsubdf3.o)
                              Core/Src/main.o (__aeabi_dadd)
c:/st/stm32cubeide_1.5.0/stm32cubeide/plugins/com.st.stm32cube.ide.mcu.externaltools.gnu-tools-for-stm32.7-2018-q2-update.win32_1.5.0.202011040924/tools/bin/../lib/gcc/arm-none-eabi/7.3.1/thumb/v7-m\libgcc.a(_arm_muldivdf3.o)
                              Core/Src/main.o (__aeabi_dmul)
c:/st/stm32cubeide_1.5.0/stm32cubeide/plugins/com.st.stm32cube.ide.mcu.externaltools.gnu-tools-for-stm32.7-2018-q2-update.win32_1.5.0.202011040924/tools/bin/../lib/gcc/arm-none-eabi/7.3.1/thumb/v7-m\libgcc.a(_arm_truncdfsf2.o)
                              Core/Src/main.o (__aeabi_d2f)
c:/st/stm32cubeide_1.5.0/stm32cubeide/plugins/com.st.stm32cube.ide.mcu.externaltools.gnu-tools-for-stm32.7-2018-q2-update.win32_1.5.0.202011040924/tools/bin/../lib/gcc/arm-none-eabi/7.3.1/thumb/v7-m\libgcc.a(_arm_addsubsf3.o)
                              Core/Src/main.o (__aeabi_ui2f)
c:/st/stm32cubeide_1.5.0/stm32cubeide/plugins/com.st.stm32cube.ide.mcu.externaltools.gnu-tools-for-stm32.7-2018-q2-update.win32_1.5.0.202011040924/tools/bin/../lib/gcc/arm-none-eabi/7.3.1/thumb/v7-m\libgcc.a(_arm_fixunssfsi.o)
[...]
Memory Configuration

Name             Origin             Length             Attributes
RAM              0x0000000020000000 0x0000000000005000 xrw
FLASH            0x0000000008000000 0x0000000000018000 xr
*default*        0x0000000000000000 0xffffffffffffffff

Linker script and memory map

LOAD c:/st/stm32cubeide_1.5.0/stm32cubeide/plugins/com.st.stm32cube.ide.mcu.externaltools.gnu-tools-for-stm32.7-2018-q2-update.win32_1.5.0.202011040924/tools/bin/../lib/gcc/arm-none-eabi/7.3.1/thumb/v7-m/crti.o
LOAD c:/st/stm32cubeide_1.5.0/stm32cubeide/plugins/com.st.stm32cube.ide.mcu.externaltools.gnu-tools-for-stm32.7-2018-q2-update.win32_1.5.0.202011040924/tools/bin/../lib/gcc/arm-none-eabi/7.3.1/thumb/v7-m/crtbegin.o
LOAD c:/st/stm32cubeide_1.5.0/stm32cubeide/plugins/com.st.stm32cube.ide.mcu.externaltools.gnu-tools-for-stm32.7-2018-q2-update.win32_1.5.0.202011040924/tools/bin/../lib/gcc/arm-none-eabi/7.3.1/../../../../arm-none-eabi/lib/thumb/v7-m/crt0.o
LOAD Core/Src/FlASH_PAGE_F1.o
LOAD Core/Src/freertos.o
LOAD Core/Src/main.o
LOAD Core/Src/stm32f1xx_hal_msp.o
LOAD Core/Src/stm32f1xx_hal_timebase_tim.o
LOAD Core/Src/stm32f1xx_it.o
LOAD Core/Src/syscalls.o
LOAD Core/Src/sysmem.o
LOAD Core/Src/system_stm32f1xx.o
LOAD Drivers/STM32F1xx_HAL_Driver/Src/stm32f1xx_hal.o
LOAD Drivers/STM32F1xx_HAL_Driver/Src/stm32f1xx_hal_adc.o
LOAD Drivers/STM32F1xx_HAL_Driver/Src/stm32f1xx_hal_adc_ex.o
LOAD Drivers/STM32F1xx_HAL_Driver/Src/stm32f1xx_hal_can.o
LOAD Drivers/STM32F1xx_HAL_Driver/Src/stm32f1xx_hal_cortex.o
LOAD Drivers/STM32F1xx_HAL_Driver/Src/stm32f1xx_hal_dma.o
LOAD Drivers/STM32F1xx_HAL_Driver/Src/stm32f1xx_hal_exti.o
LOAD Drivers/STM32F1xx_HAL_Driver/Src/stm32f1xx_hal_flash.o
LOAD Drivers/STM32F1xx_HAL_Driver/Src/stm32f1xx_hal_flash_ex.o
LOAD Drivers/STM32F1xx_HAL_Driver/Src/stm32f1xx_hal_gpio.o
LOAD Drivers/STM32F1xx_HAL_Driver/Src/stm32f1xx_hal_gpio_ex.o
LOAD Drivers/STM32F1xx_HAL_Driver/Src/stm32f1xx_hal_i2c.o
LOAD Drivers/STM32F1xx_HAL_Driver/Src/stm32f1xx_hal_pwr.o
LOAD Drivers/STM32F1xx_HAL_Driver/Src/stm32f1xx_hal_rcc.o
LOAD Drivers/STM32F1xx_HAL_Driver/Src/stm32f1xx_hal_rcc_ex.o
LOAD Drivers/STM32F1xx_HAL_Driver/Src/stm32f1xx_hal_tim.o
LOAD Drivers/STM32F1xx_HAL_Driver/Src/stm32f1xx_hal_tim_ex.o
LOAD Drivers/Startup/startup_stm32f103c8tx.o
LOAD Middlewares/Third_Party/FreeRTOS/Source/CMSIS_RTOS/cmsis_os.o
LOAD Middlewares/Third_Party/FreeRTOS/Source/croutine.o
LOAD Middlewares/Third_Party/FreeRTOS/Source/event_groups.o
LOAD Middlewares/Third_Party/FreeRTOS/Source/list.o
LOAD Middlewares/Third_Party/FreeRTOS/Source/queue.o
LOAD Middlewares/Third_Party/FreeRTOS/Source/stream_buffer.o
LOAD Middlewares/Third_Party/FreeRTOS/Source/tasks.o
LOAD Middlewares/Third_Party/FreeRTOS/Source/timers.o
LOAD Middlewares/Third_Party/FreeRTOS/Source/portable/GCC/ARM_CM3/port.o
LOAD Middlewares/Third_Party/FreeRTOS/Source/portable/MemMang/heap_4.o
LOAD Middlewares/Third_Party/SEGGER/Config/SEGGER_SYSVIEW_Config_FreeRTOS.o
LOAD Middlewares/Third_Party/SEGGER/OS/SEGGER_SYSVIEW_FreeRTOS.o
LOAD Middlewares/Third_Party/SEGGER/Rec/segger_uart.o
LOAD Middlewares/Third_Party/SEGGER/SEGGER/SEGGER_RTT.o
LOAD Middlewares/Third_Party/SEGGER/SEGGER/SEGGER_RTT_ASM_ARMv7M.o
LOAD Middlewares/Third_Party/SEGGER/SEGGER/SEGGER_RTT_printf.o
LOAD Middlewares/Third_Party/SEGGER/SEGGER/SEGGER_SYSVIEW.o
LOAD Middlewares/Third_Party/SEGGER/SEGGER/Syscalls/SEGGER_RTT_Syscalls_GCC.o
START GROUP
LOAD c:/st/stm32cubeide_1.5.0/stm32cubeide/plugins/com.st.stm32cube.ide.mcu.externaltools.gnu-tools-for-stm32.7-2018-q2-update.win32_1.5.0.202011040924/tools/bin/../lib/gcc/arm-none-eabi/7.3.1/../../../../arm-none-eabi/lib/thumb/v7-m\libc_nano.a
LOAD c:/st/stm32cubeide_1.5.0/stm32cubeide/plugins/com.st.stm32cube.ide.mcu.externaltools.gnu-tools-for-stm32.7-2018-q2-update.win32_1.5.0.202011040924/tools/bin/../lib/gcc/arm-none-eabi/7.3.1/../../../../arm-none-eabi/lib/thumb/v7-m\libm.a
END GROUP
START GROUP
LOAD c:/st/stm32cubeide_1.5.0/stm32cubeide/plugins/com.st.stm32cube.ide.mcu.externaltools.gnu-tools-for-stm32.7-2018-q2-update.win32_1.5.0.202011040924/tools/bin/../lib/gcc/arm-none-eabi/7.3.1/thumb/v7-m\libgcc.a
LOAD c:/st/stm32cubeide_1.5.0/stm32cubeide/plugins/com.st.stm32cube.ide.mcu.externaltools.gnu-tools-for-stm32.7-2018-q2-update.win32_1.5.0.202011040924/tools/bin/../lib/gcc/arm-none-eabi/7.3.1/../../../../arm-none-eabi/lib/thumb/v7-m\libc_nano.a
END GROUP
START GROUP
LOAD c:/st/stm32cubeide_1.5.0/stm32cubeide/plugins/com.st.stm32cube.ide.mcu.externaltools.gnu-tools-for-stm32.7-2018-q2-update.win32_1.5.0.202011040924/tools/bin/../lib/gcc/arm-none-eabi/7.3.1/thumb/v7-m\libgcc.a
LOAD c:/st/stm32cubeide_1.5.0/stm32cubeide/plugins/com.st.stm32cube.ide.mcu.externaltools.gnu-tools-for-stm32.7-2018-q2-update.win32_1.5.0.202011040924/tools/bin/../lib/gcc/arm-none-eabi/7.3.1/../../../../arm-none-eabi/lib/thumb/v7-m\libc_nano.a
LOAD c:/st/stm32cubeide_1.5.0/stm32cubeide/plugins/com.st.stm32cube.ide.mcu.externaltools.gnu-tools-for-stm32.7-2018-q2-update.win32_1.5.0.202011040924/tools/bin/../lib/gcc/arm-none-eabi/7.3.1/../../../../arm-none-eabi/lib/thumb/v7-m\libnosys.a
END GROUP
START GROUP
LOAD c:/st/stm32cubeide_1.5.0/stm32cubeide/plugins/com.st.stm32cube.ide.mcu.externaltools.gnu-tools-for-stm32.7-2018-q2-update.win32_1.5.0.202011040924/tools/bin/../lib/gcc/arm-none-eabi/7.3.1/thumb/v7-m\libgcc.a
LOAD c:/st/stm32cubeide_1.5.0/stm32cubeide/plugins/com.st.stm32cube.ide.mcu.externaltools.gnu-tools-for-stm32.7-2018-q2-update.win32_1.5.0.202011040924/tools/bin/../lib/gcc/arm-none-eabi/7.3.1/../../../../arm-none-eabi/lib/thumb/v7-m\libc_nano.a
LOAD c:/st/stm32cubeide_1.5.0/stm32cubeide/plugins/com.st.stm32cube.ide.mcu.externaltools.gnu-tools-for-stm32.7-2018-q2-update.win32_1.5.0.202011040924/tools/bin/../lib/gcc/arm-none-eabi/7.3.1/../../../../arm-none-eabi/lib/thumb/v7-m\libnosys.a
END GROUP
LOAD c:/st/stm32cubeide_1.5.0/stm32cubeide/plugins/com.st.stm32cube.ide.mcu.externaltools.gnu-tools-for-stm32.7-2018-q2-update.win32_1.5.0.202011040924/tools/bin/../lib/gcc/arm-none-eabi/7.3.1/thumb/v7-m/crtend.o
LOAD c:/st/stm32cubeide_1.5.0/stm32cubeide/plugins/com.st.stm32cube.ide.mcu.externaltools.gnu-tools-for-stm32.7-2018-q2-update.win32_1.5.0.202011040924/tools/bin/../lib/gcc/arm-none-eabi/7.3.1/thumb/v7-m/crtn.o
                0x0000000020005000                _estack = (ORIGIN (RAM) + LENGTH (RAM))
                0x0000000000000200                _Min_Heap_Size = 0x200
                0x0000000000000400                _Min_Stack_Size = 0x400

.isr_vector     0x0000000008000000      0x10c
                0x0000000008000000                . = ALIGN (0x4)
 *(.isr_vector)
 .isr_vector    0x0000000008000000      0x10c Drivers/Startup/startup_stm32f103c8tx.o
                0x0000000008000000                g_pfnVectors
                0x000000000800010c                . = ALIGN (0x4)

.text           0x0000000008000110     0x7ecc
                0x0000000008000110                . = ALIGN (0x4)
 *(.text)
 .text          0x0000000008000110       0x40 c:/st/stm32cubeide_1.5.0/stm32cubeide/plugins/com.st.stm32cube.ide.mcu.externaltools.gnu-tools-for-stm32.7-2018-q2-update.win32_1.5.0.202011040924/tools/bin/../lib/gcc/arm-none-eabi/7.3.1/thumb/v7-m/crtbegin.o
 .text          0x0000000008000150       0x8c Middlewares/Third_Party/SEGGER/SEGGER/SEGGER_RTT_ASM_ARMv7M.o
                0x0000000008000150                SEGGER_RTT_ASM_WriteSkipNoLock
 .text          0x00000000080001dc      0x378 c:/st/stm32cubeide_1.5.0/stm32cubeide/plugins/com.st.stm32cube.ide.mcu.externaltools.gnu-tools-for-stm32.7-2018-q2-update.win32_1.5.0.202011040924/tools/bin/../lib/gcc/arm-none-eabi/7.3.1/thumb/v7-m\libgcc.a(_arm_addsubdf3.o)
                0x00000000080001dc                __aeabi_drsub
                0x00000000080001e4                __aeabi_dsub
                0x00000000080001e4                __subdf3
                0x00000000080001e8                __aeabi_dadd
                0x00000000080001e8                __adddf3
                0x0000000008000460                __floatunsidf
                0x0000000008000460                __aeabi_ui2d
                0x0000000008000480                __floatsidf
                0x0000000008000480                __aeabi_i2d
                0x00000000080004a4                __aeabi_f2d
                0x00000000080004a4                __extendsfdf2
                0x00000000080004e8                __floatundidf
                0x00000000080004e8                __aeabi_ul2d
                0x00000000080004f8                __floatdidf
                0x00000000080004f8                __aeabi_l2d
 .text          0x0000000008000554      0x424 c:/st/stm32cubeide_1.5.0/stm32cubeide/plugins/com.st.stm32cube.ide.mcu.externaltools.gnu-tools-for-stm32.7-2018-q2-update.win32_1.5.0.202011040924/tools/bin/../lib/gcc/arm-none-eabi/7.3.1/thumb/v7-m\libgcc.a(_arm_muldivdf3.o)
                0x0000000008000554                __aeabi_dmul
                0x0000000008000554                __muldf3
                0x00000000080007a8                __divdf3
                0x00000000080007a8                __aeabi_ddiv
 .text          0x0000000008000978       0xa0 c:/st/stm32cubeide_1.5.0/stm32cubeide/plugins/com.st.stm32cube.ide.mcu.externaltools.gnu-tools-for-stm32.7-2018-q2-update.win32_1.5.0.202011040924/tools/bin/../lib/gcc/arm-none-eabi/7.3.1/thumb/v7-m\libgcc.a(_arm_truncdfsf2.o)
                0x0000000008000978                __truncdfsf2
                0x0000000008000978                __aeabi_d2f
 .text          0x0000000008000a18      0x21c c:/st/stm32cubeide_1.5.0/stm32cubeide/plugins/com.st.stm32cube.ide.mcu.externaltools.gnu-tools-for-stm32.7-2018-q2-update.win32_1.5.0.202011040924/tools/bin/../lib/gcc/arm-none-eabi/7.3.1/thumb/v7-m\libgcc.a(_arm_addsubsf3.o)
                0x0000000008000a18                __aeabi_frsub
                0x0000000008000a20                __subsf3
                0x0000000008000a20                __aeabi_fsub
                0x0000000008000a24                __aeabi_fadd
                0x0000000008000a24                __addsf3
                0x0000000008000b84                __aeabi_ui2f
                0x0000000008000b84                __floatunsisf
                0x0000000008000b8c                __aeabi_i2f
                0x0000000008000b8c                __floatsisf
                0x0000000008000ba8                __aeabi_ul2f
                0x0000000008000ba8                __floatundisf
                0x0000000008000bb8                __aeabi_l2f
                0x0000000008000bb8                __floatdisf
 .text          0x0000000008000c34       0x40 c:/st/stm32cubeide_1.5.0/stm32cubeide/plugins/com.st.stm32cube.ide.mcu.externaltools.gnu-tools-for-stm32.7-2018-q2-update.win32_1.5.0.202011040924/tools/bin/../lib/gcc/arm-none-eabi/7.3.1/thumb/v7-m\libgcc.a(_arm_fixunssfsi.o)
                0x0000000008000c34                __fixunssfsi
                0x0000000008000c34                __aeabi_f2uiz
 *(.text*)
 .text.vApplicationGetIdleTaskMemory
                0x0000000008000c74       0x30 Core/Src/freertos.o
                0x0000000008000c74                vApplicationGetIdleTaskMemory
 .text.main     0x0000000008000ca4       0xa8 Core/Src/main.o
                0x0000000008000ca4                main
 .text.SystemClock_Config
                0x0000000008000d4c       0xb6 Core/Src/main.o
                0x0000000008000d4c                SystemClock_Config
 *fill*         0x0000000008000e02        0x2 
 .text.MX_ADC1_Init
                0x0000000008000e04       0xd4 Core/Src/main.o
 .text.MX_CAN_Init
                0x0000000008000ed8       0x6c Core/Src/main.o
 .text.MX_I2C2_Init
                0x0000000008000f44       0x5c Core/Src/main.o
 .text.MX_DMA_Init
                0x0000000008000fa0       0x3c Core/Src/main.o
 .text.MX_GPIO_Init
                0x0000000008000fdc      0x1c8 Core/Src/main.o
 .text.CAN_Filter_Config
                0x00000000080011a4       0x4c Core/Src/main.o
                0x00000000080011a4                CAN_Filter_Config
 .text.Start_taskF
                0x00000000080011f0      0x120 Core/Src/main.o
                0x00000000080011f0                Start_taskF
 .text.Bat_taskF
                0x0000000008001310       0x84 Core/Src/main.o
                0x0000000008001310                Bat_taskF
 *fill*         0x0000000008001394        0x4 
 .text.Fuel_taskF
                0x0000000008001398       0xec Core/Src/main.o
                0x0000000008001398                Fuel_taskF
 .text.Speed_taskF
                0x0000000008001484       0xc0 Core/Src/main.o
                0x0000000008001484                Speed_taskF
 .text.RPM_taskF
                0x0000000008001544       0xac Core/Src/main.o
                0x0000000008001544                RPM_taskF
 .text.Temp_taskF
                0x00000000080015f0      0x164 Core/Src/main.o
                0x00000000080015f0                Temp_taskF
 .text.OD_taskF
                0x0000000008001754       0x64 Core/Src/main.o
                0x0000000008001754                OD_taskF
 .text.HAL_TIM_PeriodElapsedCallback
                0x00000000080017b8       0x24 Core/Src/main.o
                0x00000000080017b8                HAL_TIM_PeriodElapsedCallback
 .text.Error_Handler
                0x00000000080017dc        0xc Core/Src/main.o
                0x00000000080017dc                Error_Handler
 .text.HAL_MspInit
                0x00000000080017e8       0x74 Core/Src/stm32f1xx_hal_msp.o
                0x00000000080017e8                HAL_MspInit
 .text.HAL_I2C_MspInit
                0x000000000800185c       0x80 Core/Src/stm32f1xx_hal_msp.o
                0x000000000800185c                HAL_I2C_MspInit
 .text.HAL_ADC_MspInit
                0x00000000080018dc      0x100 Core/Src/stm32f1xx_hal_msp.o
                0x00000000080018dc                HAL_ADC_MspInit
 .text.HAL_CAN_MspInit
                0x00000000080019dc      0x100 Core/Src/stm32f1xx_hal_msp.o
                0x00000000080019dc                HAL_CAN_MspInit
 .text.HAL_InitTick
                0x0000000008001adc       0xac Core/Src/stm32f1xx_hal_timebase_tim.o
                0x0000000008001adc                HAL_InitTick
 .text.NMI_Handler
                0x0000000008001b88        0xc Core/Src/stm32f1xx_it.o
                0x0000000008001b88                NMI_Handler
 .text.HardFault_Handler
                0x0000000008001b94        0x6 Core/Src/stm32f1xx_it.o
                0x0000000008001b94                HardFault_Handler
 .text.MemManage_Handler
                0x0000000008001b9a        0x6 Core/Src/stm32f1xx_it.o
                0x0000000008001b9a                MemManage_Handler
 .text.BusFault_Handler
                0x0000000008001ba0        0x6 Core/Src/stm32f1xx_it.o
                0x0000000008001ba0                BusFault_Handler
 .text.UsageFault_Handler
                0x0000000008001ba6        0x6 Core/Src/stm32f1xx_it.o
                0x0000000008001ba6                UsageFault_Handler
 .text.DebugMon_Handler
                0x0000000008001bac        0xc Core/Src/stm32f1xx_it.o
                0x0000000008001bac                DebugMon_Handler
 .text.DMA1_Channel1_IRQHandler
                0x0000000008001bb8       0x14 Core/Src/stm32f1xx_it.o
                0x0000000008001bb8                DMA1_Channel1_IRQHandler
 .text.USB_HP_CAN1_TX_IRQHandler
                0x0000000008001bcc       0x14 Core/Src/stm32f1xx_it.o
                0x0000000008001bcc                USB_HP_CAN1_TX_IRQHandler
 .text.USB_LP_CAN1_RX0_IRQHandler
                0x0000000008001be0       0x14 Core/Src/stm32f1xx_it.o
                0x0000000008001be0                USB_LP_CAN1_RX0_IRQHandler
 .text.CAN1_RX1_IRQHandler
                0x0000000008001bf4       0x14 Core/Src/stm32f1xx_it.o
                0x0000000008001bf4                CAN1_RX1_IRQHandler
 .text.CAN1_SCE_IRQHandler
                0x0000000008001c08       0x14 Core/Src/stm32f1xx_it.o
                0x0000000008001c08                CAN1_SCE_IRQHandler
 .text.TIM1_UP_IRQHandler
                0x0000000008001c1c       0x14 Core/Src/stm32f1xx_it.o
                0x0000000008001c1c                TIM1_UP_IRQHandler
 .text.SystemInit
                0x0000000008001c30       0x68 Core/Src/system_stm32f1xx.o
                0x0000000008001c30                SystemInit
 .text.HAL_Init
                0x0000000008001c98       0x2c Drivers/STM32F1xx_HAL_Driver/Src/stm32f1xx_hal.o
                0x0000000008001c98                HAL_Init
 .text.HAL_IncTick
                0x0000000008001cc4       0x24 Drivers/STM32F1xx_HAL_Driver/Src/stm32f1xx_hal.o
                0x0000000008001cc4                HAL_IncTick
 .text.HAL_GetTick
                0x0000000008001ce8       0x14 Drivers/STM32F1xx_HAL_Driver/Src/stm32f1xx_hal.o
                0x0000000008001ce8                HAL_GetTick
 .text.HAL_Delay
                0x0000000008001cfc       0x44 Drivers/STM32F1xx_HAL_Driver/Src/stm32f1xx_hal.o
                0x0000000008001cfc                HAL_Delay
 .text.HAL_ADC_Init
                0x0000000008001d40      0x1b0 Drivers/STM32F1xx_HAL_Driver/Src/stm32f1xx_hal_adc.o
                0x0000000008001d40                HAL_ADC_Init
 .text.HAL_ADC_Start_DMA
                0x0000000008001ef0      0x1bc Drivers/STM32F1xx_HAL_Driver/Src/stm32f1xx_hal_adc.o
                0x0000000008001ef0                HAL_ADC_Start_DMA
 .text.HAL_ADC_ConvCpltCallback
                0x00000000080020ac       0x12 Drivers/STM32F1xx_HAL_Driver/Src/stm32f1xx_hal_adc.o
                0x00000000080020ac                HAL_ADC_ConvCpltCallback
 .text.HAL_ADC_ConvHalfCpltCallback
                0x00000000080020be       0x12 Drivers/STM32F1xx_HAL_Driver/Src/stm32f1xx_hal_adc.o
                0x00000000080020be                HAL_ADC_ConvHalfCpltCallback
 .text.HAL_ADC_ErrorCallback
                0x00000000080020d0       0x12 Drivers/STM32F1xx_HAL_Driver/Src/stm32f1xx_hal_adc.o
                0x00000000080020d0                HAL_ADC_ErrorCallback
 *fill*         0x00000000080020e2        0x2 
 .text.HAL_ADC_ConfigChannel
                0x00000000080020e4      0x1f0 Drivers/STM32F1xx_HAL_Driver/Src/stm32f1xx_hal_adc.o
                0x00000000080020e4                HAL_ADC_ConfigChannel
 .text.ADC_Enable
                0x00000000080022d4       0xa4 Drivers/STM32F1xx_HAL_Driver/Src/stm32f1xx_hal_adc.o
                0x00000000080022d4                ADC_Enable
 .text.ADC_ConversionStop_Disable
                0x0000000008002378       0x74 Drivers/STM32F1xx_HAL_Driver/Src/stm32f1xx_hal_adc.o
                0x0000000008002378                ADC_ConversionStop_Disable
 .text.ADC_DMAConvCplt
                0x00000000080023ec       0x7c Drivers/STM32F1xx_HAL_Driver/Src/stm32f1xx_hal_adc.o
                0x00000000080023ec                ADC_DMAConvCplt
 .text.ADC_DMAHalfConvCplt
                0x0000000008002468       0x1c Drivers/STM32F1xx_HAL_Driver/Src/stm32f1xx_hal_adc.o
                0x0000000008002468                ADC_DMAHalfConvCplt
 .text.ADC_DMAError
                0x0000000008002484       0x34 Drivers/STM32F1xx_HAL_Driver/Src/stm32f1xx_hal_adc.o
                0x0000000008002484                ADC_DMAError
 .text.HAL_CAN_Init
                0x00000000080024b8      0x1f6 Drivers/STM32F1xx_HAL_Driver/Src/stm32f1xx_hal_can.o
                0x00000000080024b8                HAL_CAN_Init
 .text.HAL_CAN_ConfigFilter
                0x00000000080026ae      0x192 Drivers/STM32F1xx_HAL_Driver/Src/stm32f1xx_hal_can.o
                0x00000000080026ae                HAL_CAN_ConfigFilter
 .text.HAL_CAN_Start
                0x0000000008002840       0x88 Drivers/STM32F1xx_HAL_Driver/Src/stm32f1xx_hal_can.o
                0x0000000008002840                HAL_CAN_Start
 .text.HAL_CAN_AddTxMessage
                0x00000000080028c8      0x1b4 Drivers/STM32F1xx_HAL_Driver/Src/stm32f1xx_hal_can.o
                0x00000000080028c8                HAL_CAN_AddTxMessage
 .text.HAL_CAN_ActivateNotification
                0x0000000008002a7c       0x4a Drivers/STM32F1xx_HAL_Driver/Src/stm32f1xx_hal_can.o
                0x0000000008002a7c                HAL_CAN_ActivateNotification
 .text.HAL_CAN_IRQHandler
                0x0000000008002ac6      0x362 Drivers/STM32F1xx_HAL_Driver/Src/stm32f1xx_hal_can.o
                0x0000000008002ac6                HAL_CAN_IRQHandler
 .text.HAL_CAN_TxMailbox0CompleteCallback
                0x0000000008002e28       0x12 Drivers/STM32F1xx_HAL_Driver/Src/stm32f1xx_hal_can.o
                0x0000000008002e28                HAL_CAN_TxMailbox0CompleteCallback
 .text.HAL_CAN_TxMailbox1CompleteCallback
                0x0000000008002e3a       0x12 Drivers/STM32F1xx_HAL_Driver/Src/stm32f1xx_hal_can.o
                0x0000000008002e3a                HAL_CAN_TxMailbox1CompleteCallback
 .text.HAL_CAN_TxMailbox2CompleteCallback
                0x0000000008002e4c       0x12 Drivers/STM32F1xx_HAL_Driver/Src/stm32f1xx_hal_can.o
                0x0000000008002e4c                HAL_CAN_TxMailbox2CompleteCallback
 .text.HAL_CAN_TxMailbox0AbortCallback
                0x0000000008002e5e       0x12 Drivers/STM32F1xx_HAL_Driver/Src/stm32f1xx_hal_can.o
                0x0000000008002e5e                HAL_CAN_TxMailbox0AbortCallback
 .text.HAL_CAN_TxMailbox1AbortCallback
                0x0000000008002e70       0x12 Drivers/STM32F1xx_HAL_Driver/Src/stm32f1xx_hal_can.o
                0x0000000008002e70                HAL_CAN_TxMailbox1AbortCallback
 .text.HAL_CAN_TxMailbox2AbortCallback
                0x0000000008002e82       0x12 Drivers/STM32F1xx_HAL_Driver/Src/stm32f1xx_hal_can.o
                0x0000000008002e82                HAL_CAN_TxMailbox2AbortCallback
 .text.HAL_CAN_RxFifo0MsgPendingCallback
                0x0000000008002e94       0x12 Drivers/STM32F1xx_HAL_Driver/Src/stm32f1xx_hal_can.o
                0x0000000008002e94                HAL_CAN_RxFifo0MsgPendingCallback
 .text.HAL_CAN_RxFifo0FullCallback
                0x0000000008002ea6       0x12 Drivers/STM32F1xx_HAL_Driver/Src/stm32f1xx_hal_can.o
                0x0000000008002ea6                HAL_CAN_RxFifo0FullCallback
 .text.HAL_CAN_RxFifo1MsgPendingCallback
                0x0000000008002eb8       0x12 Drivers/STM32F1xx_HAL_Driver/Src/stm32f1xx_hal_can.o
                0x0000000008002eb8                HAL_CAN_RxFifo1MsgPendingCallback
 .text.HAL_CAN_RxFifo1FullCallback
                0x0000000008002eca       0x12 Drivers/STM32F1xx_HAL_Driver/Src/stm32f1xx_hal_can.o
                0x0000000008002eca                HAL_CAN_RxFifo1FullCallback
 .text.HAL_CAN_SleepCallback
                0x0000000008002edc       0x12 Drivers/STM32F1xx_HAL_Driver/Src/stm32f1xx_hal_can.o
                0x0000000008002edc                HAL_CAN_SleepCallback
 .text.HAL_CAN_WakeUpFromRxMsgCallback
                0x0000000008002eee       0x12 Drivers/STM32F1xx_HAL_Driver/Src/stm32f1xx_hal_can.o
                0x0000000008002eee                HAL_CAN_WakeUpFromRxMsgCallback
 .text.HAL_CAN_ErrorCallback
                0x0000000008002f00       0x12 Drivers/STM32F1xx_HAL_Driver/Src/stm32f1xx_hal_can.o
                0x0000000008002f00                HAL_CAN_ErrorCallback
 *fill*         0x0000000008002f12        0x2 
 .text.__NVIC_SetPriorityGrouping
                0x0000000008002f14       0x48 Drivers/STM32F1xx_HAL_Driver/Src/stm32f1xx_hal_cortex.o
 .text.__NVIC_GetPriorityGrouping
                0x0000000008002f5c       0x1c Drivers/STM32F1xx_HAL_Driver/Src/stm32f1xx_hal_cortex.o
 .text.__NVIC_EnableIRQ
                0x0000000008002f78       0x38 Drivers/STM32F1xx_HAL_Driver/Src/stm32f1xx_hal_cortex.o
 .text.__NVIC_SetPriority
                0x0000000008002fb0       0x54 Drivers/STM32F1xx_HAL_Driver/Src/stm32f1xx_hal_cortex.o
 .text.NVIC_EncodePriority
                0x0000000008003004       0x64 Drivers/STM32F1xx_HAL_Driver/Src/stm32f1xx_hal_cortex.o
 .text.HAL_NVIC_SetPriorityGrouping
                0x0000000008003068       0x16 Drivers/STM32F1xx_HAL_Driver/Src/stm32f1xx_hal_cortex.o
                0x0000000008003068                HAL_NVIC_SetPriorityGrouping
 .text.HAL_NVIC_SetPriority
                0x000000000800307e       0x38 Drivers/STM32F1xx_HAL_Driver/Src/stm32f1xx_hal_cortex.o
                0x000000000800307e                HAL_NVIC_SetPriority
 .text.HAL_NVIC_EnableIRQ
                0x00000000080030b6       0x1c Drivers/STM32F1xx_HAL_Driver/Src/stm32f1xx_hal_cortex.o
                0x00000000080030b6                HAL_NVIC_EnableIRQ
 *fill*         0x00000000080030d2        0x2 
 .text.HAL_DMA_Init
                0x00000000080030d4       0xb4 Drivers/STM32F1xx_HAL_Driver/Src/stm32f1xx_hal_dma.o
                0x00000000080030d4                HAL_DMA_Init
 .text.HAL_DMA_Start_IT
                0x0000000008003188       0xbe Drivers/STM32F1xx_HAL_Driver/Src/stm32f1xx_hal_dma.o
                0x0000000008003188                HAL_DMA_Start_IT
 *fill*         0x0000000008003246        0x2 
 .text.HAL_DMA_IRQHandler
                0x0000000008003248      0x20c Drivers/STM32F1xx_HAL_Driver/Src/stm32f1xx_hal_dma.o
                0x0000000008003248                HAL_DMA_IRQHandler
 .text.DMA_SetConfig
                0x0000000008003454       0x5a Drivers/STM32F1xx_HAL_Driver/Src/stm32f1xx_hal_dma.o
 *fill*         0x00000000080034ae        0x2 
 .text.HAL_GPIO_Init
                0x00000000080034b0      0x2b4 Drivers/STM32F1xx_HAL_Driver/Src/stm32f1xx_hal_gpio.o
                0x00000000080034b0                HAL_GPIO_Init
 .text.HAL_GPIO_ReadPin
                0x0000000008003764       0x2e Drivers/STM32F1xx_HAL_Driver/Src/stm32f1xx_hal_gpio.o
                0x0000000008003764                HAL_GPIO_ReadPin
 .text.HAL_GPIO_WritePin
                0x0000000008003792       0x30 Drivers/STM32F1xx_HAL_Driver/Src/stm32f1xx_hal_gpio.o
                0x0000000008003792                HAL_GPIO_WritePin
 .text.HAL_GPIO_TogglePin
                0x00000000080037c2       0x30 Drivers/STM32F1xx_HAL_Driver/Src/stm32f1xx_hal_gpio.o
                0x00000000080037c2                HAL_GPIO_TogglePin
 *fill*         0x00000000080037f2        0x2 
 .text.HAL_I2C_Init
                0x00000000080037f4      0x250 Drivers/STM32F1xx_HAL_Driver/Src/stm32f1xx_hal_i2c.o
                0x00000000080037f4                HAL_I2C_Init
 .text.HAL_I2C_Master_Receive
                0x0000000008003a44      0x45c Drivers/STM32F1xx_HAL_Driver/Src/stm32f1xx_hal_i2c.o
                0x0000000008003a44                HAL_I2C_Master_Receive
 .text.I2C_MasterRequestRead
                0x0000000008003ea0      0x16c Drivers/STM32F1xx_HAL_Driver/Src/stm32f1xx_hal_i2c.o
 .text.I2C_WaitOnFlagUntilTimeout
                0x000000000800400c       0xae Drivers/STM32F1xx_HAL_Driver/Src/stm32f1xx_hal_i2c.o
 .text.I2C_WaitOnMasterAddressFlagUntilTimeout
                0x00000000080040ba       0xfe Drivers/STM32F1xx_HAL_Driver/Src/stm32f1xx_hal_i2c.o
 .text.I2C_WaitOnRXNEFlagUntilTimeout
                0x00000000080041b8       0xac Drivers/STM32F1xx_HAL_Driver/Src/stm32f1xx_hal_i2c.o
 .text.HAL_RCC_OscConfig
                0x0000000008004264      0x500 Drivers/STM32F1xx_HAL_Driver/Src/stm32f1xx_hal_rcc.o
                0x0000000008004264                HAL_RCC_OscConfig
 .text.HAL_RCC_ClockConfig
                0x0000000008004764      0x1d4 Drivers/STM32F1xx_HAL_Driver/Src/stm32f1xx_hal_rcc.o
                0x0000000008004764                HAL_RCC_ClockConfig
 .text.HAL_RCC_GetSysClockFreq
                0x0000000008004938       0xc4 Drivers/STM32F1xx_HAL_Driver/Src/stm32f1xx_hal_rcc.o
                0x0000000008004938                HAL_RCC_GetSysClockFreq
 .text.HAL_RCC_GetHCLKFreq
                0x00000000080049fc       0x14 Drivers/STM32F1xx_HAL_Driver/Src/stm32f1xx_hal_rcc.o
                0x00000000080049fc                HAL_RCC_GetHCLKFreq
 .text.HAL_RCC_GetPCLK1Freq
                0x0000000008004a10       0x28 Drivers/STM32F1xx_HAL_Driver/Src/stm32f1xx_hal_rcc.o
                0x0000000008004a10                HAL_RCC_GetPCLK1Freq
 .text.HAL_RCC_GetPCLK2Freq
                0x0000000008004a38       0x28 Drivers/STM32F1xx_HAL_Driver/Src/stm32f1xx_hal_rcc.o
                0x0000000008004a38                HAL_RCC_GetPCLK2Freq
 .text.HAL_RCC_GetClockConfig
                0x0000000008004a60       0x60 Drivers/STM32F1xx_HAL_Driver/Src/stm32f1xx_hal_rcc.o
                0x0000000008004a60                HAL_RCC_GetClockConfig
 .text.RCC_Delay
                0x0000000008004ac0       0x3c Drivers/STM32F1xx_HAL_Driver/Src/stm32f1xx_hal_rcc.o
 .text.HAL_RCCEx_PeriphCLKConfig
                0x0000000008004afc      0x16c Drivers/STM32F1xx_HAL_Driver/Src/stm32f1xx_hal_rcc_ex.o
                0x0000000008004afc                HAL_RCCEx_PeriphCLKConfig
 .text.HAL_TIM_Base_Init
                0x0000000008004c68       0x56 Drivers/STM32F1xx_HAL_Driver/Src/stm32f1xx_hal_tim.o
                0x0000000008004c68                HAL_TIM_Base_Init
 .text.HAL_TIM_Base_MspInit
                0x0000000008004cbe       0x12 Drivers/STM32F1xx_HAL_Driver/Src/stm32f1xx_hal_tim.o
                0x0000000008004cbe                HAL_TIM_Base_MspInit
 .text.HAL_TIM_Base_Start_IT
                0x0000000008004cd0       0x46 Drivers/STM32F1xx_HAL_Driver/Src/stm32f1xx_hal_tim.o
                0x0000000008004cd0                HAL_TIM_Base_Start_IT
 .text.HAL_TIM_IRQHandler
                0x0000000008004d16      0x210 Drivers/STM32F1xx_HAL_Driver/Src/stm32f1xx_hal_tim.o
                0x0000000008004d16                HAL_TIM_IRQHandler
 .text.HAL_TIM_OC_DelayElapsedCallback
                0x0000000008004f26       0x12 Drivers/STM32F1xx_HAL_Driver/Src/stm32f1xx_hal_tim.o
                0x0000000008004f26                HAL_TIM_OC_DelayElapsedCallback
 .text.HAL_TIM_IC_CaptureCallback
                0x0000000008004f38       0x12 Drivers/STM32F1xx_HAL_Driver/Src/stm32f1xx_hal_tim.o
                0x0000000008004f38                HAL_TIM_IC_CaptureCallback
 .text.HAL_TIM_PWM_PulseFinishedCallback
                0x0000000008004f4a       0x12 Drivers/STM32F1xx_HAL_Driver/Src/stm32f1xx_hal_tim.o
                0x0000000008004f4a                HAL_TIM_PWM_PulseFinishedCallback
 .text.HAL_TIM_TriggerCallback
                0x0000000008004f5c       0x12 Drivers/STM32F1xx_HAL_Driver/Src/stm32f1xx_hal_tim.o
                0x0000000008004f5c                HAL_TIM_TriggerCallback
 *fill*         0x0000000008004f6e        0x2 
 .text.TIM_Base_SetConfig
                0x0000000008004f70       0xc4 Drivers/STM32F1xx_HAL_Driver/Src/stm32f1xx_hal_tim.o
                0x0000000008004f70                TIM_Base_SetConfig
 .text.HAL_TIMEx_CommutCallback
                0x0000000008005034       0x12 Drivers/STM32F1xx_HAL_Driver/Src/stm32f1xx_hal_tim_ex.o
                0x0000000008005034                HAL_TIMEx_CommutCallback
 .text.HAL_TIMEx_BreakCallback
                0x0000000008005046       0x12 Drivers/STM32F1xx_HAL_Driver/Src/stm32f1xx_hal_tim_ex.o
                0x0000000008005046                HAL_TIMEx_BreakCallback
 .text.Reset_Handler
                0x0000000008005058       0x48 Drivers/Startup/startup_stm32f103c8tx.o
                0x0000000008005058                Reset_Handler
 .text.Default_Handler
                0x00000000080050a0        0x2 Drivers/Startup/startup_stm32f103c8tx.o
                0x00000000080050a0                RTC_Alarm_IRQHandler
                0x00000000080050a0                EXTI2_IRQHandler
                0x00000000080050a0                TIM1_CC_IRQHandler
                0x00000000080050a0                PVD_IRQHandler
                0x00000000080050a0                EXTI3_IRQHandler
                0x00000000080050a0                EXTI0_IRQHandler
                0x00000000080050a0                I2C2_EV_IRQHandler
                0x00000000080050a0                ADC1_2_IRQHandler
                0x00000000080050a0                SPI1_IRQHandler
                0x00000000080050a0                TAMPER_IRQHandler
                0x00000000080050a0                DMA1_Channel4_IRQHandler
                0x00000000080050a0                USART3_IRQHandler
                0x00000000080050a0                RTC_IRQHandler
                0x00000000080050a0                DMA1_Channel7_IRQHandler
                0x00000000080050a0                TIM4_IRQHandler
                0x00000000080050a0                I2C1_EV_IRQHandler
                0x00000000080050a0                DMA1_Channel6_IRQHandler
                0x00000000080050a0                TIM3_IRQHandler
                0x00000000080050a0                RCC_IRQHandler
                0x00000000080050a0                TIM1_TRG_COM_IRQHandler
                0x00000000080050a0                Default_Handler
                0x00000000080050a0                EXTI15_10_IRQHandler
                0x00000000080050a0                EXTI9_5_IRQHandler
                0x00000000080050a0                SPI2_IRQHandler
                0x00000000080050a0                DMA1_Channel5_IRQHandler
                0x00000000080050a0                EXTI4_IRQHandler
                0x00000000080050a0                DMA1_Channel3_IRQHandler
                0x00000000080050a0                WWDG_IRQHandler
                0x00000000080050a0                TIM2_IRQHandler
                0x00000000080050a0                TIM1_BRK_IRQHandler
                0x00000000080050a0                EXTI1_IRQHandler
                0x00000000080050a0                USART2_IRQHandler
                0x00000000080050a0                I2C2_ER_IRQHandler
                0x00000000080050a0                DMA1_Channel2_IRQHandler
                0x00000000080050a0                FLASH_IRQHandler
                0x00000000080050a0                USART1_IRQHandler
                0x00000000080050a0                I2C1_ER_IRQHandler
                0x00000000080050a0                USBWakeUp_IRQHandler
 .text.vListInitialise
                0x00000000080050a2       0x3e Middlewares/Third_Party/FreeRTOS/Source/list.o
                0x00000000080050a2                vListInitialise
 .text.vListInitialiseItem
                0x00000000080050e0       0x18 Middlewares/Third_Party/FreeRTOS/Source/list.o
                0x00000000080050e0                vListInitialiseItem
 .text.vListInsertEnd
                0x00000000080050f8       0x46 Middlewares/Third_Party/FreeRTOS/Source/list.o
                0x00000000080050f8                vListInsertEnd
 .text.vListInsert
                0x000000000800513e       0x70 Middlewares/Third_Party/FreeRTOS/Source/list.o
                0x000000000800513e                vListInsert
 .text.uxListRemove
                0x00000000080051ae       0x52 Middlewares/Third_Party/FreeRTOS/Source/list.o
                0x00000000080051ae                uxListRemove
 .text.xQueueGenericReset
                0x0000000008005200       0xd0 Middlewares/Third_Party/FreeRTOS/Source/queue.o
                0x0000000008005200                xQueueGenericReset
 .text.xQueueGenericCreate
                0x00000000080052d0       0x7a Middlewares/Third_Party/FreeRTOS/Source/queue.o
                0x00000000080052d0                xQueueGenericCreate
 .text.prvInitialiseNewQueue
                0x000000000800534a       0x4a Middlewares/Third_Party/FreeRTOS/Source/queue.o
 .text.xTaskCreateStatic
                0x0000000008005394       0xb2 Middlewares/Third_Party/FreeRTOS/Source/tasks.o
                0x0000000008005394                xTaskCreateStatic
 .text.xTaskCreate
                0x0000000008005446       0x8a Middlewares/Third_Party/FreeRTOS/Source/tasks.o
                0x0000000008005446                xTaskCreate
 .text.prvInitialiseNewTask
                0x00000000080054d0       0xfc Middlewares/Third_Party/FreeRTOS/Source/tasks.o
 .text.prvAddNewTaskToReadyList
                0x00000000080055cc      0x110 Middlewares/Third_Party/FreeRTOS/Source/tasks.o
 .text.vTaskDelete
                0x00000000080056dc      0x138 Middlewares/Third_Party/FreeRTOS/Source/tasks.o
                0x00000000080056dc                vTaskDelete
 .text.vTaskDelayUntil
                0x0000000008005814       0xfc Middlewares/Third_Party/FreeRTOS/Source/tasks.o
                0x0000000008005814                vTaskDelayUntil
 .text.vTaskDelay
                0x0000000008005910       0x70 Middlewares/Third_Party/FreeRTOS/Source/tasks.o
                0x0000000008005910                vTaskDelay
 .text.vTaskStartScheduler
                0x0000000008005980       0xbc Middlewares/Third_Party/FreeRTOS/Source/tasks.o
                0x0000000008005980                vTaskStartScheduler
 .text.vTaskSuspendAll
                0x0000000008005a3c       0x1c Middlewares/Third_Party/FreeRTOS/Source/tasks.o
                0x0000000008005a3c                vTaskSuspendAll
 .text.xTaskResumeAll
                0x0000000008005a58      0x140 Middlewares/Third_Party/FreeRTOS/Source/tasks.o
                0x0000000008005a58                xTaskResumeAll
 .text.xTaskGetTickCount
                0x0000000008005b98       0x1c Middlewares/Third_Party/FreeRTOS/Source/tasks.o
                0x0000000008005b98                xTaskGetTickCount
 .text.xTaskIncrementTick
                0x0000000008005bb4      0x180 Middlewares/Third_Party/FreeRTOS/Source/tasks.o
                0x0000000008005bb4                xTaskIncrementTick
 .text.vTaskSwitchContext
                0x0000000008005d34       0xd0 Middlewares/Third_Party/FreeRTOS/Source/tasks.o
                0x0000000008005d34                vTaskSwitchContext
 .text.xTaskRemoveFromEventList
                0x0000000008005e04       0xcc Middlewares/Third_Party/FreeRTOS/Source/tasks.o
                0x0000000008005e04                xTaskRemoveFromEventList
 .text.prvIdleTask
                0x0000000008005ed0       0x30 Middlewares/Third_Party/FreeRTOS/Source/tasks.o
 .text.prvInitialiseTaskLists
                0x0000000008005f00       0x80 Middlewares/Third_Party/FreeRTOS/Source/tasks.o
 .text.prvCheckTasksWaitingTermination
                0x0000000008005f80       0x58 Middlewares/Third_Party/FreeRTOS/Source/tasks.o
 .text.prvDeleteTCB
                0x0000000008005fd8       0x5c Middlewares/Third_Party/FreeRTOS/Source/tasks.o
 .text.prvResetNextTaskUnblockTime
                0x0000000008006034       0x48 Middlewares/Third_Party/FreeRTOS/Source/tasks.o
 .text.prvAddCurrentTaskToDelayedList
                0x000000000800607c       0xf0 Middlewares/Third_Party/FreeRTOS/Source/tasks.o
 .text.pxPortInitialiseStack
                0x000000000800616c       0x58 Middlewares/Third_Party/FreeRTOS/Source/portable/GCC/ARM_CM3/port.o
                0x000000000800616c                pxPortInitialiseStack
 .text.prvTaskExitError
                0x00000000080061c4       0x50 Middlewares/Third_Party/FreeRTOS/Source/portable/GCC/ARM_CM3/port.o
 *fill*         0x0000000008006214        0xc 
 .text.SVC_Handler
                0x0000000008006220       0x28 Middlewares/Third_Party/FreeRTOS/Source/portable/GCC/ARM_CM3/port.o
                0x0000000008006220                SVC_Handler
 .text.prvPortStartFirstTask
                0x0000000008006248       0x20 Middlewares/Third_Party/FreeRTOS/Source/portable/GCC/ARM_CM3/port.o
 .text.xPortStartScheduler
                0x0000000008006268       0xe0 Middlewares/Third_Party/FreeRTOS/Source/portable/GCC/ARM_CM3/port.o
                0x0000000008006268                xPortStartScheduler
 .text.vInitPrioGroupValue
                0x0000000008006348       0xac Middlewares/Third_Party/FreeRTOS/Source/portable/GCC/ARM_CM3/port.o
                0x0000000008006348                vInitPrioGroupValue
 .text.vPortEnterCritical
                0x00000000080063f4       0x5c Middlewares/Third_Party/FreeRTOS/Source/portable/GCC/ARM_CM3/port.o
                0x00000000080063f4                vPortEnterCritical
 .text.vPortExitCritical
                0x0000000008006450       0x4c Middlewares/Third_Party/FreeRTOS/Source/portable/GCC/ARM_CM3/port.o
                0x0000000008006450                vPortExitCritical
 *fill*         0x000000000800649c        0x4 
 .text.PendSV_Handler
                0x00000000080064a0       0x48 Middlewares/Third_Party/FreeRTOS/Source/portable/GCC/ARM_CM3/port.o
                0x00000000080064a0                PendSV_Handler
 .text.SysTick_Handler
                0x00000000080064e8       0x50 Middlewares/Third_Party/FreeRTOS/Source/portable/GCC/ARM_CM3/port.o
                0x00000000080064e8                SysTick_Handler
 .text.vPortSetupTimerInterrupt
                0x0000000008006538       0x44 Middlewares/Third_Party/FreeRTOS/Source/portable/GCC/ARM_CM3/port.o
                0x0000000008006538                vPortSetupTimerInterrupt
 .text.pvPortMalloc
                0x000000000800657c      0x184 Middlewares/Third_Party/FreeRTOS/Source/portable/MemMang/heap_4.o
                0x000000000800657c                pvPortMalloc
 .text.vPortFree
                0x0000000008006700       0xb0 Middlewares/Third_Party/FreeRTOS/Source/portable/MemMang/heap_4.o
                0x0000000008006700                vPortFree
 .text.prvHeapInit
                0x00000000080067b0       0xc4 Middlewares/Third_Party/FreeRTOS/Source/portable/MemMang/heap_4.o
 .text.prvInsertBlockIntoFreeList
                0x0000000008006874       0xb0 Middlewares/Third_Party/FreeRTOS/Source/portable/MemMang/heap_4.o
 .text.SYSVIEW_AddTask
                0x0000000008006924       0xd0 Middlewares/Third_Party/SEGGER/OS/SEGGER_SYSVIEW_FreeRTOS.o
                0x0000000008006924                SYSVIEW_AddTask
 .text.SYSVIEW_DeleteTask
                0x00000000080069f4      0x178 Middlewares/Third_Party/SEGGER/OS/SEGGER_SYSVIEW_FreeRTOS.o
                0x00000000080069f4                SYSVIEW_DeleteTask
 .text.SYSVIEW_SendTaskInfo
                0x0000000008006b6c       0x42 Middlewares/Third_Party/SEGGER/OS/SEGGER_SYSVIEW_FreeRTOS.o
                0x0000000008006b6c                SYSVIEW_SendTaskInfo
 *fill*         0x0000000008006bae        0x2 
 .text._DoInit  0x0000000008006bb0       0xa4 Middlewares/Third_Party/SEGGER/SEGGER/SEGGER_RTT.o
 .text.SEGGER_RTT_ReadNoLock
                0x0000000008006c54      0x10c Middlewares/Third_Party/SEGGER/SEGGER/SEGGER_RTT.o
                0x0000000008006c54                SEGGER_RTT_ReadNoLock
 .text._EncodeStr
                0x0000000008006d60       0x98 Middlewares/Third_Party/SEGGER/SEGGER/SEGGER_SYSVIEW.o
 .text._PreparePacket
                0x0000000008006df8       0x16 Middlewares/Third_Party/SEGGER/SEGGER/SEGGER_SYSVIEW.o
 *fill*         0x0000000008006e0e        0x2 
 .text._HandleIncomingPacket
                0x0000000008006e10       0xd8 Middlewares/Third_Party/SEGGER/SEGGER/SEGGER_SYSVIEW.o
 .text._TrySendOverflowPacket
                0x0000000008006ee8       0xe4 Middlewares/Third_Party/SEGGER/SEGGER/SEGGER_SYSVIEW.o
 .text._SendPacket
                0x0000000008006fcc      0x1cc Middlewares/Third_Party/SEGGER/SEGGER/SEGGER_SYSVIEW.o
 .text.SEGGER_SYSVIEW_RecordVoid
                0x0000000008007198       0x3c Middlewares/Third_Party/SEGGER/SEGGER/SEGGER_SYSVIEW.o
                0x0000000008007198                SEGGER_SYSVIEW_RecordVoid
 .text.SEGGER_SYSVIEW_RecordU32
                0x00000000080071d4       0x78 Middlewares/Third_Party/SEGGER/SEGGER/SEGGER_SYSVIEW.o
                0x00000000080071d4                SEGGER_SYSVIEW_RecordU32
 .text.SEGGER_SYSVIEW_RecordU32x2
                0x000000000800724c       0xb4 Middlewares/Third_Party/SEGGER/SEGGER/SEGGER_SYSVIEW.o
                0x000000000800724c                SEGGER_SYSVIEW_RecordU32x2
 .text.SEGGER_SYSVIEW_RecordU32x3
                0x0000000008007300       0xec Middlewares/Third_Party/SEGGER/SEGGER/SEGGER_SYSVIEW.o
                0x0000000008007300                SEGGER_SYSVIEW_RecordU32x3
 .text.SEGGER_SYSVIEW_Start
                0x00000000080073ec      0x174 Middlewares/Third_Party/SEGGER/SEGGER/SEGGER_SYSVIEW.o
                0x00000000080073ec                SEGGER_SYSVIEW_Start
 .text.SEGGER_SYSVIEW_Stop
                0x0000000008007560       0x4c Middlewares/Third_Party/SEGGER/SEGGER/SEGGER_SYSVIEW.o
                0x0000000008007560                SEGGER_SYSVIEW_Stop
 .text.SEGGER_SYSVIEW_GetSysDesc
                0x00000000080075ac      0x134 Middlewares/Third_Party/SEGGER/SEGGER/SEGGER_SYSVIEW.o
                0x00000000080075ac                SEGGER_SYSVIEW_GetSysDesc
 .text.SEGGER_SYSVIEW_SendTaskInfo
                0x00000000080076e0      0x1c8 Middlewares/Third_Party/SEGGER/SEGGER/SEGGER_SYSVIEW.o
                0x00000000080076e0                SEGGER_SYSVIEW_SendTaskInfo
 .text.SEGGER_SYSVIEW_SendTaskList
                0x00000000080078a8       0x28 Middlewares/Third_Party/SEGGER/SEGGER/SEGGER_SYSVIEW.o
                0x00000000080078a8                SEGGER_SYSVIEW_SendTaskList
 .text.SEGGER_SYSVIEW_RecordSystime
                0x00000000080078d0       0x60 Middlewares/Third_Party/SEGGER/SEGGER/SEGGER_SYSVIEW.o
                0x00000000080078d0                SEGGER_SYSVIEW_RecordSystime
 .text.SEGGER_SYSVIEW_RecordEnterISR
                0x0000000008007930       0x84 Middlewares/Third_Party/SEGGER/SEGGER/SEGGER_SYSVIEW.o
                0x0000000008007930                SEGGER_SYSVIEW_RecordEnterISR
 .text.SEGGER_SYSVIEW_RecordExitISR
                0x00000000080079b4       0x38 Middlewares/Third_Party/SEGGER/SEGGER/SEGGER_SYSVIEW.o
                0x00000000080079b4                SEGGER_SYSVIEW_RecordExitISR
 .text.SEGGER_SYSVIEW_RecordExitISRToScheduler
                0x00000000080079ec       0x38 Middlewares/Third_Party/SEGGER/SEGGER/SEGGER_SYSVIEW.o
                0x00000000080079ec                SEGGER_SYSVIEW_RecordExitISRToScheduler
 .text.SEGGER_SYSVIEW_OnIdle
                0x0000000008007a24       0x38 Middlewares/Third_Party/SEGGER/SEGGER/SEGGER_SYSVIEW.o
                0x0000000008007a24                SEGGER_SYSVIEW_OnIdle
 .text.SEGGER_SYSVIEW_OnTaskCreate
                0x0000000008007a5c       0x84 Middlewares/Third_Party/SEGGER/SEGGER/SEGGER_SYSVIEW.o
                0x0000000008007a5c                SEGGER_SYSVIEW_OnTaskCreate
 .text.SEGGER_SYSVIEW_OnTaskStartExec
                0x0000000008007ae0       0x84 Middlewares/Third_Party/SEGGER/SEGGER/SEGGER_SYSVIEW.o
                0x0000000008007ae0                SEGGER_SYSVIEW_OnTaskStartExec
 .text.SEGGER_SYSVIEW_OnTaskStartReady
                0x0000000008007b64       0x84 Middlewares/Third_Party/SEGGER/SEGGER/SEGGER_SYSVIEW.o
                0x0000000008007b64                SEGGER_SYSVIEW_OnTaskStartReady
 .text.SEGGER_SYSVIEW_OnTaskStopReady
                0x0000000008007be8       0xc0 Middlewares/Third_Party/SEGGER/SEGGER/SEGGER_SYSVIEW.o
                0x0000000008007be8                SEGGER_SYSVIEW_OnTaskStopReady
 .text.SEGGER_SYSVIEW_ShrinkId
                0x0000000008007ca8       0x20 Middlewares/Third_Party/SEGGER/SEGGER/SEGGER_SYSVIEW.o
                0x0000000008007ca8                SEGGER_SYSVIEW_ShrinkId
 .text.SEGGER_SYSVIEW_SendModule
                0x0000000008007cc8      0x100 Middlewares/Third_Party/SEGGER/SEGGER/SEGGER_SYSVIEW.o
                0x0000000008007cc8                SEGGER_SYSVIEW_SendModule
 .text.SEGGER_SYSVIEW_SendModuleDescription
                0x0000000008007dc8       0x3c Middlewares/Third_Party/SEGGER/SEGGER/SEGGER_SYSVIEW.o
                0x0000000008007dc8                SEGGER_SYSVIEW_SendModuleDescription
 .text.SEGGER_SYSVIEW_SendNumModules
                0x0000000008007e04       0x7c Middlewares/Third_Party/SEGGER/SEGGER/SEGGER_SYSVIEW.o
                0x0000000008007e04                SEGGER_SYSVIEW_SendNumModules
 .text.SEGGER_SYSVIEW_Warn
                0x0000000008007e80       0xb8 Middlewares/Third_Party/SEGGER/SEGGER/SEGGER_SYSVIEW.o
                0x0000000008007e80                SEGGER_SYSVIEW_Warn
 .text.__libc_init_array
                0x0000000008007f38       0x48 c:/st/stm32cubeide_1.5.0/stm32cubeide/plugins/com.st.stm32cube.ide.mcu.externaltools.gnu-tools-for-stm32.7-2018-q2-update.win32_1.5.0.202011040924/tools/bin/../lib/gcc/arm-none-eabi/7.3.1/../../../../arm-none-eabi/lib/thumb/v7-m\libc_nano.a(lib_a-init.o)
                0x0000000008007f38                __libc_init_array
 .text.memcmp   0x0000000008007f80       0x1e c:/st/stm32cubeide_1.5.0/stm32cubeide/plugins/com.st.stm32cube.ide.mcu.externaltools.gnu-tools-for-stm32.7-2018-q2-update.win32_1.5.0.202011040924/tools/bin/../lib/gcc/arm-none-eabi/7.3.1/../../../../arm-none-eabi/lib/thumb/v7-m\libc_nano.a(lib_a-memcmp.o)
                0x0000000008007f80                memcmp
 .text.memcpy   0x0000000008007f9e       0x16 c:/st/stm32cubeide_1.5.0/stm32cubeide/plugins/com.st.stm32cube.ide.mcu.externaltools.gnu-tools-for-stm32.7-2018-q2-update.win32_1.5.0.202011040924/tools/bin/../lib/gcc/arm-none-eabi/7.3.1/../../../../arm-none-eabi/lib/thumb/v7-m\libc_nano.a(lib_a-memcpy-stub.o)
                0x0000000008007f9e                memcpy
 .text.memset   0x0000000008007fb4       0x10 c:/st/stm32cubeide_1.5.0/stm32cubeide/plugins/com.st.stm32cube.ide.mcu.externaltools.gnu-tools-for-stm32.7-2018-q2-update.win32_1.5.0.202011040924/tools/bin/../lib/gcc/arm-none-eabi/7.3.1/../../../../arm-none-eabi/lib/thumb/v7-m\libc_nano.a(lib_a-memset.o)
                0x0000000008007fb4                memset
 *(.glue_7)
 .glue_7        0x0000000008007fc4        0x0 linker stubs
 *(.glue_7t)
 .glue_7t       0x0000000008007fc4        0x0 linker stubs
 *(.eh_frame)
 .eh_frame      0x0000000008007fc4        0x0 c:/st/stm32cubeide_1.5.0/stm32cubeide/plugins/com.st.stm32cube.ide.mcu.externaltools.gnu-tools-for-stm32.7-2018-q2-update.win32_1.5.0.202011040924/tools/bin/../lib/gcc/arm-none-eabi/7.3.1/thumb/v7-m/crtbegin.o
 *(.init)
 .init          0x0000000008007fc4        0x4 c:/st/stm32cubeide_1.5.0/stm32cubeide/plugins/com.st.stm32cube.ide.mcu.externaltools.gnu-tools-for-stm32.7-2018-q2-update.win32_1.5.0.202011040924/tools/bin/../lib/gcc/arm-none-eabi/7.3.1/thumb/v7-m/crti.o
                0x0000000008007fc4                _init
 .init          0x0000000008007fc8        0x8 c:/st/stm32cubeide_1.5.0/stm32cubeide/plugins/com.st.stm32cube.ide.mcu.externaltools.gnu-tools-for-stm32.7-2018-q2-update.win32_1.5.0.202011040924/tools/bin/../lib/gcc/arm-none-eabi/7.3.1/thumb/v7-m/crtn.o
 *(.fini)
 .fini          0x0000000008007fd0        0x4 c:/st/stm32cubeide_1.5.0/stm32cubeide/plugins/com.st.stm32cube.ide.mcu.externaltools.gnu-tools-for-stm32.7-2018-q2-update.win32_1.5.0.202011040924/tools/bin/../lib/gcc/arm-none-eabi/7.3.1/thumb/v7-m/crti.o
                0x0000000008007fd0                _fini
 .fini          0x0000000008007fd4        0x8 c:/st/stm32cubeide_1.5.0/stm32cubeide/plugins/com.st.stm32cube.ide.mcu.externaltools.gnu-tools-for-stm32.7-2018-q2-update.win32_1.5.0.202011040924/tools/bin/../lib/gcc/arm-none-eabi/7.3.1/thumb/v7-m/crtn.o
                0x0000000008007fdc                . = ALIGN (0x4)
                0x0000000008007fdc                _etext = .

.vfp11_veneer   0x0000000008007fdc        0x0
 .vfp11_veneer  0x0000000008007fdc        0x0 linker stubs

.v4_bx          0x0000000008007fdc        0x0
 .v4_bx         0x0000000008007fdc        0x0 linker stubs

.iplt           0x0000000008007fdc        0x0
 .iplt          0x0000000008007fdc        0x0 c:/st/stm32cubeide_1.5.0/stm32cubeide/plugins/com.st.stm32cube.ide.mcu.externaltools.gnu-tools-for-stm32.7-2018-q2-update.win32_1.5.0.202011040924/tools/bin/../lib/gcc/arm-none-eabi/7.3.1/thumb/v7-m/crtbegin.o

.rodata         0x0000000008007fdc       0xf8
                0x0000000008007fdc                . = ALIGN (0x4)
 *(.rodata)
 .rodata        0x0000000008007fdc       0x47 Core/Src/main.o
 *fill*         0x0000000008008023        0x1 
 .rodata        0x0000000008008024       0x12 Drivers/STM32F1xx_HAL_Driver/Src/stm32f1xx_hal_rcc.o
 *fill*         0x0000000008008036        0x2 
 .rodata        0x0000000008008038        0x5 Middlewares/Third_Party/FreeRTOS/Source/tasks.o
 *fill*         0x000000000800803d        0x3 
 .rodata        0x0000000008008040       0x58 Middlewares/Third_Party/SEGGER/OS/SEGGER_SYSVIEW_FreeRTOS.o
 .rodata        0x0000000008008098       0x17 Middlewares/Third_Party/SEGGER/SEGGER/SEGGER_RTT.o
 *(.rodata*)
 *fill*         0x00000000080080af        0x1 
 .rodata.AHBPrescTable
                0x00000000080080b0       0x10 Core/Src/system_stm32f1xx.o
                0x00000000080080b0                AHBPrescTable
 .rodata.APBPrescTable
                0x00000000080080c0        0x8 Core/Src/system_stm32f1xx.o
                0x00000000080080c0                APBPrescTable
 .rodata._abSync
                0x00000000080080c8        0xa Middlewares/Third_Party/SEGGER/SEGGER/SEGGER_SYSVIEW.o
                0x00000000080080d4                . = ALIGN (0x4)
 *fill*         0x00000000080080d2        0x2 

.rel.dyn        0x00000000080080d4        0x0
 .rel.iplt      0x00000000080080d4        0x0 c:/st/stm32cubeide_1.5.0/stm32cubeide/plugins/com.st.stm32cube.ide.mcu.externaltools.gnu-tools-for-stm32.7-2018-q2-update.win32_1.5.0.202011040924/tools/bin/../lib/gcc/arm-none-eabi/7.3.1/thumb/v7-m/crtbegin.o

.ARM.extab      0x00000000080080d4        0x0
                0x00000000080080d4                . = ALIGN (0x4)
 *(.ARM.extab* .gnu.linkonce.armextab.*)
                0x00000000080080d4                . = ALIGN (0x4)

.ARM            0x00000000080080d4        0x0
                0x00000000080080d4                . = ALIGN (0x4)
                0x00000000080080d4                __exidx_start = .
 *(.ARM.exidx*)
                0x00000000080080d4                __exidx_end = .
                0x00000000080080d4                . = ALIGN (0x4)

.preinit_array  0x00000000080080d4        0x0
                0x00000000080080d4                . = ALIGN (0x4)
                0x00000000080080d4                PROVIDE (__preinit_array_start = .)
 *(.preinit_array*)
                0x00000000080080d4                PROVIDE (__preinit_array_end = .)
                0x00000000080080d4                . = ALIGN (0x4)

.init_array     0x00000000080080d4        0x4
                0x00000000080080d4                . = ALIGN (0x4)
                0x00000000080080d4                PROVIDE (__init_array_start = .)
 *(SORT_BY_NAME(.init_array.*))
 *(.init_array*)
 .init_array    0x00000000080080d4        0x4 c:/st/stm32cubeide_1.5.0/stm32cubeide/plugins/com.st.stm32cube.ide.mcu.externaltools.gnu-tools-for-stm32.7-2018-q2-update.win32_1.5.0.202011040924/tools/bin/../lib/gcc/arm-none-eabi/7.3.1/thumb/v7-m/crtbegin.o
                0x00000000080080d8                PROVIDE (__init_array_end = .)
                0x00000000080080d8                . = ALIGN (0x4)

.fini_array     0x00000000080080d8        0x4
                0x00000000080080d8                . = ALIGN (0x4)
                [!provide]                        PROVIDE (__fini_array_start = .)
 *(SORT_BY_NAME(.fini_array.*))
 *(.fini_array*)
 .fini_array    0x00000000080080d8        0x4 c:/st/stm32cubeide_1.5.0/stm32cubeide/plugins/com.st.stm32cube.ide.mcu.externaltools.gnu-tools-for-stm32.7-2018-q2-update.win32_1.5.0.202011040924/tools/bin/../lib/gcc/arm-none-eabi/7.3.1/thumb/v7-m/crtbegin.o
                [!provide]                        PROVIDE (__fini_array_end = .)
                0x00000000080080dc                . = ALIGN (0x4)
                0x00000000080080dc                _sidata = LOADADDR (.data)

.data           0x0000000020000000       0x10 load address 0x00000000080080dc
                0x0000000020000000                . = ALIGN (0x4)
                0x0000000020000000                _sdata = .
 *(.data)
 *(.data*)
 .data.SystemCoreClock
                0x0000000020000000        0x4 Core/Src/system_stm32f1xx.o
                0x0000000020000000                SystemCoreClock
 .data.uwTickPrio
                0x0000000020000004        0x4 Drivers/STM32F1xx_HAL_Driver/Src/stm32f1xx_hal.o
                0x0000000020000004                uwTickPrio
 .data.uwTickFreq
                0x0000000020000008        0x1 Drivers/STM32F1xx_HAL_Driver/Src/stm32f1xx_hal.o
                0x0000000020000008                uwTickFreq
 *fill*         0x0000000020000009        0x3 
 .data.uxCriticalNesting
                0x000000002000000c        0x4 Middlewares/Third_Party/FreeRTOS/Source/portable/GCC/ARM_CM3/port.o
                0x0000000020000010                . = ALIGN (0x4)
                0x0000000020000010                _edata = .

.igot.plt       0x0000000020000010        0x0 load address 0x00000000080080ec
 .igot.plt      0x0000000020000010        0x0 c:/st/stm32cubeide_1.5.0/stm32cubeide/plugins/com.st.stm32cube.ide.mcu.externaltools.gnu-tools-for-stm32.7-2018-q2-update.win32_1.5.0.202011040924/tools/bin/../lib/gcc/arm-none-eabi/7.3.1/thumb/v7-m/crtbegin.o
                0x0000000020000010                . = ALIGN (0x4)

.bss            0x0000000020000010     0x2394 load address 0x00000000080080ec
                0x0000000020000010                _sbss = .
                0x0000000020000010                __bss_start__ = _sbss
 *(.bss)
 .bss           0x0000000020000010       0x1c c:/st/stm32cubeide_1.5.0/stm32cubeide/plugins/com.st.stm32cube.ide.mcu.externaltools.gnu-tools-for-stm32.7-2018-q2-update.win32_1.5.0.202011040924/tools/bin/../lib/gcc/arm-none-eabi/7.3.1/thumb/v7-m/crtbegin.o
 *(.bss*)
 .bss.xIdleTaskTCBBuffer
                0x000000002000002c       0x54 Core/Src/freertos.o
 .bss.xIdleStack
                0x0000000020000080      0x200 Core/Src/freertos.o
 .bss.fuel_f    0x0000000020000280        0x4 Core/Src/main.o
                0x0000000020000280                fuel_f
 .bss.pxCurrentTCB
                0x0000000020000284        0x4 Middlewares/Third_Party/FreeRTOS/Source/tasks.o
                0x0000000020000284                pxCurrentTCB
 .bss.pxReadyTasksLists
                0x0000000020000288       0x8c Middlewares/Third_Party/FreeRTOS/Source/tasks.o
 .bss.xDelayedTaskList1
                0x0000000020000314       0x14 Middlewares/Third_Party/FreeRTOS/Source/tasks.o
 .bss.xDelayedTaskList2
                0x0000000020000328       0x14 Middlewares/Third_Party/FreeRTOS/Source/tasks.o
 .bss.pxDelayedTaskList
                0x000000002000033c        0x4 Middlewares/Third_Party/FreeRTOS/Source/tasks.o
 .bss.pxOverflowDelayedTaskList
                0x0000000020000340        0x4 Middlewares/Third_Party/FreeRTOS/Source/tasks.o
 .bss.xPendingReadyList
                0x0000000020000344       0x14 Middlewares/Third_Party/FreeRTOS/Source/tasks.o
 .bss.xTasksWaitingTermination
                0x0000000020000358       0x14 Middlewares/Third_Party/FreeRTOS/Source/tasks.o
 .bss.uxDeletedTasksWaitingCleanUp
                0x000000002000036c        0x4 Middlewares/Third_Party/FreeRTOS/Source/tasks.o
 .bss.xSuspendedTaskList
                0x0000000020000370       0x14 Middlewares/Third_Party/FreeRTOS/Source/tasks.o
 .bss.uxCurrentNumberOfTasks
                0x0000000020000384        0x4 Middlewares/Third_Party/FreeRTOS/Source/tasks.o
 .bss.xTickCount
                0x0000000020000388        0x4 Middlewares/Third_Party/FreeRTOS/Source/tasks.o
 .bss.uxTopReadyPriority
                0x000000002000038c        0x4 Middlewares/Third_Party/FreeRTOS/Source/tasks.o
 .bss.xSchedulerRunning
                0x0000000020000390        0x4 Middlewares/Third_Party/FreeRTOS/Source/tasks.o
 .bss.uxPendedTicks
                0x0000000020000394        0x4 Middlewares/Third_Party/FreeRTOS/Source/tasks.o
 .bss.xYieldPending
                0x0000000020000398        0x4 Middlewares/Third_Party/FreeRTOS/Source/tasks.o
 .bss.xNumOfOverflows
                0x000000002000039c        0x4 Middlewares/Third_Party/FreeRTOS/Source/tasks.o
 .bss.uxTaskNumber
                0x00000000200003a0        0x4 Middlewares/Third_Party/FreeRTOS/Source/tasks.o
 .bss.xNextTaskUnblockTime
                0x00000000200003a4        0x4 Middlewares/Third_Party/FreeRTOS/Source/tasks.o
 .bss.xIdleTaskHandle
                0x00000000200003a8        0x4 Middlewares/Third_Party/FreeRTOS/Source/tasks.o
 .bss.uxSchedulerSuspended
                0x00000000200003ac        0x4 Middlewares/Third_Party/FreeRTOS/Source/tasks.o
 .bss.ucMaxSysCallPriority
                0x00000000200003b0        0x1 Middlewares/Third_Party/FreeRTOS/Source/portable/GCC/ARM_CM3/port.o
 *fill*         0x00000000200003b1        0x3 
 .bss.ulMaxPRIGROUPValue
                0x00000000200003b4        0x4 Middlewares/Third_Party/FreeRTOS/Source/portable/GCC/ARM_CM3/port.o
 .bss.ucHeap    0x00000000200003b8     0x1800 Middlewares/Third_Party/FreeRTOS/Source/portable/MemMang/heap_4.o
 .bss.xStart    0x0000000020001bb8        0x8 Middlewares/Third_Party/FreeRTOS/Source/portable/MemMang/heap_4.o
 .bss.pxEnd     0x0000000020001bc0        0x4 Middlewares/Third_Party/FreeRTOS/Source/portable/MemMang/heap_4.o
 .bss.xFreeBytesRemaining
                0x0000000020001bc4        0x4 Middlewares/Third_Party/FreeRTOS/Source/portable/MemMang/heap_4.o
 .bss.xMinimumEverFreeBytesRemaining
                0x0000000020001bc8        0x4 Middlewares/Third_Party/FreeRTOS/Source/portable/MemMang/heap_4.o
 .bss.xBlockAllocatedBit
                0x0000000020001bcc        0x4 Middlewares/Third_Party/FreeRTOS/Source/portable/MemMang/heap_4.o
 .bss._aTasks   0x0000000020001bd0       0xa0 Middlewares/Third_Party/SEGGER/OS/SEGGER_SYSVIEW_FreeRTOS.o
 .bss._NumTasks
                0x0000000020001c70        0x4 Middlewares/Third_Party/SEGGER/OS/SEGGER_SYSVIEW_FreeRTOS.o
 .bss._acUpBuffer
                0x0000000020001c74      0x400 Middlewares/Third_Party/SEGGER/SEGGER/SEGGER_RTT.o
 .bss._acDownBuffer
                0x0000000020002074       0x10 Middlewares/Third_Party/SEGGER/SEGGER/SEGGER_RTT.o
 .bss._SYSVIEW_Globals
                0x0000000020002084       0x28 Middlewares/Third_Party/SEGGER/SEGGER/SEGGER_SYSVIEW.o
 .bss._pFirstModule
                0x00000000200020ac        0x4 Middlewares/Third_Party/SEGGER/SEGGER/SEGGER_SYSVIEW.o
 .bss._NumModules
                0x00000000200020b0        0x1 Middlewares/Third_Party/SEGGER/SEGGER/SEGGER_SYSVIEW.o
 *fill*         0x00000000200020b1        0x3 
 .bss._aPacket  0x00000000200020b4       0xe3 Middlewares/Third_Party/SEGGER/SEGGER/SEGGER_SYSVIEW.o
 *(COMMON)
 *fill*         0x0000000020002197        0x1 
 COMMON         0x0000000020002198      0x120 Core/Src/main.o
                0x0000000020002198                analog
                0x00000000200021a0                OD_Task
                0x00000000200021a4                hi2c2
                0x00000000200021f8                RPM_Task
                0x00000000200021fc                Fuel_Task
                0x0000000020002200                xSemaphore
                0x0000000020002204                hcan
                0x000000002000222c                Bat_Task
                0x0000000020002230                Speed_Task
                0x0000000020002234                hadc1
                0x0000000020002264                temp16
                0x0000000020002268                hdma_adc1
                0x00000000200022ac                odbuff
                0x00000000200022b0                Temp_Task
                0x00000000200022b4                Start_Task
 COMMON         0x00000000200022b8       0x40 Core/Src/stm32f1xx_hal_timebase_tim.o
                0x00000000200022b8                htim1
 COMMON         0x00000000200022f8        0x4 Drivers/STM32F1xx_HAL_Driver/Src/stm32f1xx_hal.o
                0x00000000200022f8                uwTick
 COMMON         0x00000000200022fc       0xa8 Middlewares/Third_Party/SEGGER/SEGGER/SEGGER_RTT.o
                0x00000000200022fc                _SEGGER_RTT
                0x00000000200023a4                . = ALIGN (0x4)
                0x00000000200023a4                _ebss = .
                0x00000000200023a4                __bss_end__ = _ebss

._user_heap_stack
                0x00000000200023a4      0x604 load address 0x00000000080080ec
                0x00000000200023a8                . = ALIGN (0x8)
 *fill*         0x00000000200023a4        0x4 
                0x00000000200023a8                PROVIDE (end = .)
                [!provide]                        PROVIDE (_end = .)
                0x00000000200025a8                . = (. + _Min_Heap_Size)
 *fill*         0x00000000200023a8      0x200 
                0x00000000200029a8                . = (. + _Min_Stack_Size)
 *fill*         0x00000000200025a8      0x400 
                0x00000000200029a8                . = ALIGN (0x8)

/DISCARD/
 libc.a(*)
 libm.a(*)
 libgcc.a(*)

.ARM.attributes
                0x0000000000000000       0x29
 *(.ARM.attributes)
 .ARM.attributes
                0x0000000000000000       0x1d c:/st/stm32cubeide_1.5.0/stm32cubeide/plugins/com.st.stm32cube.ide.mcu.externaltools.gnu-tools-for-stm32.7-2018-q2-update.win32_1.5.0.202011040924/tools/bin/../lib/gcc/arm-none-eabi/7.3.1/thumb/v7-m/crti.o
 .ARM.attributes
                0x000000000000001d       0x2d c:/st/stm32cubeide_1.5.0/stm32cubeide/plugins/com.st.stm32cube.ide.mcu.externaltools.gnu-tools-for-stm32.7-2018-q2-update.win32_1.5.0.202011040924/tools/bin/../lib/gcc/arm-none-eabi/7.3.1/thumb/v7-m/crtbegin.o
 .ARM.attributes
                0x000000000000004a       0x33 Core/Src/freertos.o
 .ARM.attributes
                0x000000000000007d       0x33 Core/Src/main.o
 .ARM.attributes
                0x00000000000000b0       0x33 Core/Src/stm32f1xx_hal_msp.o
 .ARM.attributes
                0x00000000000000e3       0x33 Core/Src/stm32f1xx_hal_timebase_tim.o
 .ARM.attributes
                0x0000000000000116       0x33 Core/Src/stm32f1xx_it.o
 .ARM.attributes
                0x0000000000000149       0x33 Core/Src/system_stm32f1xx.o
 .ARM.attributes
                0x000000000000017c       0x33 Drivers/STM32F1xx_HAL_Driver/Src/stm32f1xx_hal.o
 .ARM.attributes
                0x00000000000001af       0x33 Drivers/STM32F1xx_HAL_Driver/Src/stm32f1xx_hal_adc.o
 .ARM.attributes
                0x00000000000001e2       0x33 Drivers/STM32F1xx_HAL_Driver/Src/stm32f1xx_hal_can.o
 .ARM.attributes
                0x0000000000000215       0x33 Drivers/STM32F1xx_HAL_Driver/Src/stm32f1xx_hal_cortex.o
 .ARM.attributes
                0x0000000000000248       0x33 Drivers/STM32F1xx_HAL_Driver/Src/stm32f1xx_hal_dma.o
 .ARM.attributes
                0x000000000000027b       0x33 Drivers/STM32F1xx_HAL_Driver/Src/stm32f1xx_hal_gpio.o
 .ARM.attributes
                0x00000000000002ae       0x33 Drivers/STM32F1xx_HAL_Driver/Src/stm32f1xx_hal_i2c.o
 .ARM.attributes
                0x00000000000002e1       0x33 Drivers/STM32F1xx_HAL_Driver/Src/stm32f1xx_hal_rcc.o
 .ARM.attributes
                0x0000000000000314       0x33 Drivers/STM32F1xx_HAL_Driver/Src/stm32f1xx_hal_rcc_ex.o
 .ARM.attributes
                0x0000000000000347       0x33 Drivers/STM32F1xx_HAL_Driver/Src/stm32f1xx_hal_tim.o
 .ARM.attributes
                0x000000000000037a       0x33 Drivers/STM32F1xx_HAL_Driver/Src/stm32f1xx_hal_tim_ex.o
 .ARM.attributes
                0x00000000000003ad       0x21 Drivers/Startup/startup_stm32f103c8tx.o
 .ARM.attributes
                0x00000000000003ce       0x33 Middlewares/Third_Party/FreeRTOS/Source/list.o
 .ARM.attributes
                0x0000000000000401       0x33 Middlewares/Third_Party/FreeRTOS/Source/queue.o
 .ARM.attributes
                0x0000000000000434       0x33 Middlewares/Third_Party/FreeRTOS/Source/tasks.o
 .ARM.attributes
                0x0000000000000467       0x33 Middlewares/Third_Party/FreeRTOS/Source/portable/GCC/ARM_CM3/port.o
 .ARM.attributes
                0x000000000000049a       0x33 Middlewares/Third_Party/FreeRTOS/Source/portable/MemMang/heap_4.o
 .ARM.attributes
                0x00000000000004cd       0x33 Middlewares/Third_Party/SEGGER/OS/SEGGER_SYSVIEW_FreeRTOS.o
 .ARM.attributes
                0x0000000000000500       0x33 Middlewares/Third_Party/SEGGER/SEGGER/SEGGER_RTT.o
 .ARM.attributes
                0x0000000000000533       0x21 Middlewares/Third_Party/SEGGER/SEGGER/SEGGER_RTT_ASM_ARMv7M.o
 .ARM.attributes
                0x0000000000000554       0x33 Middlewares/Third_Party/SEGGER/SEGGER/SEGGER_SYSVIEW.o
 .ARM.attributes
                0x0000000000000587       0x2d c:/st/stm32cubeide_1.5.0/stm32cubeide/plugins/com.st.stm32cube.ide.mcu.externaltools.gnu-tools-for-stm32.7-2018-q2-update.win32_1.5.0.202011040924/tools/bin/../lib/gcc/arm-none-eabi/7.3.1/../../../../arm-none-eabi/lib/thumb/v7-m\libc_nano.a(lib_a-init.o)
 .ARM.attributes
                0x00000000000005b4       0x2d c:/st/stm32cubeide_1.5.0/stm32cubeide/plugins/com.st.stm32cube.ide.mcu.externaltools.gnu-tools-for-stm32.7-2018-q2-update.win32_1.5.0.202011040924/tools/bin/../lib/gcc/arm-none-eabi/7.3.1/../../../../arm-none-eabi/lib/thumb/v7-m\libc_nano.a(lib_a-memcmp.o)
 .ARM.attributes
                0x00000000000005e1       0x2d c:/st/stm32cubeide_1.5.0/stm32cubeide/plugins/com.st.stm32cube.ide.mcu.externaltools.gnu-tools-for-stm32.7-2018-q2-update.win32_1.5.0.202011040924/tools/bin/../lib/gcc/arm-none-eabi/7.3.1/../../../../arm-none-eabi/lib/thumb/v7-m\libc_nano.a(lib_a-memcpy-stub.o)
 .ARM.attributes
                0x000000000000060e       0x2d c:/st/stm32cubeide_1.5.0/stm32cubeide/plugins/com.st.stm32cube.ide.mcu.externaltools.gnu-tools-for-stm32.7-2018-q2-update.win32_1.5.0.202011040924/tools/bin/../lib/gcc/arm-none-eabi/7.3.1/../../../../arm-none-eabi/lib/thumb/v7-m\libc_nano.a(lib_a-memset.o)
 .ARM.attributes
                0x000000000000063b       0x1d c:/st/stm32cubeide_1.5.0/stm32cubeide/plugins/com.st.stm32cube.ide.mcu.externaltools.gnu-tools-for-stm32.7-2018-q2-update.win32_1.5.0.202011040924/tools/bin/../lib/gcc/arm-none-eabi/7.3.1/thumb/v7-m\libgcc.a(_arm_addsubdf3.o)
 .ARM.attributes
                0x0000000000000658       0x1d c:/st/stm32cubeide_1.5.0/stm32cubeide/plugins/com.st.stm32cube.ide.mcu.externaltools.gnu-tools-for-stm32.7-2018-q2-update.win32_1.5.0.202011040924/tools/bin/../lib/gcc/arm-none-eabi/7.3.1/thumb/v7-m\libgcc.a(_arm_muldivdf3.o)
 .ARM.attributes
                0x0000000000000675       0x1d c:/st/stm32cubeide_1.5.0/stm32cubeide/plugins/com.st.stm32cube.ide.mcu.externaltools.gnu-tools-for-stm32.7-2018-q2-update.win32_1.5.0.202011040924/tools/bin/../lib/gcc/arm-none-eabi/7.3.1/thumb/v7-m\libgcc.a(_arm_truncdfsf2.o)
 .ARM.attributes
                0x0000000000000692       0x1d c:/st/stm32cubeide_1.5.0/stm32cubeide/plugins/com.st.stm32cube.ide.mcu.externaltools.gnu-tools-for-stm32.7-2018-q2-update.win32_1.5.0.202011040924/tools/bin/../lib/gcc/arm-none-eabi/7.3.1/thumb/v7-m\libgcc.a(_arm_addsubsf3.o)
 .ARM.attributes
                0x00000000000006af       0x1d c:/st/stm32cubeide_1.5.0/stm32cubeide/plugins/com.st.stm32cube.ide.mcu.externaltools.gnu-tools-for-stm32.7-2018-q2-update.win32_1.5.0.202011040924/tools/bin/../lib/gcc/arm-none-eabi/7.3.1/thumb/v7-m\libgcc.a(_arm_fixunssfsi.o)
 .ARM.attributes
                0x00000000000006cc       0x1d c:/st/stm32cubeide_1.5.0/stm32cubeide/plugins/com.st.stm32cube.ide.mcu.externaltools.gnu-tools-for-stm32.7-2018-q2-update.win32_1.5.0.202011040924/tools/bin/../lib/gcc/arm-none-eabi/7.3.1/thumb/v7-m/crtn.o
OUTPUT(Rear_ECU.elf elf32-littlearm)

.debug_info     0x0000000000000000    0x1ae17
 .debug_info    0x0000000000000000      0x34a Core/Src/freertos.o
 .debug_info    0x000000000000034a     0x1a80 Core/Src/main.o
 .debug_info    0x0000000000001dca     0x110c Core/Src/stm32f1xx_hal_msp.o
 .debug_info    0x0000000000002ed6      0x8e8 Core/Src/stm32f1xx_hal_timebase_tim.o
 .debug_info    0x00000000000037be      0xa7e Core/Src/stm32f1xx_it.o
 .debug_info    0x000000000000423c      0x433 Core/Src/system_stm32f1xx.o
 .debug_info    0x000000000000466f      0x6fe Drivers/STM32F1xx_HAL_Driver/Src/stm32f1xx_hal.o
 .debug_info    0x0000000000004d6d      0xc61 Drivers/STM32F1xx_HAL_Driver/Src/stm32f1xx_hal_adc.o
 .debug_info    0x00000000000059ce      0xf92 Drivers/STM32F1xx_HAL_Driver/Src/stm32f1xx_hal_can.o
 .debug_info    0x0000000000006960      0xb46 Drivers/STM32F1xx_HAL_Driver/Src/stm32f1xx_hal_cortex.o
 .debug_info    0x00000000000074a6      0x7a6 Drivers/STM32F1xx_HAL_Driver/Src/stm32f1xx_hal_dma.o
 .debug_info    0x0000000000007c4c      0x681 Drivers/STM32F1xx_HAL_Driver/Src/stm32f1xx_hal_gpio.o
 .debug_info    0x00000000000082cd     0x2457 Drivers/STM32F1xx_HAL_Driver/Src/stm32f1xx_hal_i2c.o
 .debug_info    0x000000000000a724      0x804 Drivers/STM32F1xx_HAL_Driver/Src/stm32f1xx_hal_rcc.o
 .debug_info    0x000000000000af28      0x439 Drivers/STM32F1xx_HAL_Driver/Src/stm32f1xx_hal_rcc_ex.o
 .debug_info    0x000000000000b361     0x2456 Drivers/STM32F1xx_HAL_Driver/Src/stm32f1xx_hal_tim.o
 .debug_info    0x000000000000d7b7     0x1104 Drivers/STM32F1xx_HAL_Driver/Src/stm32f1xx_hal_tim_ex.o
 .debug_info    0x000000000000e8bb       0x22 Drivers/Startup/startup_stm32f103c8tx.o
 .debug_info    0x000000000000e8dd      0xadb Middlewares/Third_Party/FreeRTOS/Source/list.o
 .debug_info    0x000000000000f3b8     0x1f47 Middlewares/Third_Party/FreeRTOS/Source/queue.o
 .debug_info    0x00000000000112ff     0x25cb Middlewares/Third_Party/FreeRTOS/Source/tasks.o
 .debug_info    0x00000000000138ca      0x559 Middlewares/Third_Party/FreeRTOS/Source/portable/GCC/ARM_CM3/port.o
 .debug_info    0x0000000000013e23      0xc00 Middlewares/Third_Party/FreeRTOS/Source/portable/MemMang/heap_4.o
 .debug_info    0x0000000000014a23      0xb92 Middlewares/Third_Party/SEGGER/OS/SEGGER_SYSVIEW_FreeRTOS.o
 .debug_info    0x00000000000155b5     0x1bab Middlewares/Third_Party/SEGGER/SEGGER/SEGGER_RTT.o
 .debug_info    0x0000000000017160       0x26 Middlewares/Third_Party/SEGGER/SEGGER/SEGGER_RTT_ASM_ARMv7M.o
 .debug_info    0x0000000000017186     0x3c91 Middlewares/Third_Party/SEGGER/SEGGER/SEGGER_SYSVIEW.o

.debug_abbrev   0x0000000000000000     0x35ec
 .debug_abbrev  0x0000000000000000      0x109 Core/Src/freertos.o
 .debug_abbrev  0x0000000000000109      0x2bf Core/Src/main.o
 .debug_abbrev  0x00000000000003c8      0x207 Core/Src/stm32f1xx_hal_msp.o
 .debug_abbrev  0x00000000000005cf      0x19d Core/Src/stm32f1xx_hal_timebase_tim.o
 .debug_abbrev  0x000000000000076c      0x1a3 Core/Src/stm32f1xx_it.o
 .debug_abbrev  0x000000000000090f      0x134 Core/Src/system_stm32f1xx.o
 .debug_abbrev  0x0000000000000a43      0x1d8 Drivers/STM32F1xx_HAL_Driver/Src/stm32f1xx_hal.o
 .debug_abbrev  0x0000000000000c1b      0x1d5 Drivers/STM32F1xx_HAL_Driver/Src/stm32f1xx_hal_adc.o
 .debug_abbrev  0x0000000000000df0      0x20e Drivers/STM32F1xx_HAL_Driver/Src/stm32f1xx_hal_can.o
 .debug_abbrev  0x0000000000000ffe      0x2d5 Drivers/STM32F1xx_HAL_Driver/Src/stm32f1xx_hal_cortex.o
 .debug_abbrev  0x00000000000012d3      0x1fe Drivers/STM32F1xx_HAL_Driver/Src/stm32f1xx_hal_dma.o
 .debug_abbrev  0x00000000000014d1      0x1c0 Drivers/STM32F1xx_HAL_Driver/Src/stm32f1xx_hal_gpio.o
 .debug_abbrev  0x0000000000001691      0x258 Drivers/STM32F1xx_HAL_Driver/Src/stm32f1xx_hal_i2c.o
 .debug_abbrev  0x00000000000018e9      0x243 Drivers/STM32F1xx_HAL_Driver/Src/stm32f1xx_hal_rcc.o
 .debug_abbrev  0x0000000000001b2c      0x175 Drivers/STM32F1xx_HAL_Driver/Src/stm32f1xx_hal_rcc_ex.o
 .debug_abbrev  0x0000000000001ca1      0x230 Drivers/STM32F1xx_HAL_Driver/Src/stm32f1xx_hal_tim.o
 .debug_abbrev  0x0000000000001ed1      0x21e Drivers/STM32F1xx_HAL_Driver/Src/stm32f1xx_hal_tim_ex.o
 .debug_abbrev  0x00000000000020ef       0x12 Drivers/Startup/startup_stm32f103c8tx.o
 .debug_abbrev  0x0000000000002101      0x1cf Middlewares/Third_Party/FreeRTOS/Source/list.o
 .debug_abbrev  0x00000000000022d0      0x354 Middlewares/Third_Party/FreeRTOS/Source/queue.o
 .debug_abbrev  0x0000000000002624      0x345 Middlewares/Third_Party/FreeRTOS/Source/tasks.o
 .debug_abbrev  0x0000000000002969      0x205 Middlewares/Third_Party/FreeRTOS/Source/portable/GCC/ARM_CM3/port.o
 .debug_abbrev  0x0000000000002b6e      0x29e Middlewares/Third_Party/FreeRTOS/Source/portable/MemMang/heap_4.o
 .debug_abbrev  0x0000000000002e0c      0x1ed Middlewares/Third_Party/SEGGER/OS/SEGGER_SYSVIEW_FreeRTOS.o
 .debug_abbrev  0x0000000000002ff9      0x2a7 Middlewares/Third_Party/SEGGER/SEGGER/SEGGER_RTT.o
 .debug_abbrev  0x00000000000032a0       0x14 Middlewares/Third_Party/SEGGER/SEGGER/SEGGER_RTT_ASM_ARMv7M.o
 .debug_abbrev  0x00000000000032b4      0x338 Middlewares/Third_Party/SEGGER/SEGGER/SEGGER_SYSVIEW.o

.debug_aranges  0x0000000000000000     0x1728
 .debug_aranges
                0x0000000000000000       0x20 Core/Src/freertos.o
 .debug_aranges
                0x0000000000000020       0xa0 Core/Src/main.o
 .debug_aranges
                0x00000000000000c0       0x50 Core/Src/stm32f1xx_hal_msp.o
 .debug_aranges
                0x0000000000000110       0x30 Core/Src/stm32f1xx_hal_timebase_tim.o
 .debug_aranges
                0x0000000000000140       0x78 Core/Src/stm32f1xx_it.o
 .debug_aranges
                0x00000000000001b8       0x28 Core/Src/system_stm32f1xx.o
 .debug_aranges
                0x00000000000001e0       0xe0 Drivers/STM32F1xx_HAL_Driver/Src/stm32f1xx_hal.o
 .debug_aranges
                0x00000000000002c0       0xf0 Drivers/STM32F1xx_HAL_Driver/Src/stm32f1xx_hal_adc.o
 .debug_aranges
                0x00000000000003b0      0x138 Drivers/STM32F1xx_HAL_Driver/Src/stm32f1xx_hal_can.o
 .debug_aranges
                0x00000000000004e8      0x100 Drivers/STM32F1xx_HAL_Driver/Src/stm32f1xx_hal_cortex.o
 .debug_aranges
                0x00000000000005e8       0x80 Drivers/STM32F1xx_HAL_Driver/Src/stm32f1xx_hal_dma.o
 .debug_aranges
                0x0000000000000668       0x58 Drivers/STM32F1xx_HAL_Driver/Src/stm32f1xx_hal_gpio.o
 .debug_aranges
                0x00000000000006c0      0x290 Drivers/STM32F1xx_HAL_Driver/Src/stm32f1xx_hal_i2c.o
 .debug_aranges
                0x0000000000000950       0x90 Drivers/STM32F1xx_HAL_Driver/Src/stm32f1xx_hal_rcc.o
 .debug_aranges
                0x00000000000009e0       0x30 Drivers/STM32F1xx_HAL_Driver/Src/stm32f1xx_hal_rcc_ex.o
 .debug_aranges
                0x0000000000000a10      0x3a8 Drivers/STM32F1xx_HAL_Driver/Src/stm32f1xx_hal_tim.o
 .debug_aranges
                0x0000000000000db8      0x150 Drivers/STM32F1xx_HAL_Driver/Src/stm32f1xx_hal_tim_ex.o
 .debug_aranges
                0x0000000000000f08       0x28 Drivers/Startup/startup_stm32f103c8tx.o
 .debug_aranges
                0x0000000000000f30       0x40 Middlewares/Third_Party/FreeRTOS/Source/list.o
 .debug_aranges
                0x0000000000000f70      0x108 Middlewares/Third_Party/FreeRTOS/Source/queue.o
 .debug_aranges
                0x0000000000001078      0x1c0 Middlewares/Third_Party/FreeRTOS/Source/tasks.o
 .debug_aranges
                0x0000000000001238       0x80 Middlewares/Third_Party/FreeRTOS/Source/portable/GCC/ARM_CM3/port.o
 .debug_aranges
                0x00000000000012b8       0x50 Middlewares/Third_Party/FreeRTOS/Source/portable/MemMang/heap_4.o
 .debug_aranges
                0x0000000000001308       0x48 Middlewares/Third_Party/SEGGER/OS/SEGGER_SYSVIEW_FreeRTOS.o
 .debug_aranges
                0x0000000000001350      0x138 Middlewares/Third_Party/SEGGER/SEGGER/SEGGER_RTT.o
 .debug_aranges
                0x0000000000001488       0x20 Middlewares/Third_Party/SEGGER/SEGGER/SEGGER_RTT_ASM_ARMv7M.o
 .debug_aranges
                0x00000000000014a8      0x280 Middlewares/Third_Party/SEGGER/SEGGER/SEGGER_SYSVIEW.o

.debug_ranges   0x0000000000000000     0x1590
 .debug_ranges  0x0000000000000000       0x10 Core/Src/freertos.o
 .debug_ranges  0x0000000000000010       0x90 Core/Src/main.o
 .debug_ranges  0x00000000000000a0       0x40 Core/Src/stm32f1xx_hal_msp.o
 .debug_ranges  0x00000000000000e0       0x20 Core/Src/stm32f1xx_hal_timebase_tim.o
 .debug_ranges  0x0000000000000100       0x68 Core/Src/stm32f1xx_it.o
 .debug_ranges  0x0000000000000168       0x18 Core/Src/system_stm32f1xx.o
 .debug_ranges  0x0000000000000180       0xd0 Drivers/STM32F1xx_HAL_Driver/Src/stm32f1xx_hal.o
 .debug_ranges  0x0000000000000250       0xe0 Drivers/STM32F1xx_HAL_Driver/Src/stm32f1xx_hal_adc.o
 .debug_ranges  0x0000000000000330      0x128 Drivers/STM32F1xx_HAL_Driver/Src/stm32f1xx_hal_can.o
 .debug_ranges  0x0000000000000458       0xf0 Drivers/STM32F1xx_HAL_Driver/Src/stm32f1xx_hal_cortex.o
 .debug_ranges  0x0000000000000548       0x70 Drivers/STM32F1xx_HAL_Driver/Src/stm32f1xx_hal_dma.o
 .debug_ranges  0x00000000000005b8       0x48 Drivers/STM32F1xx_HAL_Driver/Src/stm32f1xx_hal_gpio.o
 .debug_ranges  0x0000000000000600      0x2a0 Drivers/STM32F1xx_HAL_Driver/Src/stm32f1xx_hal_i2c.o
 .debug_ranges  0x00000000000008a0       0x80 Drivers/STM32F1xx_HAL_Driver/Src/stm32f1xx_hal_rcc.o
 .debug_ranges  0x0000000000000920       0x20 Drivers/STM32F1xx_HAL_Driver/Src/stm32f1xx_hal_rcc_ex.o
 .debug_ranges  0x0000000000000940      0x398 Drivers/STM32F1xx_HAL_Driver/Src/stm32f1xx_hal_tim.o
 .debug_ranges  0x0000000000000cd8      0x140 Drivers/STM32F1xx_HAL_Driver/Src/stm32f1xx_hal_tim_ex.o
 .debug_ranges  0x0000000000000e18       0x20 Drivers/Startup/startup_stm32f103c8tx.o
 .debug_ranges  0x0000000000000e38       0x30 Middlewares/Third_Party/FreeRTOS/Source/list.o
 .debug_ranges  0x0000000000000e68       0xf8 Middlewares/Third_Party/FreeRTOS/Source/queue.o
 .debug_ranges  0x0000000000000f60      0x1b0 Middlewares/Third_Party/FreeRTOS/Source/tasks.o
 .debug_ranges  0x0000000000001110       0x70 Middlewares/Third_Party/FreeRTOS/Source/portable/GCC/ARM_CM3/port.o
 .debug_ranges  0x0000000000001180       0x40 Middlewares/Third_Party/FreeRTOS/Source/portable/MemMang/heap_4.o
 .debug_ranges  0x00000000000011c0       0x38 Middlewares/Third_Party/SEGGER/OS/SEGGER_SYSVIEW_FreeRTOS.o
 .debug_ranges  0x00000000000011f8      0x128 Middlewares/Third_Party/SEGGER/SEGGER/SEGGER_RTT.o
 .debug_ranges  0x0000000000001320      0x270 Middlewares/Third_Party/SEGGER/SEGGER/SEGGER_SYSVIEW.o

.debug_macro    0x0000000000000000     0x49d5
 .debug_macro   0x0000000000000000      0x28b Core/Src/freertos.o
 .debug_macro   0x000000000000028b       0xe2 Core/Src/freertos.o
 .debug_macro   0x000000000000036d       0x58 Core/Src/freertos.o
 .debug_macro   0x00000000000003c5       0x46 Core/Src/freertos.o
 .debug_macro   0x000000000000040b       0x64 Core/Src/freertos.o
 .debug_macro   0x000000000000046f       0x10 Core/Src/freertos.o
 .debug_macro   0x000000000000047f       0x49 Core/Src/freertos.o
 .debug_macro   0x00000000000004c8       0xc3 Core/Src/freertos.o
 .debug_macro   0x000000000000058b      0x204 Core/Src/freertos.o
 .debug_macro   0x000000000000078f      0x450 Core/Src/freertos.o
 .debug_macro   0x0000000000000bdf      0x15a Core/Src/freertos.o
 .debug_macro   0x0000000000000d39       0xd7 Core/Src/freertos.o
 .debug_macro   0x0000000000000e10       0x10 Core/Src/freertos.o
 .debug_macro   0x0000000000000e20       0x1f Core/Src/freertos.o
 .debug_macro   0x0000000000000e3f      0x38a Core/Src/freertos.o
 .debug_macro   0x00000000000011c9       0xb5 Core/Src/freertos.o
 .debug_macro   0x000000000000127e       0x8c Core/Src/freertos.o
 .debug_macro   0x000000000000130a      0x2d1 Core/Src/main.o
 .debug_macro   0x00000000000015db       0xe2 Core/Src/main.o
 .debug_macro   0x00000000000016bd       0x8d Core/Src/main.o
 .debug_macro   0x000000000000174a       0x7e Core/Src/main.o
 .debug_macro   0x00000000000017c8      0x273 Core/Src/stm32f1xx_hal_msp.o
 .debug_macro   0x0000000000001a3b      0x1b8 Core/Src/stm32f1xx_hal_timebase_tim.o
 .debug_macro   0x0000000000001bf3      0x295 Core/Src/stm32f1xx_it.o
 .debug_macro   0x0000000000001e88      0x1be Core/Src/system_stm32f1xx.o
 .debug_macro   0x0000000000002046      0x1dc Drivers/STM32F1xx_HAL_Driver/Src/stm32f1xx_hal.o
 .debug_macro   0x0000000000002222      0x1d5 Drivers/STM32F1xx_HAL_Driver/Src/stm32f1xx_hal_adc.o
 .debug_macro   0x00000000000023f7      0x1c0 Drivers/STM32F1xx_HAL_Driver/Src/stm32f1xx_hal_can.o
 .debug_macro   0x00000000000025b7      0x1b8 Drivers/STM32F1xx_HAL_Driver/Src/stm32f1xx_hal_cortex.o
 .debug_macro   0x000000000000276f      0x1b8 Drivers/STM32F1xx_HAL_Driver/Src/stm32f1xx_hal_dma.o
 .debug_macro   0x0000000000002927      0x223 Drivers/STM32F1xx_HAL_Driver/Src/stm32f1xx_hal_gpio.o
 .debug_macro   0x0000000000002b4a      0x1f8 Drivers/STM32F1xx_HAL_Driver/Src/stm32f1xx_hal_i2c.o
 .debug_macro   0x0000000000002d42      0x1ca Drivers/STM32F1xx_HAL_Driver/Src/stm32f1xx_hal_rcc.o
 .debug_macro   0x0000000000002f0c      0x1b8 Drivers/STM32F1xx_HAL_Driver/Src/stm32f1xx_hal_rcc_ex.o
 .debug_macro   0x00000000000030c4      0x1b9 Drivers/STM32F1xx_HAL_Driver/Src/stm32f1xx_hal_tim.o
 .debug_macro   0x000000000000327d      0x1b8 Drivers/STM32F1xx_HAL_Driver/Src/stm32f1xx_hal_tim_ex.o
 .debug_macro   0x0000000000003435      0x1db Middlewares/Third_Party/FreeRTOS/Source/list.o
 .debug_macro   0x0000000000003610      0x266 Middlewares/Third_Party/FreeRTOS/Source/queue.o
 .debug_macro   0x0000000000003876       0x16 Middlewares/Third_Party/FreeRTOS/Source/queue.o
 .debug_macro   0x000000000000388c      0x2db Middlewares/Third_Party/FreeRTOS/Source/tasks.o
 .debug_macro   0x0000000000003b67       0x10 Middlewares/Third_Party/FreeRTOS/Source/tasks.o
 .debug_macro   0x0000000000003b77      0x1d3 Middlewares/Third_Party/FreeRTOS/Source/portable/GCC/ARM_CM3/port.o
 .debug_macro   0x0000000000003d4a      0x202 Middlewares/Third_Party/FreeRTOS/Source/portable/MemMang/heap_4.o
 .debug_macro   0x0000000000003f4c      0x1f6 Middlewares/Third_Party/SEGGER/OS/SEGGER_SYSVIEW_FreeRTOS.o
 .debug_macro   0x0000000000004142      0x1b0 Middlewares/Third_Party/SEGGER/SEGGER/SEGGER_RTT.o
 .debug_macro   0x00000000000042f2       0x34 Middlewares/Third_Party/SEGGER/SEGGER/SEGGER_RTT.o
 .debug_macro   0x0000000000004326      0x138 Middlewares/Third_Party/SEGGER/SEGGER/SEGGER_RTT.o
 .debug_macro   0x000000000000445e      0x205 Middlewares/Third_Party/SEGGER/SEGGER/SEGGER_SYSVIEW.o
 .debug_macro   0x0000000000004663      0x204 Middlewares/Third_Party/SEGGER/SEGGER/SEGGER_SYSVIEW.o
 .debug_macro   0x0000000000004867      0x16e Middlewares/Third_Party/SEGGER/SEGGER/SEGGER_SYSVIEW.o

.debug_line     0x0000000000000000    0x12861
 .debug_line    0x0000000000000000      0x8d3 Core/Src/freertos.o
 .debug_line    0x00000000000008d3      0xb4b Core/Src/main.o
 .debug_line    0x000000000000141e      0x975 Core/Src/stm32f1xx_hal_msp.o
 .debug_line    0x0000000000001d93      0x6b1 Core/Src/stm32f1xx_hal_timebase_tim.o
 .debug_line    0x0000000000002444      0x9b8 Core/Src/stm32f1xx_it.o
 .debug_line    0x0000000000002dfc      0x6ae Core/Src/system_stm32f1xx.o
 .debug_line    0x00000000000034aa      0x856 Drivers/STM32F1xx_HAL_Driver/Src/stm32f1xx_hal.o
 .debug_line    0x0000000000003d00      0xba8 Drivers/STM32F1xx_HAL_Driver/Src/stm32f1xx_hal_adc.o
 .debug_line    0x00000000000048a8      0xb26 Drivers/STM32F1xx_HAL_Driver/Src/stm32f1xx_hal_can.o
 .debug_line    0x00000000000053ce      0x92f Drivers/STM32F1xx_HAL_Driver/Src/stm32f1xx_hal_cortex.o
 .debug_line    0x0000000000005cfd      0xabd Drivers/STM32F1xx_HAL_Driver/Src/stm32f1xx_hal_dma.o
 .debug_line    0x00000000000067ba      0x856 Drivers/STM32F1xx_HAL_Driver/Src/stm32f1xx_hal_gpio.o
 .debug_line    0x0000000000007010     0x1b19 Drivers/STM32F1xx_HAL_Driver/Src/stm32f1xx_hal_i2c.o
 .debug_line    0x0000000000008b29      0x918 Drivers/STM32F1xx_HAL_Driver/Src/stm32f1xx_hal_rcc.o
 .debug_line    0x0000000000009441      0x736 Drivers/STM32F1xx_HAL_Driver/Src/stm32f1xx_hal_rcc_ex.o
 .debug_line    0x0000000000009b77     0x171c Drivers/STM32F1xx_HAL_Driver/Src/stm32f1xx_hal_tim.o
 .debug_line    0x000000000000b293      0xc69 Drivers/STM32F1xx_HAL_Driver/Src/stm32f1xx_hal_tim_ex.o
 .debug_line    0x000000000000befc       0x87 Drivers/Startup/startup_stm32f103c8tx.o
 .debug_line    0x000000000000bf83      0x7c8 Middlewares/Third_Party/FreeRTOS/Source/list.o
 .debug_line    0x000000000000c74b     0x10e3 Middlewares/Third_Party/FreeRTOS/Source/queue.o
 .debug_line    0x000000000000d82e     0x13cb Middlewares/Third_Party/FreeRTOS/Source/tasks.o
 .debug_line    0x000000000000ebf9      0x7f6 Middlewares/Third_Party/FreeRTOS/Source/portable/GCC/ARM_CM3/port.o
 .debug_line    0x000000000000f3ef      0x8ae Middlewares/Third_Party/FreeRTOS/Source/portable/MemMang/heap_4.o
 .debug_line    0x000000000000fc9d      0x85d Middlewares/Third_Party/SEGGER/OS/SEGGER_SYSVIEW_FreeRTOS.o
 .debug_line    0x00000000000104fa      0xa06 Middlewares/Third_Party/SEGGER/SEGGER/SEGGER_RTT.o
 .debug_line    0x0000000000010f00       0xab Middlewares/Third_Party/SEGGER/SEGGER/SEGGER_RTT_ASM_ARMv7M.o
 .debug_line    0x0000000000010fab     0x18b6 Middlewares/Third_Party/SEGGER/SEGGER/SEGGER_SYSVIEW.o

.debug_str      0x0000000000000000    0x8641e
 .debug_str     0x0000000000000000    0x789b3 Core/Src/freertos.o
                                      0x78cc8 (size before relaxing)
 .debug_str     0x00000000000789b3     0x2270 Core/Src/main.o
                                      0x7af46 (size before relaxing)
 .debug_str     0x000000000007ac23       0xc0 Core/Src/stm32f1xx_hal_msp.o
                                      0x78a83 (size before relaxing)
 .debug_str     0x000000000007ace3       0xaa Core/Src/stm32f1xx_hal_timebase_tim.o
                                      0x71964 (size before relaxing)
 .debug_str     0x000000000007ad8d       0xd3 Core/Src/stm32f1xx_it.o
                                      0x792ba (size before relaxing)
 .debug_str     0x000000000007ae60       0xbe Core/Src/system_stm32f1xx.o
                                      0x7127e (size before relaxing)
 .debug_str     0x000000000007af1e      0x37a Drivers/STM32F1xx_HAL_Driver/Src/stm32f1xx_hal.o
                                      0x71893 (size before relaxing)
 .debug_str     0x000000000007b298      0x357 Drivers/STM32F1xx_HAL_Driver/Src/stm32f1xx_hal_adc.o
                                      0x71898 (size before relaxing)
 .debug_str     0x000000000007b5ef      0x49c Drivers/STM32F1xx_HAL_Driver/Src/stm32f1xx_hal_can.o
                                      0x71a28 (size before relaxing)
 .debug_str     0x000000000007ba8b      0x2a0 Drivers/STM32F1xx_HAL_Driver/Src/stm32f1xx_hal_cortex.o
                                      0x718a1 (size before relaxing)
 .debug_str     0x000000000007bd2b      0x235 Drivers/STM32F1xx_HAL_Driver/Src/stm32f1xx_hal_dma.o
                                      0x715e3 (size before relaxing)
 .debug_str     0x000000000007bf60      0x31f Drivers/STM32F1xx_HAL_Driver/Src/stm32f1xx_hal_gpio.o
                                      0x715cc (size before relaxing)
 .debug_str     0x000000000007c27f      0xb5a Drivers/STM32F1xx_HAL_Driver/Src/stm32f1xx_hal_i2c.o
                                      0x721f8 (size before relaxing)
 .debug_str     0x000000000007cdd9      0x24e Drivers/STM32F1xx_HAL_Driver/Src/stm32f1xx_hal_rcc.o
                                      0x71605 (size before relaxing)
 .debug_str     0x000000000007d027       0xb9 Drivers/STM32F1xx_HAL_Driver/Src/stm32f1xx_hal_rcc_ex.o
                                      0x71392 (size before relaxing)
 .debug_str     0x000000000007d0e0      0xdd0 Drivers/STM32F1xx_HAL_Driver/Src/stm32f1xx_hal_tim.o
                                      0x723d0 (size before relaxing)
 .debug_str     0x000000000007deb0      0x579 Drivers/STM32F1xx_HAL_Driver/Src/stm32f1xx_hal_tim_ex.o
                                      0x71bd0 (size before relaxing)
 .debug_str     0x000000000007e429       0x39 Drivers/Startup/startup_stm32f103c8tx.o
                                         0x58 (size before relaxing)
 .debug_str     0x000000000007e462     0x30d2 Middlewares/Third_Party/FreeRTOS/Source/list.o
                                       0xe4a8 (size before relaxing)
 .debug_str     0x0000000000081534      0x931 Middlewares/Third_Party/FreeRTOS/Source/queue.o
                                       0xfb5c (size before relaxing)
 .debug_str     0x0000000000081e65     0x1b26 Middlewares/Third_Party/FreeRTOS/Source/tasks.o
                                      0x1080d (size before relaxing)
 .debug_str     0x000000000008398b      0x702 Middlewares/Third_Party/FreeRTOS/Source/portable/GCC/ARM_CM3/port.o
                                       0xc0a0 (size before relaxing)
 .debug_str     0x000000000008408d      0x25a Middlewares/Third_Party/FreeRTOS/Source/portable/MemMang/heap_4.o
                                       0xebcb (size before relaxing)
 .debug_str     0x00000000000842e7      0x159 Middlewares/Third_Party/SEGGER/OS/SEGGER_SYSVIEW_FreeRTOS.o
                                       0xea1f (size before relaxing)
 .debug_str     0x0000000000084440     0x1035 Middlewares/Third_Party/SEGGER/SEGGER/SEGGER_RTT.o
                                       0x78a4 (size before relaxing)
 .debug_str     0x0000000000085475       0x41 Middlewares/Third_Party/SEGGER/SEGGER/SEGGER_RTT_ASM_ARMv7M.o
                                         0x6e (size before relaxing)
 .debug_str     0x00000000000854b6      0xf68 Middlewares/Third_Party/SEGGER/SEGGER/SEGGER_SYSVIEW.o
                                       0x986f (size before relaxing)

.comment        0x0000000000000000       0x7b
 .comment       0x0000000000000000       0x7b Core/Src/freertos.o
                                         0x7c (size before relaxing)
 .comment       0x000000000000007b       0x7c Core/Src/main.o
 .comment       0x000000000000007b       0x7c Core/Src/stm32f1xx_hal_msp.o
 .comment       0x000000000000007b       0x7c Core/Src/stm32f1xx_hal_timebase_tim.o
 .comment       0x000000000000007b       0x7c Core/Src/stm32f1xx_it.o
 .comment       0x000000000000007b       0x7c Core/Src/system_stm32f1xx.o
 .comment       0x000000000000007b       0x7c Drivers/STM32F1xx_HAL_Driver/Src/stm32f1xx_hal.o
 .comment       0x000000000000007b       0x7c Drivers/STM32F1xx_HAL_Driver/Src/stm32f1xx_hal_adc.o
 .comment       0x000000000000007b       0x7c Drivers/STM32F1xx_HAL_Driver/Src/stm32f1xx_hal_can.o
 .comment       0x000000000000007b       0x7c Drivers/STM32F1xx_HAL_Driver/Src/stm32f1xx_hal_cortex.o
 .comment       0x000000000000007b       0x7c Drivers/STM32F1xx_HAL_Driver/Src/stm32f1xx_hal_dma.o
 .comment       0x000000000000007b       0x7c Drivers/STM32F1xx_HAL_Driver/Src/stm32f1xx_hal_gpio.o
 .comment       0x000000000000007b       0x7c Drivers/STM32F1xx_HAL_Driver/Src/stm32f1xx_hal_i2c.o
 .comment       0x000000000000007b       0x7c Drivers/STM32F1xx_HAL_Driver/Src/stm32f1xx_hal_rcc.o
 .comment       0x000000000000007b       0x7c Drivers/STM32F1xx_HAL_Driver/Src/stm32f1xx_hal_rcc_ex.o
 .comment       0x000000000000007b       0x7c Drivers/STM32F1xx_HAL_Driver/Src/stm32f1xx_hal_tim.o