17:05:12 **** Build of configuration Debug for project controle_temperatura_RTOS ****
make -j8 all 
arm-none-eabi-gcc "../Middlewares/Third_Party/SEGGER/SEGGER/Syscalls/SEGGER_RTT_Syscalls_GCC.c" -mcpu=cortex-m3 -std=gnu11 -g3 -DUSE_HAL_DRIVER -DSTM32F103xB -DDEBUG -c -I../Core/Inc -I"D:/BACKUP/Faculdade/16_Embarcados/Controlador_Temperatura/Controle-de-temperatura/Codigos/controle_temperatura_RTOS/Middlewares/Third_Party/SEGGER/Config" -I"D:/BACKUP/Faculdade/16_Embarcados/Controlador_Temperatura/Controle-de-temperatura/Codigos/controle_temperatura_RTOS/Middlewares/Third_Party/SEGGER/OS" -I"D:/BACKUP/Faculdade/16_Embarcados/Controlador_Temperatura/Controle-de-temperatura/Codigos/controle_temperatura_RTOS/Middlewares/Third_Party/SEGGER/SEGGER" -I../Drivers/STM32F1xx_HAL_Driver/Inc -I../Drivers/STM32F1xx_HAL_Driver/Inc/Legacy -I../Drivers/CMSIS/Device/ST/STM32F1xx/Include -I../Drivers/CMSIS/Include -I../Middlewares/Third_Party/FreeRTOS/Source/include -I../Middlewares/Third_Party/FreeRTOS/Source/CMSIS_RTOS -I../Middlewares/Third_Party/FreeRTOS/Source/portable/GCC/ARM_CM3 -O0 -ffunction-sections -fdata-sections -Wall -fstack-usage -MMD -MP -MF"Middlewares/Third_Party/SEGGER/SEGGER/Syscalls/SEGGER_RTT_Syscalls_GCC.d" -MT"Middlewares/Third_Party/SEGGER/SEGGER/Syscalls/SEGGER_RTT_Syscalls_GCC.o" --specs=nano.specs -mfloat-abi=soft -mthumb -o "Middlewares/Third_Party/SEGGER/SEGGER/Syscalls/SEGGER_RTT_Syscalls_GCC.o"
arm-none-eabi-gcc "../Middlewares/Third_Party/SEGGER/SEGGER/SEGGER_RTT.c" -mcpu=cortex-m3 -std=gnu11 -g3 -DUSE_HAL_DRIVER -DSTM32F103xB -DDEBUG -c -I../Core/Inc -I"D:/BACKUP/Faculdade/16_Embarcados/Controlador_Temperatura/Controle-de-temperatura/Codigos/controle_temperatura_RTOS/Middlewares/Third_Party/SEGGER/Config" -I"D:/BACKUP/Faculdade/16_Embarcados/Controlador_Temperatura/Controle-de-temperatura/Codigos/controle_temperatura_RTOS/Middlewares/Third_Party/SEGGER/OS" -I"D:/BACKUP/Faculdade/16_Embarcados/Controlador_Temperatura/Controle-de-temperatura/Codigos/controle_temperatura_RTOS/Middlewares/Third_Party/SEGGER/SEGGER" -I../Drivers/STM32F1xx_HAL_Driver/Inc -I../Drivers/STM32F1xx_HAL_Driver/Inc/Legacy -I../Drivers/CMSIS/Device/ST/STM32F1xx/Include -I../Drivers/CMSIS/Include -I../Middlewares/Third_Party/FreeRTOS/Source/include -I../Middlewares/Third_Party/FreeRTOS/Source/CMSIS_RTOS -I../Middlewares/Third_Party/FreeRTOS/Source/portable/GCC/ARM_CM3 -O0 -ffunction-sections -fdata-sections -Wall -fstack-usage -MMD -MP -MF"Middlewares/Third_Party/SEGGER/SEGGER/SEGGER_RTT.d" -MT"Middlewares/Third_Party/SEGGER/SEGGER/SEGGER_RTT.o" --specs=nano.specs -mfloat-abi=soft -mthumb -o "Middlewares/Third_Party/SEGGER/SEGGER/SEGGER_RTT.o"
arm-none-eabi-gcc -mcpu=cortex-m3 -g3 -c -I"D:/BACKUP/Faculdade/16_Embarcados/Controlador_Temperatura/Controle-de-temperatura/Codigos/controle_temperatura_RTOS/Middlewares/Third_Party/SEGGER/Config" -x assembler-with-cpp -MMD -MP -MF"Middlewares/Third_Party/SEGGER/SEGGER/SEGGER_RTT_ASM_ARMv7M.d" -MT"Middlewares/Third_Party/SEGGER/SEGGER/SEGGER_RTT_ASM_ARMv7M.o" --specs=nano.specs -mfloat-abi=soft -mthumb -o "Middlewares/Third_Party/SEGGER/SEGGER/SEGGER_RTT_ASM_ARMv7M.o" "../Middlewares/Third_Party/SEGGER/SEGGER/SEGGER_RTT_ASM_ARMv7M.S"
arm-none-eabi-gcc "../Middlewares/Third_Party/SEGGER/SEGGER/SEGGER_RTT_printf.c" -mcpu=cortex-m3 -std=gnu11 -g3 -DUSE_HAL_DRIVER -DSTM32F103xB -DDEBUG -c -I../Core/Inc -I"D:/BACKUP/Faculdade/16_Embarcados/Controlador_Temperatura/Controle-de-temperatura/Codigos/controle_temperatura_RTOS/Middlewares/Third_Party/SEGGER/Config" -I"D:/BACKUP/Faculdade/16_Embarcados/Controlador_Temperatura/Controle-de-temperatura/Codigos/controle_temperatura_RTOS/Middlewares/Third_Party/SEGGER/OS" -I"D:/BACKUP/Faculdade/16_Embarcados/Controlador_Temperatura/Controle-de-temperatura/Codigos/controle_temperatura_RTOS/Middlewares/Third_Party/SEGGER/SEGGER" -I../Drivers/STM32F1xx_HAL_Driver/Inc -I../Drivers/STM32F1xx_HAL_Driver/Inc/Legacy -I../Drivers/CMSIS/Device/ST/STM32F1xx/Include -I../Drivers/CMSIS/Include -I../Middlewares/Third_Party/FreeRTOS/Source/include -I../Middlewares/Third_Party/FreeRTOS/Source/CMSIS_RTOS -I../Middlewares/Third_Party/FreeRTOS/Source/portable/GCC/ARM_CM3 -O0 -ffunction-sections -fdata-sections -Wall -fstack-usage -MMD -MP -MF"Middlewares/Third_Party/SEGGER/SEGGER/SEGGER_RTT_printf.d" -MT"Middlewares/Third_Party/SEGGER/SEGGER/SEGGER_RTT_printf.o" --specs=nano.specs -mfloat-abi=soft -mthumb -o "Middlewares/Third_Party/SEGGER/SEGGER/SEGGER_RTT_printf.o"
arm-none-eabi-gcc "../Middlewares/Third_Party/SEGGER/SEGGER/SEGGER_SYSVIEW.c" -mcpu=cortex-m3 -std=gnu11 -g3 -DUSE_HAL_DRIVER -DSTM32F103xB -DDEBUG -c -I../Core/Inc -I"D:/BACKUP/Faculdade/16_Embarcados/Controlador_Temperatura/Controle-de-temperatura/Codigos/controle_temperatura_RTOS/Middlewares/Third_Party/SEGGER/Config" -I"D:/BACKUP/Faculdade/16_Embarcados/Controlador_Temperatura/Controle-de-temperatura/Codigos/controle_temperatura_RTOS/Middlewares/Third_Party/SEGGER/OS" -I"D:/BACKUP/Faculdade/16_Embarcados/Controlador_Temperatura/Controle-de-temperatura/Codigos/controle_temperatura_RTOS/Middlewares/Third_Party/SEGGER/SEGGER" -I../Drivers/STM32F1xx_HAL_Driver/Inc -I../Drivers/STM32F1xx_HAL_Driver/Inc/Legacy -I../Drivers/CMSIS/Device/ST/STM32F1xx/Include -I../Drivers/CMSIS/Include -I../Middlewares/Third_Party/FreeRTOS/Source/include -I../Middlewares/Third_Party/FreeRTOS/Source/CMSIS_RTOS -I../Middlewares/Third_Party/FreeRTOS/Source/portable/GCC/ARM_CM3 -O0 -ffunction-sections -fdata-sections -Wall -fstack-usage -MMD -MP -MF"Middlewares/Third_Party/SEGGER/SEGGER/SEGGER_SYSVIEW.d" -MT"Middlewares/Third_Party/SEGGER/SEGGER/SEGGER_SYSVIEW.o" --specs=nano.specs -mfloat-abi=soft -mthumb -o "Middlewares/Third_Party/SEGGER/SEGGER/SEGGER_SYSVIEW.o"
arm-none-eabi-gcc "../Middlewares/Third_Party/SEGGER/OS/SEGGER_SYSVIEW_FreeRTOS.c" -mcpu=cortex-m3 -std=gnu11 -g3 -DUSE_HAL_DRIVER -DSTM32F103xB -DDEBUG -c -I../Core/Inc -I"D:/BACKUP/Faculdade/16_Embarcados/Controlador_Temperatura/Controle-de-temperatura/Codigos/controle_temperatura_RTOS/Middlewares/Third_Party/SEGGER/Config" -I"D:/BACKUP/Faculdade/16_Embarcados/Controlador_Temperatura/Controle-de-temperatura/Codigos/controle_temperatura_RTOS/Middlewares/Third_Party/SEGGER/OS" -I"D:/BACKUP/Faculdade/16_Embarcados/Controlador_Temperatura/Controle-de-temperatura/Codigos/controle_temperatura_RTOS/Middlewares/Third_Party/SEGGER/SEGGER" -I../Drivers/STM32F1xx_HAL_Driver/Inc -I../Drivers/STM32F1xx_HAL_Driver/Inc/Legacy -I../Drivers/CMSIS/Device/ST/STM32F1xx/Include -I../Drivers/CMSIS/Include -I../Middlewares/Third_Party/FreeRTOS/Source/include -I../Middlewares/Third_Party/FreeRTOS/Source/CMSIS_RTOS -I../Middlewares/Third_Party/FreeRTOS/Source/portable/GCC/ARM_CM3 -O0 -ffunction-sections -fdata-sections -Wall -fstack-usage -MMD -MP -MF"Middlewares/Third_Party/SEGGER/OS/SEGGER_SYSVIEW_FreeRTOS.d" -MT"Middlewares/Third_Party/SEGGER/OS/SEGGER_SYSVIEW_FreeRTOS.o" --specs=nano.specs -mfloat-abi=soft -mthumb -o "Middlewares/Third_Party/SEGGER/OS/SEGGER_SYSVIEW_FreeRTOS.o"
arm-none-eabi-gcc "../Middlewares/Third_Party/SEGGER/Config/SEGGER_SYSVIEW_Config_FreeRTOS.c" -mcpu=cortex-m3 -std=gnu11 -g3 -DUSE_HAL_DRIVER -DSTM32F103xB -DDEBUG -c -I../Core/Inc -I"D:/BACKUP/Faculdade/16_Embarcados/Controlador_Temperatura/Controle-de-temperatura/Codigos/controle_temperatura_RTOS/Middlewares/Third_Party/SEGGER/Config" -I"D:/BACKUP/Faculdade/16_Embarcados/Controlador_Temperatura/Controle-de-temperatura/Codigos/controle_temperatura_RTOS/Middlewares/Third_Party/SEGGER/OS" -I"D:/BACKUP/Faculdade/16_Embarcados/Controlador_Temperatura/Controle-de-temperatura/Codigos/controle_temperatura_RTOS/Middlewares/Third_Party/SEGGER/SEGGER" -I../Drivers/STM32F1xx_HAL_Driver/Inc -I../Drivers/STM32F1xx_HAL_Driver/Inc/Legacy -I../Drivers/CMSIS/Device/ST/STM32F1xx/Include -I../Drivers/CMSIS/Include -I../Middlewares/Third_Party/FreeRTOS/Source/include -I../Middlewares/Third_Party/FreeRTOS/Source/CMSIS_RTOS -I../Middlewares/Third_Party/FreeRTOS/Source/portable/GCC/ARM_CM3 -O0 -ffunction-sections -fdata-sections -Wall -fstack-usage -MMD -MP -MF"Middlewares/Third_Party/SEGGER/Config/SEGGER_SYSVIEW_Config_FreeRTOS.d" -MT"Middlewares/Third_Party/SEGGER/Config/SEGGER_SYSVIEW_Config_FreeRTOS.o" --specs=nano.specs -mfloat-abi=soft -mthumb -o "Middlewares/Third_Party/SEGGER/Config/SEGGER_SYSVIEW_Config_FreeRTOS.o"
arm-none-eabi-gcc "../Middlewares/Third_Party/FreeRTOS/Source/portable/MemMang/heap_4.c" -mcpu=cortex-m3 -std=gnu11 -g3 -DUSE_HAL_DRIVER -DSTM32F103xB -DDEBUG -c -I../Core/Inc -I"D:/BACKUP/Faculdade/16_Embarcados/Controlador_Temperatura/Controle-de-temperatura/Codigos/controle_temperatura_RTOS/Middlewares/Third_Party/SEGGER/Config" -I"D:/BACKUP/Faculdade/16_Embarcados/Controlador_Temperatura/Controle-de-temperatura/Codigos/controle_temperatura_RTOS/Middlewares/Third_Party/SEGGER/OS" -I"D:/BACKUP/Faculdade/16_Embarcados/Controlador_Temperatura/Controle-de-temperatura/Codigos/controle_temperatura_RTOS/Middlewares/Third_Party/SEGGER/SEGGER" -I../Drivers/STM32F1xx_HAL_Driver/Inc -I../Drivers/STM32F1xx_HAL_Driver/Inc/Legacy -I../Drivers/CMSIS/Device/ST/STM32F1xx/Include -I../Drivers/CMSIS/Include -I../Middlewares/Third_Party/FreeRTOS/Source/include -I../Middlewares/Third_Party/FreeRTOS/Source/CMSIS_RTOS -I../Middlewares/Third_Party/FreeRTOS/Source/portable/GCC/ARM_CM3 -O0 -ffunction-sections -fdata-sections -Wall -fstack-usage -MMD -MP -MF"Middlewares/Third_Party/FreeRTOS/Source/portable/MemMang/heap_4.d" -MT"Middlewares/Third_Party/FreeRTOS/Source/portable/MemMang/heap_4.o" --specs=nano.specs -mfloat-abi=soft -mthumb -o "Middlewares/Third_Party/FreeRTOS/Source/portable/MemMang/heap_4.o"
arm-none-eabi-gcc "../Middlewares/Third_Party/FreeRTOS/Source/portable/GCC/ARM_CM3/port.c" -mcpu=cortex-m3 -std=gnu11 -g3 -DUSE_HAL_DRIVER -DSTM32F103xB -DDEBUG -c -I../Core/Inc -I"D:/BACKUP/Faculdade/16_Embarcados/Controlador_Temperatura/Controle-de-temperatura/Codigos/controle_temperatura_RTOS/Middlewares/Third_Party/SEGGER/Config" -I"D:/BACKUP/Faculdade/16_Embarcados/Controlador_Temperatura/Controle-de-temperatura/Codigos/controle_temperatura_RTOS/Middlewares/Third_Party/SEGGER/OS" -I"D:/BACKUP/Faculdade/16_Embarcados/Controlador_Temperatura/Controle-de-temperatura/Codigos/controle_temperatura_RTOS/Middlewares/Third_Party/SEGGER/SEGGER" -I../Drivers/STM32F1xx_HAL_Driver/Inc -I../Drivers/STM32F1xx_HAL_Driver/Inc/Legacy -I../Drivers/CMSIS/Device/ST/STM32F1xx/Include -I../Drivers/CMSIS/Include -I../Middlewares/Third_Party/FreeRTOS/Source/include -I../Middlewares/Third_Party/FreeRTOS/Source/CMSIS_RTOS -I../Middlewares/Third_Party/FreeRTOS/Source/portable/GCC/ARM_CM3 -O0 -ffunction-sections -fdata-sections -Wall -fstack-usage -MMD -MP -MF"Middlewares/Third_Party/FreeRTOS/Source/portable/GCC/ARM_CM3/port.d" -MT"Middlewares/Third_Party/FreeRTOS/Source/portable/GCC/ARM_CM3/port.o" --specs=nano.specs -mfloat-abi=soft -mthumb -o "Middlewares/Third_Party/FreeRTOS/Source/portable/GCC/ARM_CM3/port.o"
arm-none-eabi-gcc "../Middlewares/Third_Party/FreeRTOS/Source/CMSIS_RTOS/cmsis_os.c" -mcpu=cortex-m3 -std=gnu11 -g3 -DUSE_HAL_DRIVER -DSTM32F103xB -DDEBUG -c -I../Core/Inc -I"D:/BACKUP/Faculdade/16_Embarcados/Controlador_Temperatura/Controle-de-temperatura/Codigos/controle_temperatura_RTOS/Middlewares/Third_Party/SEGGER/Config" -I"D:/BACKUP/Faculdade/16_Embarcados/Controlador_Temperatura/Controle-de-temperatura/Codigos/controle_temperatura_RTOS/Middlewares/Third_Party/SEGGER/OS" -I"D:/BACKUP/Faculdade/16_Embarcados/Controlador_Temperatura/Controle-de-temperatura/Codigos/controle_temperatura_RTOS/Middlewares/Third_Party/SEGGER/SEGGER" -I../Drivers/STM32F1xx_HAL_Driver/Inc -I../Drivers/STM32F1xx_HAL_Driver/Inc/Legacy -I../Drivers/CMSIS/Device/ST/STM32F1xx/Include -I../Drivers/CMSIS/Include -I../Middlewares/Third_Party/FreeRTOS/Source/include -I../Middlewares/Third_Party/FreeRTOS/Source/CMSIS_RTOS -I../Middlewares/Third_Party/FreeRTOS/Source/portable/GCC/ARM_CM3 -O0 -ffunction-sections -fdata-sections -Wall -fstack-usage -MMD -MP -MF"Middlewares/Third_Party/FreeRTOS/Source/CMSIS_RTOS/cmsis_os.d" -MT"Middlewares/Third_Party/FreeRTOS/Source/CMSIS_RTOS/cmsis_os.o" --specs=nano.specs -mfloat-abi=soft -mthumb -o "Middlewares/Third_Party/FreeRTOS/Source/CMSIS_RTOS/cmsis_os.o"
arm-none-eabi-gcc "../Middlewares/Third_Party/FreeRTOS/Source/croutine.c" -mcpu=cortex-m3 -std=gnu11 -g3 -DUSE_HAL_DRIVER -DSTM32F103xB -DDEBUG -c -I../Core/Inc -I"D:/BACKUP/Faculdade/16_Embarcados/Controlador_Temperatura/Controle-de-temperatura/Codigos/controle_temperatura_RTOS/Middlewares/Third_Party/SEGGER/Config" -I"D:/BACKUP/Faculdade/16_Embarcados/Controlador_Temperatura/Controle-de-temperatura/Codigos/controle_temperatura_RTOS/Middlewares/Third_Party/SEGGER/OS" -I"D:/BACKUP/Faculdade/16_Embarcados/Controlador_Temperatura/Controle-de-temperatura/Codigos/controle_temperatura_RTOS/Middlewares/Third_Party/SEGGER/SEGGER" -I../Drivers/STM32F1xx_HAL_Driver/Inc -I../Drivers/STM32F1xx_HAL_Driver/Inc/Legacy -I../Drivers/CMSIS/Device/ST/STM32F1xx/Include -I../Drivers/CMSIS/Include -I../Middlewares/Third_Party/FreeRTOS/Source/include -I../Middlewares/Third_Party/FreeRTOS/Source/CMSIS_RTOS -I../Middlewares/Third_Party/FreeRTOS/Source/portable/GCC/ARM_CM3 -O0 -ffunction-sections -fdata-sections -Wall -fstack-usage -MMD -MP -MF"Middlewares/Third_Party/FreeRTOS/Source/croutine.d" -MT"Middlewares/Third_Party/FreeRTOS/Source/croutine.o" --specs=nano.specs -mfloat-abi=soft -mthumb -o "Middlewares/Third_Party/FreeRTOS/Source/croutine.o"
arm-none-eabi-gcc "../Middlewares/Third_Party/FreeRTOS/Source/event_groups.c" -mcpu=cortex-m3 -std=gnu11 -g3 -DUSE_HAL_DRIVER -DSTM32F103xB -DDEBUG -c -I../Core/Inc -I"D:/BACKUP/Faculdade/16_Embarcados/Controlador_Temperatura/Controle-de-temperatura/Codigos/controle_temperatura_RTOS/Middlewares/Third_Party/SEGGER/Config" -I"D:/BACKUP/Faculdade/16_Embarcados/Controlador_Temperatura/Controle-de-temperatura/Codigos/controle_temperatura_RTOS/Middlewares/Third_Party/SEGGER/OS" -I"D:/BACKUP/Faculdade/16_Embarcados/Controlador_Temperatura/Controle-de-temperatura/Codigos/controle_temperatura_RTOS/Middlewares/Third_Party/SEGGER/SEGGER" -I../Drivers/STM32F1xx_HAL_Driver/Inc -I../Drivers/STM32F1xx_HAL_Driver/Inc/Legacy -I../Drivers/CMSIS/Device/ST/STM32F1xx/Include -I../Drivers/CMSIS/Include -I../Middlewares/Third_Party/FreeRTOS/Source/include -I../Middlewares/Third_Party/FreeRTOS/Source/CMSIS_RTOS -I../Middlewares/Third_Party/FreeRTOS/Source/portable/GCC/ARM_CM3 -O0 -ffunction-sections -fdata-sections -Wall -fstack-usage -MMD -MP -MF"Middlewares/Third_Party/FreeRTOS/Source/event_groups.d" -MT"Middlewares/Third_Party/FreeRTOS/Source/event_groups.o" --specs=nano.specs -mfloat-abi=soft -mthumb -o "Middlewares/Third_Party/FreeRTOS/Source/event_groups.o"
arm-none-eabi-gcc "../Middlewares/Third_Party/FreeRTOS/Source/list.c" -mcpu=cortex-m3 -std=gnu11 -g3 -DUSE_HAL_DRIVER -DSTM32F103xB -DDEBUG -c -I../Core/Inc -I"D:/BACKUP/Faculdade/16_Embarcados/Controlador_Temperatura/Controle-de-temperatura/Codigos/controle_temperatura_RTOS/Middlewares/Third_Party/SEGGER/Config" -I"D:/BACKUP/Faculdade/16_Embarcados/Controlador_Temperatura/Controle-de-temperatura/Codigos/controle_temperatura_RTOS/Middlewares/Third_Party/SEGGER/OS" -I"D:/BACKUP/Faculdade/16_Embarcados/Controlador_Temperatura/Controle-de-temperatura/Codigos/controle_temperatura_RTOS/Middlewares/Third_Party/SEGGER/SEGGER" -I../Drivers/STM32F1xx_HAL_Driver/Inc -I../Drivers/STM32F1xx_HAL_Driver/Inc/Legacy -I../Drivers/CMSIS/Device/ST/STM32F1xx/Include -I../Drivers/CMSIS/Include -I../Middlewares/Third_Party/FreeRTOS/Source/include -I../Middlewares/Third_Party/FreeRTOS/Source/CMSIS_RTOS -I../Middlewares/Third_Party/FreeRTOS/Source/portable/GCC/ARM_CM3 -O0 -ffunction-sections -fdata-sections -Wall -fstack-usage -MMD -MP -MF"Middlewares/Third_Party/FreeRTOS/Source/list.d" -MT"Middlewares/Third_Party/FreeRTOS/Source/list.o" --specs=nano.specs -mfloat-abi=soft -mthumb -o "Middlewares/Third_Party/FreeRTOS/Source/list.o"
arm-none-eabi-gcc "../Middlewares/Third_Party/FreeRTOS/Source/queue.c" -mcpu=cortex-m3 -std=gnu11 -g3 -DUSE_HAL_DRIVER -DSTM32F103xB -DDEBUG -c -I../Core/Inc -I"D:/BACKUP/Faculdade/16_Embarcados/Controlador_Temperatura/Controle-de-temperatura/Codigos/controle_temperatura_RTOS/Middlewares/Third_Party/SEGGER/Config" -I"D:/BACKUP/Faculdade/16_Embarcados/Controlador_Temperatura/Controle-de-temperatura/Codigos/controle_temperatura_RTOS/Middlewares/Third_Party/SEGGER/OS" -I"D:/BACKUP/Faculdade/16_Embarcados/Controlador_Temperatura/Controle-de-temperatura/Codigos/controle_temperatura_RTOS/Middlewares/Third_Party/SEGGER/SEGGER" -I../Drivers/STM32F1xx_HAL_Driver/Inc -I../Drivers/STM32F1xx_HAL_Driver/Inc/Legacy -I../Drivers/CMSIS/Device/ST/STM32F1xx/Include -I../Drivers/CMSIS/Include -I../Middlewares/Third_Party/FreeRTOS/Source/include -I../Middlewares/Third_Party/FreeRTOS/Source/CMSIS_RTOS -I../Middlewares/Third_Party/FreeRTOS/Source/portable/GCC/ARM_CM3 -O0 -ffunction-sections -fdata-sections -Wall -fstack-usage -MMD -MP -MF"Middlewares/Third_Party/FreeRTOS/Source/queue.d" -MT"Middlewares/Third_Party/FreeRTOS/Source/queue.o" --specs=nano.specs -mfloat-abi=soft -mthumb -o "Middlewares/Third_Party/FreeRTOS/Source/queue.o"
arm-none-eabi-gcc "../Middlewares/Third_Party/FreeRTOS/Source/stream_buffer.c" -mcpu=cortex-m3 -std=gnu11 -g3 -DUSE_HAL_DRIVER -DSTM32F103xB -DDEBUG -c -I../Core/Inc -I"D:/BACKUP/Faculdade/16_Embarcados/Controlador_Temperatura/Controle-de-temperatura/Codigos/controle_temperatura_RTOS/Middlewares/Third_Party/SEGGER/Config" -I"D:/BACKUP/Faculdade/16_Embarcados/Controlador_Temperatura/Controle-de-temperatura/Codigos/controle_temperatura_RTOS/Middlewares/Third_Party/SEGGER/OS" -I"D:/BACKUP/Faculdade/16_Embarcados/Controlador_Temperatura/Controle-de-temperatura/Codigos/controle_temperatura_RTOS/Middlewares/Third_Party/SEGGER/SEGGER" -I../Drivers/STM32F1xx_HAL_Driver/Inc -I../Drivers/STM32F1xx_HAL_Driver/Inc/Legacy -I../Drivers/CMSIS/Device/ST/STM32F1xx/Include -I../Drivers/CMSIS/Include -I../Middlewares/Third_Party/FreeRTOS/Source/include -I../Middlewares/Third_Party/FreeRTOS/Source/CMSIS_RTOS -I../Middlewares/Third_Party/FreeRTOS/Source/portable/GCC/ARM_CM3 -O0 -ffunction-sections -fdata-sections -Wall -fstack-usage -MMD -MP -MF"Middlewares/Third_Party/FreeRTOS/Source/stream_buffer.d" -MT"Middlewares/Third_Party/FreeRTOS/Source/stream_buffer.o" --specs=nano.specs -mfloat-abi=soft -mthumb -o "Middlewares/Third_Party/FreeRTOS/Source/stream_buffer.o"
arm-none-eabi-gcc "../Middlewares/Third_Party/FreeRTOS/Source/tasks.c" -mcpu=cortex-m3 -std=gnu11 -g3 -DUSE_HAL_DRIVER -DSTM32F103xB -DDEBUG -c -I../Core/Inc -I"D:/BACKUP/Faculdade/16_Embarcados/Controlador_Temperatura/Controle-de-temperatura/Codigos/controle_temperatura_RTOS/Middlewares/Third_Party/SEGGER/Config" -I"D:/BACKUP/Faculdade/16_Embarcados/Controlador_Temperatura/Controle-de-temperatura/Codigos/controle_temperatura_RTOS/Middlewares/Third_Party/SEGGER/OS" -I"D:/BACKUP/Faculdade/16_Embarcados/Controlador_Temperatura/Controle-de-temperatura/Codigos/controle_temperatura_RTOS/Middlewares/Third_Party/SEGGER/SEGGER" -I../Drivers/STM32F1xx_HAL_Driver/Inc -I../Drivers/STM32F1xx_HAL_Driver/Inc/Legacy -I../Drivers/CMSIS/Device/ST/STM32F1xx/Include -I../Drivers/CMSIS/Include -I../Middlewares/Third_Party/FreeRTOS/Source/include -I../Middlewares/Third_Party/FreeRTOS/Source/CMSIS_RTOS -I../Middlewares/Third_Party/FreeRTOS/Source/portable/GCC/ARM_CM3 -O0 -ffunction-sections -fdata-sections -Wall -fstack-usage -MMD -MP -MF"Middlewares/Third_Party/FreeRTOS/Source/tasks.d" -MT"Middlewares/Third_Party/FreeRTOS/Source/tasks.o" --specs=nano.specs -mfloat-abi=soft -mthumb -o "Middlewares/Third_Party/FreeRTOS/Source/tasks.o"
arm-none-eabi-gcc "../Middlewares/Third_Party/FreeRTOS/Source/timers.c" -mcpu=cortex-m3 -std=gnu11 -g3 -DUSE_HAL_DRIVER -DSTM32F103xB -DDEBUG -c -I../Core/Inc -I"D:/BACKUP/Faculdade/16_Embarcados/Controlador_Temperatura/Controle-de-temperatura/Codigos/controle_temperatura_RTOS/Middlewares/Third_Party/SEGGER/Config" -I"D:/BACKUP/Faculdade/16_Embarcados/Controlador_Temperatura/Controle-de-temperatura/Codigos/controle_temperatura_RTOS/Middlewares/Third_Party/SEGGER/OS" -I"D:/BACKUP/Faculdade/16_Embarcados/Controlador_Temperatura/Controle-de-temperatura/Codigos/controle_temperatura_RTOS/Middlewares/Third_Party/SEGGER/SEGGER" -I../Drivers/STM32F1xx_HAL_Driver/Inc -I../Drivers/STM32F1xx_HAL_Driver/Inc/Legacy -I../Drivers/CMSIS/Device/ST/STM32F1xx/Include -I../Drivers/CMSIS/Include -I../Middlewares/Third_Party/FreeRTOS/Source/include -I../Middlewares/Third_Party/FreeRTOS/Source/CMSIS_RTOS -I../Middlewares/Third_Party/FreeRTOS/Source/portable/GCC/ARM_CM3 -O0 -ffunction-sections -fdata-sections -Wall -fstack-usage -MMD -MP -MF"Middlewares/Third_Party/FreeRTOS/Source/timers.d" -MT"Middlewares/Third_Party/FreeRTOS/Source/timers.o" --specs=nano.specs -mfloat-abi=soft -mthumb -o "Middlewares/Third_Party/FreeRTOS/Source/timers.o"
arm-none-eabi-gcc "../Drivers/STM32F1xx_HAL_Driver/Src/stm32f1xx_hal.c" -mcpu=cortex-m3 -std=gnu11 -g3 -DUSE_HAL_DRIVER -DSTM32F103xB -DDEBUG -c -I../Core/Inc -I"D:/BACKUP/Faculdade/16_Embarcados/Controlador_Temperatura/Controle-de-temperatura/Codigos/controle_temperatura_RTOS/Middlewares/Third_Party/SEGGER/Config" -I"D:/BACKUP/Faculdade/16_Embarcados/Controlador_Temperatura/Controle-de-temperatura/Codigos/controle_temperatura_RTOS/Middlewares/Third_Party/SEGGER/OS" -I"D:/BACKUP/Faculdade/16_Embarcados/Controlador_Temperatura/Controle-de-temperatura/Codigos/controle_temperatura_RTOS/Middlewares/Third_Party/SEGGER/SEGGER" -I../Drivers/STM32F1xx_HAL_Driver/Inc -I../Drivers/STM32F1xx_HAL_Driver/Inc/Legacy -I../Drivers/CMSIS/Device/ST/STM32F1xx/Include -I../Drivers/CMSIS/Include -I../Middlewares/Third_Party/FreeRTOS/Source/include -I../Middlewares/Third_Party/FreeRTOS/Source/CMSIS_RTOS -I../Middlewares/Third_Party/FreeRTOS/Source/portable/GCC/ARM_CM3 -O0 -ffunction-sections -fdata-sections -Wall -fstack-usage -MMD -MP -MF"Drivers/STM32F1xx_HAL_Driver/Src/stm32f1xx_hal.d" -MT"Drivers/STM32F1xx_HAL_Driver/Src/stm32f1xx_hal.o" --specs=nano.specs -mfloat-abi=soft -mthumb -o "Drivers/STM32F1xx_HAL_Driver/Src/stm32f1xx_hal.o"
arm-none-eabi-gcc "../Drivers/STM32F1xx_HAL_Driver/Src/stm32f1xx_hal_adc.c" -mcpu=cortex-m3 -std=gnu11 -g3 -DUSE_HAL_DRIVER -DSTM32F103xB -DDEBUG -c -I../Core/Inc -I"D:/BACKUP/Faculdade/16_Embarcados/Controlador_Temperatura/Controle-de-temperatura/Codigos/controle_temperatura_RTOS/Middlewares/Third_Party/SEGGER/Config" -I"D:/BACKUP/Faculdade/16_Embarcados/Controlador_Temperatura/Controle-de-temperatura/Codigos/controle_temperatura_RTOS/Middlewares/Third_Party/SEGGER/OS" -I"D:/BACKUP/Faculdade/16_Embarcados/Controlador_Temperatura/Controle-de-temperatura/Codigos/controle_temperatura_RTOS/Middlewares/Third_Party/SEGGER/SEGGER" -I../Drivers/STM32F1xx_HAL_Driver/Inc -I../Drivers/STM32F1xx_HAL_Driver/Inc/Legacy -I../Drivers/CMSIS/Device/ST/STM32F1xx/Include -I../Drivers/CMSIS/Include -I../Middlewares/Third_Party/FreeRTOS/Source/include -I../Middlewares/Third_Party/FreeRTOS/Source/CMSIS_RTOS -I../Middlewares/Third_Party/FreeRTOS/Source/portable/GCC/ARM_CM3 -O0 -ffunction-sections -fdata-sections -Wall -fstack-usage -MMD -MP -MF"Drivers/STM32F1xx_HAL_Driver/Src/stm32f1xx_hal_adc.d" -MT"Drivers/STM32F1xx_HAL_Driver/Src/stm32f1xx_hal_adc.o" --specs=nano.specs -mfloat-abi=soft -mthumb -o "Drivers/STM32F1xx_HAL_Driver/Src/stm32f1xx_hal_adc.o"
arm-none-eabi-gcc "../Drivers/STM32F1xx_HAL_Driver/Src/stm32f1xx_hal_adc_ex.c" -mcpu=cortex-m3 -std=gnu11 -g3 -DUSE_HAL_DRIVER -DSTM32F103xB -DDEBUG -c -I../Core/Inc -I"D:/BACKUP/Faculdade/16_Embarcados/Controlador_Temperatura/Controle-de-temperatura/Codigos/controle_temperatura_RTOS/Middlewares/Third_Party/SEGGER/Config" -I"D:/BACKUP/Faculdade/16_Embarcados/Controlador_Temperatura/Controle-de-temperatura/Codigos/controle_temperatura_RTOS/Middlewares/Third_Party/SEGGER/OS" -I"D:/BACKUP/Faculdade/16_Embarcados/Controlador_Temperatura/Controle-de-temperatura/Codigos/controle_temperatura_RTOS/Middlewares/Third_Party/SEGGER/SEGGER" -I../Drivers/STM32F1xx_HAL_Driver/Inc -I../Drivers/STM32F1xx_HAL_Driver/Inc/Legacy -I../Drivers/CMSIS/Device/ST/STM32F1xx/Include -I../Drivers/CMSIS/Include -I../Middlewares/Third_Party/FreeRTOS/Source/include -I../Middlewares/Third_Party/FreeRTOS/Source/CMSIS_RTOS -I../Middlewares/Third_Party/FreeRTOS/Source/portable/GCC/ARM_CM3 -O0 -ffunction-sections -fdata-sections -Wall -fstack-usage -MMD -MP -MF"Drivers/STM32F1xx_HAL_Driver/Src/stm32f1xx_hal_adc_ex.d" -MT"Drivers/STM32F1xx_HAL_Driver/Src/stm32f1xx_hal_adc_ex.o" --specs=nano.specs -mfloat-abi=soft -mthumb -o "Drivers/STM32F1xx_HAL_Driver/Src/stm32f1xx_hal_adc_ex.o"
arm-none-eabi-gcc "../Drivers/STM32F1xx_HAL_Driver/Src/stm32f1xx_hal_cortex.c" -mcpu=cortex-m3 -std=gnu11 -g3 -DUSE_HAL_DRIVER -DSTM32F103xB -DDEBUG -c -I../Core/Inc -I"D:/BACKUP/Faculdade/16_Embarcados/Controlador_Temperatura/Controle-de-temperatura/Codigos/controle_temperatura_RTOS/Middlewares/Third_Party/SEGGER/Config" -I"D:/BACKUP/Faculdade/16_Embarcados/Controlador_Temperatura/Controle-de-temperatura/Codigos/controle_temperatura_RTOS/Middlewares/Third_Party/SEGGER/OS" -I"D:/BACKUP/Faculdade/16_Embarcados/Controlador_Temperatura/Controle-de-temperatura/Codigos/controle_temperatura_RTOS/Middlewares/Third_Party/SEGGER/SEGGER" -I../Drivers/STM32F1xx_HAL_Driver/Inc -I../Drivers/STM32F1xx_HAL_Driver/Inc/Legacy -I../Drivers/CMSIS/Device/ST/STM32F1xx/Include -I../Drivers/CMSIS/Include -I../Middlewares/Third_Party/FreeRTOS/Source/include -I../Middlewares/Third_Party/FreeRTOS/Source/CMSIS_RTOS -I../Middlewares/Third_Party/FreeRTOS/Source/portable/GCC/ARM_CM3 -O0 -ffunction-sections -fdata-sections -Wall -fstack-usage -MMD -MP -MF"Drivers/STM32F1xx_HAL_Driver/Src/stm32f1xx_hal_cortex.d" -MT"Drivers/STM32F1xx_HAL_Driver/Src/stm32f1xx_hal_cortex.o" --specs=nano.specs -mfloat-abi=soft -mthumb -o "Drivers/STM32F1xx_HAL_Driver/Src/stm32f1xx_hal_cortex.o"
arm-none-eabi-gcc "../Drivers/STM32F1xx_HAL_Driver/Src/stm32f1xx_hal_dma.c" -mcpu=cortex-m3 -std=gnu11 -g3 -DUSE_HAL_DRIVER -DSTM32F103xB -DDEBUG -c -I../Core/Inc -I"D:/BACKUP/Faculdade/16_Embarcados/Controlador_Temperatura/Controle-de-temperatura/Codigos/controle_temperatura_RTOS/Middlewares/Third_Party/SEGGER/Config" -I"D:/BACKUP/Faculdade/16_Embarcados/Controlador_Temperatura/Controle-de-temperatura/Codigos/controle_temperatura_RTOS/Middlewares/Third_Party/SEGGER/OS" -I"D:/BACKUP/Faculdade/16_Embarcados/Controlador_Temperatura/Controle-de-temperatura/Codigos/controle_temperatura_RTOS/Middlewares/Third_Party/SEGGER/SEGGER" -I../Drivers/STM32F1xx_HAL_Driver/Inc -I../Drivers/STM32F1xx_HAL_Driver/Inc/Legacy -I../Drivers/CMSIS/Device/ST/STM32F1xx/Include -I../Drivers/CMSIS/Include -I../Middlewares/Third_Party/FreeRTOS/Source/include -I../Middlewares/Third_Party/FreeRTOS/Source/CMSIS_RTOS -I../Middlewares/Third_Party/FreeRTOS/Source/portable/GCC/ARM_CM3 -O0 -ffunction-sections -fdata-sections -Wall -fstack-usage -MMD -MP -MF"Drivers/STM32F1xx_HAL_Driver/Src/stm32f1xx_hal_dma.d" -MT"Drivers/STM32F1xx_HAL_Driver/Src/stm32f1xx_hal_dma.o" --specs=nano.specs -mfloat-abi=soft -mthumb -o "Drivers/STM32F1xx_HAL_Driver/Src/stm32f1xx_hal_dma.o"
arm-none-eabi-gcc "../Drivers/STM32F1xx_HAL_Driver/Src/stm32f1xx_hal_exti.c" -mcpu=cortex-m3 -std=gnu11 -g3 -DUSE_HAL_DRIVER -DSTM32F103xB -DDEBUG -c -I../Core/Inc -I"D:/BACKUP/Faculdade/16_Embarcados/Controlador_Temperatura/Controle-de-temperatura/Codigos/controle_temperatura_RTOS/Middlewares/Third_Party/SEGGER/Config" -I"D:/BACKUP/Faculdade/16_Embarcados/Controlador_Temperatura/Controle-de-temperatura/Codigos/controle_temperatura_RTOS/Middlewares/Third_Party/SEGGER/OS" -I"D:/BACKUP/Faculdade/16_Embarcados/Controlador_Temperatura/Controle-de-temperatura/Codigos/controle_temperatura_RTOS/Middlewares/Third_Party/SEGGER/SEGGER" -I../Drivers/STM32F1xx_HAL_Driver/Inc -I../Drivers/STM32F1xx_HAL_Driver/Inc/Legacy -I../Drivers/CMSIS/Device/ST/STM32F1xx/Include -I../Drivers/CMSIS/Include -I../Middlewares/Third_Party/FreeRTOS/Source/include -I../Middlewares/Third_Party/FreeRTOS/Source/CMSIS_RTOS -I../Middlewares/Third_Party/FreeRTOS/Source/portable/GCC/ARM_CM3 -O0 -ffunction-sections -fdata-sections -Wall -fstack-usage -MMD -MP -MF"Drivers/STM32F1xx_HAL_Driver/Src/stm32f1xx_hal_exti.d" -MT"Drivers/STM32F1xx_HAL_Driver/Src/stm32f1xx_hal_exti.o" --specs=nano.specs -mfloat-abi=soft -mthumb -o "Drivers/STM32F1xx_HAL_Driver/Src/stm32f1xx_hal_exti.o"
arm-none-eabi-gcc "../Drivers/STM32F1xx_HAL_Driver/Src/stm32f1xx_hal_flash.c" -mcpu=cortex-m3 -std=gnu11 -g3 -DUSE_HAL_DRIVER -DSTM32F103xB -DDEBUG -c -I../Core/Inc -I"D:/BACKUP/Faculdade/16_Embarcados/Controlador_Temperatura/Controle-de-temperatura/Codigos/controle_temperatura_RTOS/Middlewares/Third_Party/SEGGER/Config" -I"D:/BACKUP/Faculdade/16_Embarcados/Controlador_Temperatura/Controle-de-temperatura/Codigos/controle_temperatura_RTOS/Middlewares/Third_Party/SEGGER/OS" -I"D:/BACKUP/Faculdade/16_Embarcados/Controlador_Temperatura/Controle-de-temperatura/Codigos/controle_temperatura_RTOS/Middlewares/Third_Party/SEGGER/SEGGER" -I../Drivers/STM32F1xx_HAL_Driver/Inc -I../Drivers/STM32F1xx_HAL_Driver/Inc/Legacy -I../Drivers/CMSIS/Device/ST/STM32F1xx/Include -I../Drivers/CMSIS/Include -I../Middlewares/Third_Party/FreeRTOS/Source/include -I../Middlewares/Third_Party/FreeRTOS/Source/CMSIS_RTOS -I../Middlewares/Third_Party/FreeRTOS/Source/portable/GCC/ARM_CM3 -O0 -ffunction-sections -fdata-sections -Wall -fstack-usage -MMD -MP -MF"Drivers/STM32F1xx_HAL_Driver/Src/stm32f1xx_hal_flash.d" -MT"Drivers/STM32F1xx_HAL_Driver/Src/stm32f1xx_hal_flash.o" --specs=nano.specs -mfloat-abi=soft -mthumb -o "Drivers/STM32F1xx_HAL_Driver/Src/stm32f1xx_hal_flash.o"
arm-none-eabi-gcc "../Drivers/STM32F1xx_HAL_Driver/Src/stm32f1xx_hal_flash_ex.c" -mcpu=cortex-m3 -std=gnu11 -g3 -DUSE_HAL_DRIVER -DSTM32F103xB -DDEBUG -c -I../Core/Inc -I"D:/BACKUP/Faculdade/16_Embarcados/Controlador_Temperatura/Controle-de-temperatura/Codigos/controle_temperatura_RTOS/Middlewares/Third_Party/SEGGER/Config" -I"D:/BACKUP/Faculdade/16_Embarcados/Controlador_Temperatura/Controle-de-temperatura/Codigos/controle_temperatura_RTOS/Middlewares/Third_Party/SEGGER/OS" -I"D:/BACKUP/Faculdade/16_Embarcados/Controlador_Temperatura/Controle-de-temperatura/Codigos/controle_temperatura_RTOS/Middlewares/Third_Party/SEGGER/SEGGER" -I../Drivers/STM32F1xx_HAL_Driver/Inc -I../Drivers/STM32F1xx_HAL_Driver/Inc/Legacy -I../Drivers/CMSIS/Device/ST/STM32F1xx/Include -I../Drivers/CMSIS/Include -I../Middlewares/Third_Party/FreeRTOS/Source/include -I../Middlewares/Third_Party/FreeRTOS/Source/CMSIS_RTOS -I../Middlewares/Third_Party/FreeRTOS/Source/portable/GCC/ARM_CM3 -O0 -ffunction-sections -fdata-sections -Wall -fstack-usage -MMD -MP -MF"Drivers/STM32F1xx_HAL_Driver/Src/stm32f1xx_hal_flash_ex.d" -MT"Drivers/STM32F1xx_HAL_Driver/Src/stm32f1xx_hal_flash_ex.o" --specs=nano.specs -mfloat-abi=soft -mthumb -o "Drivers/STM32F1xx_HAL_Driver/Src/stm32f1xx_hal_flash_ex.o"
arm-none-eabi-gcc "../Drivers/STM32F1xx_HAL_Driver/Src/stm32f1xx_hal_gpio.c" -mcpu=cortex-m3 -std=gnu11 -g3 -DUSE_HAL_DRIVER -DSTM32F103xB -DDEBUG -c -I../Core/Inc -I"D:/BACKUP/Faculdade/16_Embarcados/Controlador_Temperatura/Controle-de-temperatura/Codigos/controle_temperatura_RTOS/Middlewares/Third_Party/SEGGER/Config" -I"D:/BACKUP/Faculdade/16_Embarcados/Controlador_Temperatura/Controle-de-temperatura/Codigos/controle_temperatura_RTOS/Middlewares/Third_Party/SEGGER/OS" -I"D:/BACKUP/Faculdade/16_Embarcados/Controlador_Temperatura/Controle-de-temperatura/Codigos/controle_temperatura_RTOS/Middlewares/Third_Party/SEGGER/SEGGER" -I../Drivers/STM32F1xx_HAL_Driver/Inc -I../Drivers/STM32F1xx_HAL_Driver/Inc/Legacy -I../Drivers/CMSIS/Device/ST/STM32F1xx/Include -I../Drivers/CMSIS/Include -I../Middlewares/Third_Party/FreeRTOS/Source/include -I../Middlewares/Third_Party/FreeRTOS/Source/CMSIS_RTOS -I../Middlewares/Third_Party/FreeRTOS/Source/portable/GCC/ARM_CM3 -O0 -ffunction-sections -fdata-sections -Wall -fstack-usage -MMD -MP -MF"Drivers/STM32F1xx_HAL_Driver/Src/stm32f1xx_hal_gpio.d" -MT"Drivers/STM32F1xx_HAL_Driver/Src/stm32f1xx_hal_gpio.o" --specs=nano.specs -mfloat-abi=soft -mthumb -o "Drivers/STM32F1xx_HAL_Driver/Src/stm32f1xx_hal_gpio.o"
arm-none-eabi-gcc "../Drivers/STM32F1xx_HAL_Driver/Src/stm32f1xx_hal_gpio_ex.c" -mcpu=cortex-m3 -std=gnu11 -g3 -DUSE_HAL_DRIVER -DSTM32F103xB -DDEBUG -c -I../Core/Inc -I"D:/BACKUP/Faculdade/16_Embarcados/Controlador_Temperatura/Controle-de-temperatura/Codigos/controle_temperatura_RTOS/Middlewares/Third_Party/SEGGER/Config" -I"D:/BACKUP/Faculdade/16_Embarcados/Controlador_Temperatura/Controle-de-temperatura/Codigos/controle_temperatura_RTOS/Middlewares/Third_Party/SEGGER/OS" -I"D:/BACKUP/Faculdade/16_Embarcados/Controlador_Temperatura/Controle-de-temperatura/Codigos/controle_temperatura_RTOS/Middlewares/Third_Party/SEGGER/SEGGER" -I../Drivers/STM32F1xx_HAL_Driver/Inc -I../Drivers/STM32F1xx_HAL_Driver/Inc/Legacy -I../Drivers/CMSIS/Device/ST/STM32F1xx/Include -I../Drivers/CMSIS/Include -I../Middlewares/Third_Party/FreeRTOS/Source/include -I../Middlewares/Third_Party/FreeRTOS/Source/CMSIS_RTOS -I../Middlewares/Third_Party/FreeRTOS/Source/portable/GCC/ARM_CM3 -O0 -ffunction-sections -fdata-sections -Wall -fstack-usage -MMD -MP -MF"Drivers/STM32F1xx_HAL_Driver/Src/stm32f1xx_hal_gpio_ex.d" -MT"Drivers/STM32F1xx_HAL_Driver/Src/stm32f1xx_hal_gpio_ex.o" --specs=nano.specs -mfloat-abi=soft -mthumb -o "Drivers/STM32F1xx_HAL_Driver/Src/stm32f1xx_hal_gpio_ex.o"
arm-none-eabi-gcc "../Drivers/STM32F1xx_HAL_Driver/Src/stm32f1xx_hal_pwr.c" -mcpu=cortex-m3 -std=gnu11 -g3 -DUSE_HAL_DRIVER -DSTM32F103xB -DDEBUG -c -I../Core/Inc -I"D:/BACKUP/Faculdade/16_Embarcados/Controlador_Temperatura/Controle-de-temperatura/Codigos/controle_temperatura_RTOS/Middlewares/Third_Party/SEGGER/Config" -I"D:/BACKUP/Faculdade/16_Embarcados/Controlador_Temperatura/Controle-de-temperatura/Codigos/controle_temperatura_RTOS/Middlewares/Third_Party/SEGGER/OS" -I"D:/BACKUP/Faculdade/16_Embarcados/Controlador_Temperatura/Controle-de-temperatura/Codigos/controle_temperatura_RTOS/Middlewares/Third_Party/SEGGER/SEGGER" -I../Drivers/STM32F1xx_HAL_Driver/Inc -I../Drivers/STM32F1xx_HAL_Driver/Inc/Legacy -I../Drivers/CMSIS/Device/ST/STM32F1xx/Include -I../Drivers/CMSIS/Include -I../Middlewares/Third_Party/FreeRTOS/Source/include -I../Middlewares/Third_Party/FreeRTOS/Source/CMSIS_RTOS -I../Middlewares/Third_Party/FreeRTOS/Source/portable/GCC/ARM_CM3 -O0 -ffunction-sections -fdata-sections -Wall -fstack-usage -MMD -MP -MF"Drivers/STM32F1xx_HAL_Driver/Src/stm32f1xx_hal_pwr.d" -MT"Drivers/STM32F1xx_HAL_Driver/Src/stm32f1xx_hal_pwr.o" --specs=nano.specs -mfloat-abi=soft -mthumb -o "Drivers/STM32F1xx_HAL_Driver/Src/stm32f1xx_hal_pwr.o"
arm-none-eabi-gcc "../Drivers/STM32F1xx_HAL_Driver/Src/stm32f1xx_hal_rcc.c" -mcpu=cortex-m3 -std=gnu11 -g3 -DUSE_HAL_DRIVER -DSTM32F103xB -DDEBUG -c -I../Core/Inc -I"D:/BACKUP/Faculdade/16_Embarcados/Controlador_Temperatura/Controle-de-temperatura/Codigos/controle_temperatura_RTOS/Middlewares/Third_Party/SEGGER/Config" -I"D:/BACKUP/Faculdade/16_Embarcados/Controlador_Temperatura/Controle-de-temperatura/Codigos/controle_temperatura_RTOS/Middlewares/Third_Party/SEGGER/OS" -I"D:/BACKUP/Faculdade/16_Embarcados/Controlador_Temperatura/Controle-de-temperatura/Codigos/controle_temperatura_RTOS/Middlewares/Third_Party/SEGGER/SEGGER" -I../Drivers/STM32F1xx_HAL_Driver/Inc -I../Drivers/STM32F1xx_HAL_Driver/Inc/Legacy -I../Drivers/CMSIS/Device/ST/STM32F1xx/Include -I../Drivers/CMSIS/Include -I../Middlewares/Third_Party/FreeRTOS/Source/include -I../Middlewares/Third_Party/FreeRTOS/Source/CMSIS_RTOS -I../Middlewares/Third_Party/FreeRTOS/Source/portable/GCC/ARM_CM3 -O0 -ffunction-sections -fdata-sections -Wall -fstack-usage -MMD -MP -MF"Drivers/STM32F1xx_HAL_Driver/Src/stm32f1xx_hal_rcc.d" -MT"Drivers/STM32F1xx_HAL_Driver/Src/stm32f1xx_hal_rcc.o" --specs=nano.specs -mfloat-abi=soft -mthumb -o "Drivers/STM32F1xx_HAL_Driver/Src/stm32f1xx_hal_rcc.o"
arm-none-eabi-gcc "../Drivers/STM32F1xx_HAL_Driver/Src/stm32f1xx_hal_rcc_ex.c" -mcpu=cortex-m3 -std=gnu11 -g3 -DUSE_HAL_DRIVER -DSTM32F103xB -DDEBUG -c -I../Core/Inc -I"D:/BACKUP/Faculdade/16_Embarcados/Controlador_Temperatura/Controle-de-temperatura/Codigos/controle_temperatura_RTOS/Middlewares/Third_Party/SEGGER/Config" -I"D:/BACKUP/Faculdade/16_Embarcados/Controlador_Temperatura/Controle-de-temperatura/Codigos/controle_temperatura_RTOS/Middlewares/Third_Party/SEGGER/OS" -I"D:/BACKUP/Faculdade/16_Embarcados/Controlador_Temperatura/Controle-de-temperatura/Codigos/controle_temperatura_RTOS/Middlewares/Third_Party/SEGGER/SEGGER" -I../Drivers/STM32F1xx_HAL_Driver/Inc -I../Drivers/STM32F1xx_HAL_Driver/Inc/Legacy -I../Drivers/CMSIS/Device/ST/STM32F1xx/Include -I../Drivers/CMSIS/Include -I../Middlewares/Third_Party/FreeRTOS/Source/include -I../Middlewares/Third_Party/FreeRTOS/Source/CMSIS_RTOS -I../Middlewares/Third_Party/FreeRTOS/Source/portable/GCC/ARM_CM3 -O0 -ffunction-sections -fdata-sections -Wall -fstack-usage -MMD -MP -MF"Drivers/STM32F1xx_HAL_Driver/Src/stm32f1xx_hal_rcc_ex.d" -MT"Drivers/STM32F1xx_HAL_Driver/Src/stm32f1xx_hal_rcc_ex.o" --specs=nano.specs -mfloat-abi=soft -mthumb -o "Drivers/STM32F1xx_HAL_Driver/Src/stm32f1xx_hal_rcc_ex.o"
arm-none-eabi-gcc "../Drivers/STM32F1xx_HAL_Driver/Src/stm32f1xx_hal_tim.c" -mcpu=cortex-m3 -std=gnu11 -g3 -DUSE_HAL_DRIVER -DSTM32F103xB -DDEBUG -c -I../Core/Inc -I"D:/BACKUP/Faculdade/16_Embarcados/Controlador_Temperatura/Controle-de-temperatura/Codigos/controle_temperatura_RTOS/Middlewares/Third_Party/SEGGER/Config" -I"D:/BACKUP/Faculdade/16_Embarcados/Controlador_Temperatura/Controle-de-temperatura/Codigos/controle_temperatura_RTOS/Middlewares/Third_Party/SEGGER/OS" -I"D:/BACKUP/Faculdade/16_Embarcados/Controlador_Temperatura/Controle-de-temperatura/Codigos/controle_temperatura_RTOS/Middlewares/Third_Party/SEGGER/SEGGER" -I../Drivers/STM32F1xx_HAL_Driver/Inc -I../Drivers/STM32F1xx_HAL_Driver/Inc/Legacy -I../Drivers/CMSIS/Device/ST/STM32F1xx/Include -I../Drivers/CMSIS/Include -I../Middlewares/Third_Party/FreeRTOS/Source/include -I../Middlewares/Third_Party/FreeRTOS/Source/CMSIS_RTOS -I../Middlewares/Third_Party/FreeRTOS/Source/portable/GCC/ARM_CM3 -O0 -ffunction-sections -fdata-sections -Wall -fstack-usage -MMD -MP -MF"Drivers/STM32F1xx_HAL_Driver/Src/stm32f1xx_hal_tim.d" -MT"Drivers/STM32F1xx_HAL_Driver/Src/stm32f1xx_hal_tim.o" --specs=nano.specs -mfloat-abi=soft -mthumb -o "Drivers/STM32F1xx_HAL_Driver/Src/stm32f1xx_hal_tim.o"
arm-none-eabi-gcc "../Drivers/STM32F1xx_HAL_Driver/Src/stm32f1xx_hal_tim_ex.c" -mcpu=cortex-m3 -std=gnu11 -g3 -DUSE_HAL_DRIVER -DSTM32F103xB -DDEBUG -c -I../Core/Inc -I"D:/BACKUP/Faculdade/16_Embarcados/Controlador_Temperatura/Controle-de-temperatura/Codigos/controle_temperatura_RTOS/Middlewares/Third_Party/SEGGER/Config" -I"D:/BACKUP/Faculdade/16_Embarcados/Controlador_Temperatura/Controle-de-temperatura/Codigos/controle_temperatura_RTOS/Middlewares/Third_Party/SEGGER/OS" -I"D:/BACKUP/Faculdade/16_Embarcados/Controlador_Temperatura/Controle-de-temperatura/Codigos/controle_temperatura_RTOS/Middlewares/Third_Party/SEGGER/SEGGER" -I../Drivers/STM32F1xx_HAL_Driver/Inc -I../Drivers/STM32F1xx_HAL_Driver/Inc/Legacy -I../Drivers/CMSIS/Device/ST/STM32F1xx/Include -I../Drivers/CMSIS/Include -I../Middlewares/Third_Party/FreeRTOS/Source/include -I../Middlewares/Third_Party/FreeRTOS/Source/CMSIS_RTOS -I../Middlewares/Third_Party/FreeRTOS/Source/portable/GCC/ARM_CM3 -O0 -ffunction-sections -fdata-sections -Wall -fstack-usage -MMD -MP -MF"Drivers/STM32F1xx_HAL_Driver/Src/stm32f1xx_hal_tim_ex.d" -MT"Drivers/STM32F1xx_HAL_Driver/Src/stm32f1xx_hal_tim_ex.o" --specs=nano.specs -mfloat-abi=soft -mthumb -o "Drivers/STM32F1xx_HAL_Driver/Src/stm32f1xx_hal_tim_ex.o"
arm-none-eabi-gcc "../Drivers/STM32F1xx_HAL_Driver/Src/stm32f1xx_hal_uart.c" -mcpu=cortex-m3 -std=gnu11 -g3 -DUSE_HAL_DRIVER -DSTM32F103xB -DDEBUG -c -I../Core/Inc -I"D:/BACKUP/Faculdade/16_Embarcados/Controlador_Temperatura/Controle-de-temperatura/Codigos/controle_temperatura_RTOS/Middlewares/Third_Party/SEGGER/Config" -I"D:/BACKUP/Faculdade/16_Embarcados/Controlador_Temperatura/Controle-de-temperatura/Codigos/controle_temperatura_RTOS/Middlewares/Third_Party/SEGGER/OS" -I"D:/BACKUP/Faculdade/16_Embarcados/Controlador_Temperatura/Controle-de-temperatura/Codigos/controle_temperatura_RTOS/Middlewares/Third_Party/SEGGER/SEGGER" -I../Drivers/STM32F1xx_HAL_Driver/Inc -I../Drivers/STM32F1xx_HAL_Driver/Inc/Legacy -I../Drivers/CMSIS/Device/ST/STM32F1xx/Include -I../Drivers/CMSIS/Include -I../Middlewares/Third_Party/FreeRTOS/Source/include -I../Middlewares/Third_Party/FreeRTOS/Source/CMSIS_RTOS -I../Middlewares/Third_Party/FreeRTOS/Source/portable/GCC/ARM_CM3 -O0 -ffunction-sections -fdata-sections -Wall -fstack-usage -MMD -MP -MF"Drivers/STM32F1xx_HAL_Driver/Src/stm32f1xx_hal_uart.d" -MT"Drivers/STM32F1xx_HAL_Driver/Src/stm32f1xx_hal_uart.o" --specs=nano.specs -mfloat-abi=soft -mthumb -o "Drivers/STM32F1xx_HAL_Driver/Src/stm32f1xx_hal_uart.o"
arm-none-eabi-gcc -mcpu=cortex-m3 -g3 -c -I"D:/BACKUP/Faculdade/16_Embarcados/Controlador_Temperatura/Controle-de-temperatura/Codigos/controle_temperatura_RTOS/Middlewares/Third_Party/SEGGER/Config" -x assembler-with-cpp -MMD -MP -MF"Core/Startup/startup_stm32f103c8tx.d" -MT"Core/Startup/startup_stm32f103c8tx.o" --specs=nano.specs -mfloat-abi=soft -mthumb -o "Core/Startup/startup_stm32f103c8tx.o" "../Core/Startup/startup_stm32f103c8tx.s"
arm-none-eabi-gcc "../Core/Src/FIRFilter.c" -mcpu=cortex-m3 -std=gnu11 -g3 -DUSE_HAL_DRIVER -DSTM32F103xB -DDEBUG -c -I../Core/Inc -I"D:/BACKUP/Faculdade/16_Embarcados/Controlador_Temperatura/Controle-de-temperatura/Codigos/controle_temperatura_RTOS/Middlewares/Third_Party/SEGGER/Config" -I"D:/BACKUP/Faculdade/16_Embarcados/Controlador_Temperatura/Controle-de-temperatura/Codigos/controle_temperatura_RTOS/Middlewares/Third_Party/SEGGER/OS" -I"D:/BACKUP/Faculdade/16_Embarcados/Controlador_Temperatura/Controle-de-temperatura/Codigos/controle_temperatura_RTOS/Middlewares/Third_Party/SEGGER/SEGGER" -I../Drivers/STM32F1xx_HAL_Driver/Inc -I../Drivers/STM32F1xx_HAL_Driver/Inc/Legacy -I../Drivers/CMSIS/Device/ST/STM32F1xx/Include -I../Drivers/CMSIS/Include -I../Middlewares/Third_Party/FreeRTOS/Source/include -I../Middlewares/Third_Party/FreeRTOS/Source/CMSIS_RTOS -I../Middlewares/Third_Party/FreeRTOS/Source/portable/GCC/ARM_CM3 -O0 -ffunction-sections -fdata-sections -Wall -fstack-usage -MMD -MP -MF"Core/Src/FIRFilter.d" -MT"Core/Src/FIRFilter.o" --specs=nano.specs -mfloat-abi=soft -mthumb -o "Core/Src/FIRFilter.o"
arm-none-eabi-gcc "../Core/Src/freertos.c" -mcpu=cortex-m3 -std=gnu11 -g3 -DUSE_HAL_DRIVER -DSTM32F103xB -DDEBUG -c -I../Core/Inc -I"D:/BACKUP/Faculdade/16_Embarcados/Controlador_Temperatura/Controle-de-temperatura/Codigos/controle_temperatura_RTOS/Middlewares/Third_Party/SEGGER/Config" -I"D:/BACKUP/Faculdade/16_Embarcados/Controlador_Temperatura/Controle-de-temperatura/Codigos/controle_temperatura_RTOS/Middlewares/Third_Party/SEGGER/OS" -I"D:/BACKUP/Faculdade/16_Embarcados/Controlador_Temperatura/Controle-de-temperatura/Codigos/controle_temperatura_RTOS/Middlewares/Third_Party/SEGGER/SEGGER" -I../Drivers/STM32F1xx_HAL_Driver/Inc -I../Drivers/STM32F1xx_HAL_Driver/Inc/Legacy -I../Drivers/CMSIS/Device/ST/STM32F1xx/Include -I../Drivers/CMSIS/Include -I../Middlewares/Third_Party/FreeRTOS/Source/include -I../Middlewares/Third_Party/FreeRTOS/Source/CMSIS_RTOS -I../Middlewares/Third_Party/FreeRTOS/Source/portable/GCC/ARM_CM3 -O0 -ffunction-sections -fdata-sections -Wall -fstack-usage -MMD -MP -MF"Core/Src/freertos.d" -MT"Core/Src/freertos.o" --specs=nano.specs -mfloat-abi=soft -mthumb -o "Core/Src/freertos.o"
arm-none-eabi-gcc "../Core/Src/main.c" -mcpu=cortex-m3 -std=gnu11 -g3 -DUSE_HAL_DRIVER -DSTM32F103xB -DDEBUG -c -I../Core/Inc -I"D:/BACKUP/Faculdade/16_Embarcados/Controlador_Temperatura/Controle-de-temperatura/Codigos/controle_temperatura_RTOS/Middlewares/Third_Party/SEGGER/Config" -I"D:/BACKUP/Faculdade/16_Embarcados/Controlador_Temperatura/Controle-de-temperatura/Codigos/controle_temperatura_RTOS/Middlewares/Third_Party/SEGGER/OS" -I"D:/BACKUP/Faculdade/16_Embarcados/Controlador_Temperatura/Controle-de-temperatura/Codigos/controle_temperatura_RTOS/Middlewares/Third_Party/SEGGER/SEGGER" -I../Drivers/STM32F1xx_HAL_Driver/Inc -I../Drivers/STM32F1xx_HAL_Driver/Inc/Legacy -I../Drivers/CMSIS/Device/ST/STM32F1xx/Include -I../Drivers/CMSIS/Include -I../Middlewares/Third_Party/FreeRTOS/Source/include -I../Middlewares/Third_Party/FreeRTOS/Source/CMSIS_RTOS -I../Middlewares/Third_Party/FreeRTOS/Source/portable/GCC/ARM_CM3 -O0 -ffunction-sections -fdata-sections -Wall -fstack-usage -MMD -MP -MF"Core/Src/main.d" -MT"Core/Src/main.o" --specs=nano.specs -mfloat-abi=soft -mthumb -o "Core/Src/main.o"
arm-none-eabi-gcc "../Core/Src/stm32f1xx_hal_msp.c" -mcpu=cortex-m3 -std=gnu11 -g3 -DUSE_HAL_DRIVER -DSTM32F103xB -DDEBUG -c -I../Core/Inc -I"D:/BACKUP/Faculdade/16_Embarcados/Controlador_Temperatura/Controle-de-temperatura/Codigos/controle_temperatura_RTOS/Middlewares/Third_Party/SEGGER/Config" -I"D:/BACKUP/Faculdade/16_Embarcados/Controlador_Temperatura/Controle-de-temperatura/Codigos/controle_temperatura_RTOS/Middlewares/Third_Party/SEGGER/OS" -I"D:/BACKUP/Faculdade/16_Embarcados/Controlador_Temperatura/Controle-de-temperatura/Codigos/controle_temperatura_RTOS/Middlewares/Third_Party/SEGGER/SEGGER" -I../Drivers/STM32F1xx_HAL_Driver/Inc -I../Drivers/STM32F1xx_HAL_Driver/Inc/Legacy -I../Drivers/CMSIS/Device/ST/STM32F1xx/Include -I../Drivers/CMSIS/Include -I../Middlewares/Third_Party/FreeRTOS/Source/include -I../Middlewares/Third_Party/FreeRTOS/Source/CMSIS_RTOS -I../Middlewares/Third_Party/FreeRTOS/Source/portable/GCC/ARM_CM3 -O0 -ffunction-sections -fdata-sections -Wall -fstack-usage -MMD -MP -MF"Core/Src/stm32f1xx_hal_msp.d" -MT"Core/Src/stm32f1xx_hal_msp.o" --specs=nano.specs -mfloat-abi=soft -mthumb -o "Core/Src/stm32f1xx_hal_msp.o"
arm-none-eabi-gcc "../Core/Src/stm32f1xx_hal_timebase_tim.c" -mcpu=cortex-m3 -std=gnu11 -g3 -DUSE_HAL_DRIVER -DSTM32F103xB -DDEBUG -c -I../Core/Inc -I"D:/BACKUP/Faculdade/16_Embarcados/Controlador_Temperatura/Controle-de-temperatura/Codigos/controle_temperatura_RTOS/Middlewares/Third_Party/SEGGER/Config" -I"D:/BACKUP/Faculdade/16_Embarcados/Controlador_Temperatura/Controle-de-temperatura/Codigos/controle_temperatura_RTOS/Middlewares/Third_Party/SEGGER/OS" -I"D:/BACKUP/Faculdade/16_Embarcados/Controlador_Temperatura/Controle-de-temperatura/Codigos/controle_temperatura_RTOS/Middlewares/Third_Party/SEGGER/SEGGER" -I../Drivers/STM32F1xx_HAL_Driver/Inc -I../Drivers/STM32F1xx_HAL_Driver/Inc/Legacy -I../Drivers/CMSIS/Device/ST/STM32F1xx/Include -I../Drivers/CMSIS/Include -I../Middlewares/Third_Party/FreeRTOS/Source/include -I../Middlewares/Third_Party/FreeRTOS/Source/CMSIS_RTOS -I../Middlewares/Third_Party/FreeRTOS/Source/portable/GCC/ARM_CM3 -O0 -ffunction-sections -fdata-sections -Wall -fstack-usage -MMD -MP -MF"Core/Src/stm32f1xx_hal_timebase_tim.d" -MT"Core/Src/stm32f1xx_hal_timebase_tim.o" --specs=nano.specs -mfloat-abi=soft -mthumb -o "Core/Src/stm32f1xx_hal_timebase_tim.o"
arm-none-eabi-gcc "../Core/Src/stm32f1xx_it.c" -mcpu=cortex-m3 -std=gnu11 -g3 -DUSE_HAL_DRIVER -DSTM32F103xB -DDEBUG -c -I../Core/Inc -I"D:/BACKUP/Faculdade/16_Embarcados/Controlador_Temperatura/Controle-de-temperatura/Codigos/controle_temperatura_RTOS/Middlewares/Third_Party/SEGGER/Config" -I"D:/BACKUP/Faculdade/16_Embarcados/Controlador_Temperatura/Controle-de-temperatura/Codigos/controle_temperatura_RTOS/Middlewares/Third_Party/SEGGER/OS" -I"D:/BACKUP/Faculdade/16_Embarcados/Controlador_Temperatura/Controle-de-temperatura/Codigos/controle_temperatura_RTOS/Middlewares/Third_Party/SEGGER/SEGGER" -I../Drivers/STM32F1xx_HAL_Driver/Inc -I../Drivers/STM32F1xx_HAL_Driver/Inc/Legacy -I../Drivers/CMSIS/Device/ST/STM32F1xx/Include -I../Drivers/CMSIS/Include -I../Middlewares/Third_Party/FreeRTOS/Source/include -I../Middlewares/Third_Party/FreeRTOS/Source/CMSIS_RTOS -I../Middlewares/Third_Party/FreeRTOS/Source/portable/GCC/ARM_CM3 -O0 -ffunction-sections -fdata-sections -Wall -fstack-usage -MMD -MP -MF"Core/Src/stm32f1xx_it.d" -MT"Core/Src/stm32f1xx_it.o" --specs=nano.specs -mfloat-abi=soft -mthumb -o "Core/Src/stm32f1xx_it.o"
arm-none-eabi-gcc "../Core/Src/syscalls.c" -mcpu=cortex-m3 -std=gnu11 -g3 -DUSE_HAL_DRIVER -DSTM32F103xB -DDEBUG -c -I../Core/Inc -I"D:/BACKUP/Faculdade/16_Embarcados/Controlador_Temperatura/Controle-de-temperatura/Codigos/controle_temperatura_RTOS/Middlewares/Third_Party/SEGGER/Config" -I"D:/BACKUP/Faculdade/16_Embarcados/Controlador_Temperatura/Controle-de-temperatura/Codigos/controle_temperatura_RTOS/Middlewares/Third_Party/SEGGER/OS" -I"D:/BACKUP/Faculdade/16_Embarcados/Controlador_Temperatura/Controle-de-temperatura/Codigos/controle_temperatura_RTOS/Middlewares/Third_Party/SEGGER/SEGGER" -I../Drivers/STM32F1xx_HAL_Driver/Inc -I../Drivers/STM32F1xx_HAL_Driver/Inc/Legacy -I../Drivers/CMSIS/Device/ST/STM32F1xx/Include -I../Drivers/CMSIS/Include -I../Middlewares/Third_Party/FreeRTOS/Source/include -I../Middlewares/Third_Party/FreeRTOS/Source/CMSIS_RTOS -I../Middlewares/Third_Party/FreeRTOS/Source/portable/GCC/ARM_CM3 -O0 -ffunction-sections -fdata-sections -Wall -fstack-usage -MMD -MP -MF"Core/Src/syscalls.d" -MT"Core/Src/syscalls.o" --specs=nano.specs -mfloat-abi=soft -mthumb -o "Core/Src/syscalls.o"
arm-none-eabi-gcc "../Core/Src/sysmem.c" -mcpu=cortex-m3 -std=gnu11 -g3 -DUSE_HAL_DRIVER -DSTM32F103xB -DDEBUG -c -I../Core/Inc -I"D:/BACKUP/Faculdade/16_Embarcados/Controlador_Temperatura/Controle-de-temperatura/Codigos/controle_temperatura_RTOS/Middlewares/Third_Party/SEGGER/Config" -I"D:/BACKUP/Faculdade/16_Embarcados/Controlador_Temperatura/Controle-de-temperatura/Codigos/controle_temperatura_RTOS/Middlewares/Third_Party/SEGGER/OS" -I"D:/BACKUP/Faculdade/16_Embarcados/Controlador_Temperatura/Controle-de-temperatura/Codigos/controle_temperatura_RTOS/Middlewares/Third_Party/SEGGER/SEGGER" -I../Drivers/STM32F1xx_HAL_Driver/Inc -I../Drivers/STM32F1xx_HAL_Driver/Inc/Legacy -I../Drivers/CMSIS/Device/ST/STM32F1xx/Include -I../Drivers/CMSIS/Include -I../Middlewares/Third_Party/FreeRTOS/Source/include -I../Middlewares/Third_Party/FreeRTOS/Source/CMSIS_RTOS -I../Middlewares/Third_Party/FreeRTOS/Source/portable/GCC/ARM_CM3 -O0 -ffunction-sections -fdata-sections -Wall -fstack-usage -MMD -MP -MF"Core/Src/sysmem.d" -MT"Core/Src/sysmem.o" --specs=nano.specs -mfloat-abi=soft -mthumb -o "Core/Src/sysmem.o"
arm-none-eabi-gcc "../Core/Src/system_stm32f1xx.c" -mcpu=cortex-m3 -std=gnu11 -g3 -DUSE_HAL_DRIVER -DSTM32F103xB -DDEBUG -c -I../Core/Inc -I"D:/BACKUP/Faculdade/16_Embarcados/Controlador_Temperatura/Controle-de-temperatura/Codigos/controle_temperatura_RTOS/Middlewares/Third_Party/SEGGER/Config" -I"D:/BACKUP/Faculdade/16_Embarcados/Controlador_Temperatura/Controle-de-temperatura/Codigos/controle_temperatura_RTOS/Middlewares/Third_Party/SEGGER/OS" -I"D:/BACKUP/Faculdade/16_Embarcados/Controlador_Temperatura/Controle-de-temperatura/Codigos/controle_temperatura_RTOS/Middlewares/Third_Party/SEGGER/SEGGER" -I../Drivers/STM32F1xx_HAL_Driver/Inc -I../Drivers/STM32F1xx_HAL_Driver/Inc/Legacy -I../Drivers/CMSIS/Device/ST/STM32F1xx/Include -I../Drivers/CMSIS/Include -I../Middlewares/Third_Party/FreeRTOS/Source/include -I../Middlewares/Third_Party/FreeRTOS/Source/CMSIS_RTOS -I../Middlewares/Third_Party/FreeRTOS/Source/portable/GCC/ARM_CM3 -O0 -ffunction-sections -fdata-sections -Wall -fstack-usage -MMD -MP -MF"Core/Src/system_stm32f1xx.d" -MT"Core/Src/system_stm32f1xx.o" --specs=nano.specs -mfloat-abi=soft -mthumb -o "Core/Src/system_stm32f1xx.o"
arm-none-eabi-gcc -o "controle_temperatura_RTOS.elf" @"objects.list"   -mcpu=cortex-m3 -T"D:\BACKUP\Faculdade\16_Embarcados\Controlador_Temperatura\Controle-de-temperatura\Codigos\controle_temperatura_RTOS\STM32F103C8TX_FLASH.ld" --specs=nosys.specs -Wl,-Map="controle_temperatura_RTOS.map" -Wl,--gc-sections -static --specs=nano.specs -mfloat-abi=soft -mthumb -Wl,--start-group -lc -lm -Wl,--end-group
Finished building target: controle_temperatura_RTOS.elf
 
arm-none-eabi-size   controle_temperatura_RTOS.elf 
arm-none-eabi-objdump -h -S  controle_temperatura_RTOS.elf  > "controle_temperatura_RTOS.list"
arm-none-eabi-objcopy  -O binary  controle_temperatura_RTOS.elf  "controle_temperatura_RTOS.bin"
   text	   data	    bss	    dec	    hex	filename
  35840	    144	  17816	  53800	   d228	controle_temperatura_RTOS.elf
Finished building: default.size.stdout
 
Finished building: controle_temperatura_RTOS.bin
 
Finished building: controle_temperatura_RTOS.list
 

17:05:19 Build Finished. 0 errors, 0 warnings. (took 6s.938ms)

