21:35:18 **** Incremental Build of configuration Debug for project log_test ****
make -j8 all 
arm-none-eabi-gcc "../Core/Src/main.c" -mcpu=cortex-m3 -std=gnu11 -g3 -DUSE_HAL_DRIVER -DSTM32F103xB -DDEBUG -c -I../Core/Inc -I../Drivers/STM32F1xx_HAL_Driver/Inc -I../Drivers/STM32F1xx_HAL_Driver/Inc/Legacy -I../Drivers/CMSIS/Device/ST/STM32F1xx/Include -I../Drivers/CMSIS/Include -O0 -ffunction-sections -fdata-sections -Wall -fstack-usage -MMD -MP -MF"Core/Src/main.d" -MT"Core/Src/main.o" --specs=nano.specs -mfloat-abi=soft -mthumb -o "Core/Src/main.o"
arm-none-eabi-gcc -o "log_test.elf" @"objects.list"   -mcpu=cortex-m3 -T"D:\BOMBAJA_REPO\log_test\STM32F103C8TX_FLASH.ld" --specs=nosys.specs -Wl,-Map="log_test.map" -Wl,--gc-sections -static --specs=nano.specs -mfloat-abi=soft -mthumb -Wl,--start-group -lc -lm -Wl,--end-group
Finished building target: log_test.elf
 
arm-none-eabi-objdump -h -S  log_test.elf  > "log_test.list"
arm-none-eabi-objcopy  -O binary  log_test.elf  "log_test.bin"
arm-none-eabi-size   log_test.elf 
   text	   data	    bss	    dec	    hex	filename
   7104	     20	   1652	   8776	   2248	log_test.elf
Finished building: default.size.stdout
 
Finished building: log_test.bin
 
Finished building: log_test.list
 

21:35:23 Build Finished. 0 errors, 0 warnings. (took 5s.91ms)

