16:41:26 **** Incremental Build of configuration Debug for project Rear_ECU ****
make -j8 all 
arm-none-eabi-gcc "../Core/Src/main.c" -mcpu=cortex-m3 -std=gnu11 -g3 -DUSE_HAL_DRIVER -DSTM32F103xB -DDEBUG -c -I../Middlewares/Third_Party/FreeRTOS/Source/include -I../Drivers/CMSIS/Device/ST/STM32F1xx/Include -I../Drivers/CMSIS/Include -I../Core/Inc -I../Drivers/STM32F1xx_HAL_Driver/Inc/Legacy -I../Drivers/STM32F1xx_HAL_Driver/Inc -I../Middlewares/Third_Party/FreeRTOS/Source/CMSIS_RTOS -I../Middlewares/Third_Party/FreeRTOS/Source/portable/GCC/ARM_CM3 -O0 -ffunction-sections -fdata-sections -Wall -fstack-usage -MMD -MP -MF"Core/Src/main.d" -MT"Core/Src/main.o" --specs=nano.specs -mfloat-abi=soft -mthumb -o "Core/Src/main.o"
arm-none-eabi-gcc -o "Rear_ECU.elf" @"objects.list"   -mcpu=cortex-m3 -T"D:\BOMBAJA_REPO\Rear_ECU\STM32F103C8TX_FLASH.ld" --specs=nosys.specs -Wl,-Map="Rear_ECU.map" -Wl,--gc-sections -static --specs=nano.specs -mfloat-abi=soft -mthumb -Wl,--start-group -lc -lm -Wl,--end-group
Finished building target: Rear_ECU.elf
 
arm-none-eabi-objdump -h -S  Rear_ECU.elf  > "Rear_ECU.list"
arm-none-eabi-objcopy  -O ihex  Rear_ECU.elf  "Rear_ECU.hex"
arm-none-eabi-objcopy  -O binary  Rear_ECU.elf  "Rear_ECU.bin"
arm-none-eabi-size   Rear_ECU.elf 
   text	   data	    bss	    dec	    hex	filename
  21768	     24	  13056	  34848	   8820	Rear_ECU.elf
Finished building: default.size.stdout
 
Finished building: Rear_ECU.bin
Finished building: Rear_ECU.hex
 
 
Finished building: Rear_ECU.list
 

16:41:29 Build Finished. 0 errors, 0 warnings. (took 2s.849ms)

